05-10 17:00:53.530 11312 13678 I MediaCodec: [mId: 1] [video-debug-dec] onReleaseOutputBuffer index 0 pts: 1000010000000 ptsdiff: 1700000 timediff: 160 render: 1
05-10 17:00:53.539 11312 13720 I MediaCodec: [mId: 1] [video-debug-dec] queueInputBuffer: index: 2 pts: 1000010033333 timediff: 20
05-10 17:00:53.564 11312 13720 I MediaCodec: [mId: 1] [video-debug-dec] queueInputBuffer: index: 3 pts: 1000010033333 timediff: 25
05-10 17:00:53.568 11312 13720 I MediaCodec: [mId: 1] [video-debug-dec] queueInputBuffer: index: 0 pts: 1000010033333 timediff: 3
05-10 17:00:53.639 11312 13678 W MediaCodec: [mId: 1] [video-debug-dec] onReleaseOutputBuffer: Render time interval reaches 109ms before pts: 1000010033333
05-10 17:00:53.639 11312 13678 I MediaCodec: [mId: 1] [video-debug-dec] onReleaseOutputBuffer index 1 pts: 1000010033333 ptsdiff: 33333 timediff: 109 render: 1
05-10 17:00:53.642 11312 13720 I MediaCodec: [mId: 1] [video-debug-dec] queueInputBuffer: index: 2 pts: 1000010066666 timediff: 60
05-10 17:00:53.643 11312 13720 I MediaCodec: [mId: 1] [video-debug-dec] queueInputBuffer: index: 3 pts: 1000010066666 timediff: 1
05-10 17:00:53.662 11312 13720 I MediaCodec: [mId: 1] [video-debug-dec] queueInputBuffer: index: 0 pts: 1000010066666 timediff: 19
05-10 17:00:53.755 11312 13678 W MediaCodec: [mId: 1] [video-debug-dec] onReleaseOutputBuffer: Render time interval reaches 116ms before pts: 1000010066666
05-10 17:00:53.755 11312 13678 I MediaCodec: [mId: 1] [video-debug-dec] onReleaseOutputBuffer index 1 pts: 1000010066666 ptsdiff: 33333 timediff: 116 render: 1
05-10 17:00:53.761 11312 13720 I MediaCodec: [mId: 1] [video-debug-dec] queueInputBuffer: index: 1 pts: 1000010100000 timediff: 14
05-10 17:00:53.782 11312 13720 I MediaCodec: [mId: 1] [video-debug-dec] queueInputBuffer: index: 2 pts: 1000010100000 timediff: 20
05-10 17:00:53.792 11312 13720 I MediaCodec: [mId: 1] [video-debug-dec] queueInputBuffer: index: 3 pts: 1000010100000 timediff: 8
05-10 17:00:53.883 11312 13678 W MediaCodec: [mId: 1] [video-debug-dec] onReleaseOutputBuffer: Render time interval reaches 127ms before pts: 1000010100000
05-10 17:00:53.883 11312 13678 I MediaCodec: [mId: 1] [video-debug-dec] onReleaseOutputBuffer index 0 pts: 1000010100000 ptsdiff: 33334 timediff: 127 render: 1
05-10 17:00:53.890 11312 13720 I MediaCodec: [mId: 1] [video-debug-dec] queueInputBuffer: index: 2 pts: 1000010133333 timediff: 42
05-10 17:00:53.934 11312 13720 I MediaCodec: [mId: 1] [video-debug-dec] queueInputBuffer: index: 3 pts: 1000010133333 timediff: 44
05-10 17:00:53.960 11312 13720 I MediaCodec: [mId: 1] [video-debug-dec] queueInputBuffer: index: 0 pts: 1000010133333 timediff: 26
05-10 17:00:54.003 11312 13678 W MediaCodec: [mId: 1] [video-debug-dec] onReleaseOutputBuffer: Render time interval reaches 121ms before pts: 1000010100000
05-10 17:00:54.003 11312 13678 I MediaCodec: [mId: 1] [video-debug-dec] onReleaseOutputBuffer index 0 pts: 1000010100000 ptsdiff: 0 timediff: 121 render: 1
05-10 17:00:54.008 11312 13720 I MediaCodec: [mId: 1] [video-debug-dec] queueInputBuffer: index: 2 pts: 1000010133333 timediff: 20
05-10 17:00:54.026 11312 13720 I MediaCodec: [mId: 1] [video-debug-dec] queueInputBuffer: index: 3 pts: 1000010133333 timediff: 18
05-10 17:00:54.055 11312 13720 I MediaCodec: [mId: 1] [video-debug-dec] queueInputBuffer: index: 0 pts: 1000010133333 timediff: 29
05-10 17:00:54.119 11312 13678 W MediaCodec: [mId: 1] [video-debug-dec] onReleaseOutputBuffer: Render time interval reaches 116ms before pts: 1000010133333
05-10 17:00:54.119 11312 13678 I MediaCodec: [mId: 1] [video-debug-dec] onReleaseOutputBuffer index 0 pts: 1000010133333 ptsdiff: 33333 timediff: 116 render: 1
05-10 17:00:54.129 11312 13720 I MediaCodec: [mId: 1] [video-debug-dec] queueInputBuffer: index: 3 pts: 1000010166666 timediff: 39
05-10 17:00:54.142 11312 13720 I MediaCodec: [mId: 1] [video-debug-dec] queueInputBuffer: index: 0 pts: 1000010166666 timediff: 12
05-10 17:00:54.151 11312 13720 I MediaCodec: [mId: 1] [video-debug-dec] queueInputBuffer: index: 1 pts: 1000010166666 timediff: 10
05-10 17:00:54.256 11312 13678 W MediaCodec: [mId: 1] [video-debug-dec] onReleaseOutputBuffer: Render time interval reaches 137ms before pts: 1000010166666
05-10 17:00:54.256 11312 13678 I MediaCodec: [mId: 1] [video-debug-dec] onReleaseOutputBuffer index 0 pts: 1000010166666 ptsdiff: 33333 timediff: 137 render: 1
05-10 17:00:54.260 11312 13720 I MediaCodec: [mId: 1] [video-debug-dec] queueInputBuffer: index: 2 pts: 1000010200000 timediff: 40
05-10 17:00:54.262 11312 13720 I MediaCodec: [mId: 1] [video-debug-dec] queueInputBuffer: index: 3 pts: 1000010200000 timediff: 2
05-10 17:00:54.278 11312 13720 I MediaCodec: [mId: 1] [video-debug-dec] queueInputBuffer: index: 0 pts: 1000010200000 timediff: 15
05-10 17:00:54.367 11312 13678 W MediaCodec: [mId: 1] [video-debug-dec] onReleaseOutputBuffer: Render time interval reaches 111ms before pts: 1000010200000
05-10 17:00:54.367 11312 13678 I MediaCodec: [mId: 1] [video-debug-dec] onReleaseOutputBuffer index 0 pts: 1000010200000 ptsdiff: 33334 timediff: 111 render: 1
05-10 17:00:54.369 11312 13720 I MediaCodec: [mId: 1] [video-debug-dec] queueInputBuffer: index: 2 pts: 1000010233333 timediff: 9
05-10 17:00:54.390 11312 13720 I MediaCodec: [mId: 1] [video-debug-dec] queueInputBuffer: index: 3 pts: 1000010233333 timediff: 21
05-10 17:00:54.392 11312 13720 I MediaCodec: [mId: 1] [video-debug-dec] queueInputBuffer: index: 0 pts: 1000010233333 timediff: 1
05-10 17:00:54.479 11312 13678 W MediaCodec: [mId: 1] [video-debug-dec] onReleaseOutputBuffer: Render time interval reaches 112ms before pts: 1000010233333
05-10 17:00:54.480 11312 13678 I MediaCodec: [mId: 1] [video-debug-dec] onReleaseOutputBuffer index 0 pts: 1000010233333 ptsdiff: 33333 timediff: 112 render: 1
05-10 17:00:54.485 11312 13720 I MediaCodec: [mId: 1] [video-debug-dec] queueInputBuffer: index: 0 pts: 1000010233333 timediff: 29
05-10 17:00:54.500 11312 13720 I MediaCodec: [mId: 1] [video-debug-dec] queueInputBuffer: index: 1 pts: 1000010266666 timediff: 15
05-10 17:00:54.529 11312 13720 I MediaCodec: [mId: 1] [video-debug-dec] queueInputBuffer: index: 2 pts: 1000010266666 timediff: 28
05-10 17:00:54.592 11312 13678 W MediaCodec: [mId: 1] [video-debug-dec] onReleaseOutputBuffer: Render time interval reaches 109ms before pts: 1000010266666
05-10 17:00:54.592 11312 13678 I MediaCodec: [mId: 1] [video-debug-dec] onReleaseOutputBuffer index 0 pts: 1000010266666 ptsdiff: 33333 timediff: 109 render: 1
05-10 17:00:54.597 11312 13720 I MediaCodec: [mId: 1] [video-debug-dec] queueInputBuffer: index: 0 pts: 1000010266666 timediff: 10
05-10 17:00:54.598 11312 13720 I MediaCodec: [mId: 1] [video-debug-dec] queueInputBuffer: index: 1 pts: 1000010300000 timediff: 1
05-10 17:00:54.615 11312 13720 I MediaCodec: [mId: 1] [video-debug-dec] queueInputBuffer: index: 2 pts: 1000010300000 timediff: 17
05-10 17:00:54.707 11312 13678 W MediaCodec: [mId: 1] [video-debug-dec] onReleaseOutputBuffer: Render time interval reaches 115ms before pts: 1000010266666
05-10 17:00:54.707 11312 13678 I MediaCodec: [mId: 1] [video-debug-dec] onReleaseOutputBuffer index 0 pts: 1000010266666 ptsdiff: 0 timediff: 115 render: 1
05-10 17:00:54.717 11312 13720 I MediaCodec: [mId: 1] [video-debug-dec] queueInputBuffer: index: 2 pts: 1000010300000 timediff: 32
05-10 17:00:54.744 11312 13720 I MediaCodec: [mId: 1] [video-debug-dec] queueInputBuffer: index: 3 pts: 1000010300000 timediff: 24
05-10 17:00:54.766 11312 13720 I MediaCodec: [mId: 1] [video-debug-dec] queueInputBuffer: index: 0 pts: 1000010300000 timediff: 21
05-10 17:00:54.821 11312 13678 W MediaCodec: [mId: 1] [video-debug-dec] onReleaseOutputBuffer: Render time interval reaches 113ms before pts: 1000010300000
05-10 17:00:54.821 11312 13678 I MediaCodec: [mId: 1] [video-debug-dec] onReleaseOutputBuffer index 0 pts: 1000010300000 ptsdiff: 33334 timediff: 114 render: 1
05-10 17:00:54.833 11312 13720 I MediaCodec: [mId: 1] [video-debug-dec] queueInputBuffer: index: 2 pts: 1000010333333 timediff: 43
05-10 17:00:54.846 11312 13720 I MediaCodec: [mId: 1] [video-debug-dec] queueInputBuffer: index: 3 pts: 1000010333333 timediff: 9
05-10 17:00:54.850 11312 13720 I MediaCodec: [mId: 1] [video-debug-dec] queueInputBuffer: index: 0 pts: 1000010333333 timediff: 4
05-10 17:00:54.947 11312 13678 W MediaCodec: [mId: 1] [video-debug-dec] onReleaseOutputBuffer: Render time interval reaches 126ms before pts: 1000010333333
05-10 17:00:54.948 11312 13678 I MediaCodec: [mId: 1] [video-debug-dec] onReleaseOutputBuffer index 0 pts: 1000010333333 ptsdiff: 33333 timediff: 127 render: 1
05-10 17:00:54.957 11312 13720 I MediaCodec: [mId: 1] [video-debug-dec] queueInputBuffer: index: 0 pts: 1000010333333 timediff: 33
05-10 17:00:54.986 11312 13720 I MediaCodec: [mId: 1] [video-debug-dec] queueInputBuffer: index: 1 pts: 1000010366666 timediff: 29
05-10 17:00:55.008 11312 13720 I MediaCodec: [mId: 1] [video-debug-dec] queueInputBuffer: index: 2 pts: 1000010366666 timediff: 19
05-10 17:00:55.058 11312 13678 W MediaCodec: [mId: 1] [video-debug-dec] onReleaseOutputBuffer: Render time interval reaches 109ms before pts: 1000010333333
05-10 17:00:55.058 11312 13678 I MediaCodec: [mId: 1] [video-debug-dec] onReleaseOutputBuffer index 0 pts: 1000010333333 ptsdiff: 0 timediff: 109 render: 1
05-10 17:00:55.070 11312 13720 I MediaCodec: [mId: 1] [video-debug-dec] queueInputBuffer: index: 0 pts: 1000010366666 timediff: 17
05-10 17:00:55.103 11312 13720 I MediaCodec: [mId: 1] [video-debug-dec] queueInputBuffer: index: 1 pts: 1000010366666 timediff: 33
05-10 17:00:55.126 11312 13720 I MediaCodec: [mId: 1] [video-debug-dec] queueInputBuffer: index: 2 pts: 1000010366666 timediff: 23
05-10 17:00:55.166 11312 13678 W MediaCodec: [mId: 1] [video-debug-dec] onReleaseOutputBuffer: Render time interval reaches 108ms before pts: 1000010366666
05-10 17:00:55.166 11312 13678 I MediaCodec: [mId: 1] [video-debug-dec] onReleaseOutputBuffer index 0 pts: 1000010366666 ptsdiff: 33333 timediff: 108 render: 1
05-10 17:00:55.178 11312 13720 I MediaCodec: [mId: 1] [video-debug-dec] queueInputBuffer: index: 0 pts: 1000010366666 timediff: 32
05-10 17:00:55.225 11312 13720 I MediaCodec: [mId: 1] [video-debug-dec] queueInputBuffer: index: 1 pts: 1000010400000 timediff: 47
05-10 17:00:55.243 11312 13720 I MediaCodec: [mId: 1] [video-debug-dec] queueInputBuffer: index: 2 pts: 1000010400000 timediff: 18
05-10 17:00:55.290 11312 13678 W MediaCodec: [mId: 1] [video-debug-dec] onReleaseOutputBuffer: Render time interval reaches 124ms before pts: 1000010366666
05-10 17:00:55.290 11312 13678 I MediaCodec: [mId: 1] [video-debug-dec] onReleaseOutputBuffer index 0 pts: 1000010366666 ptsdiff: 0 timediff: 124 render: 1
05-10 17:00:55.292 11312 13720 I MediaCodec: [mId: 1] [video-debug-dec] queueInputBuffer: index: 0 pts: 1000010400000 timediff: 17
05-10 17:00:55.323 11312 13720 I MediaCodec: [mId: 1] [video-debug-dec] queueInputBuffer: index: 1 pts: 1000010400000 timediff: 31
05-10 17:00:55.362 11312 13720 I MediaCodec: [mId: 1] [video-debug-dec] queueInputBuffer: index: 2 pts: 1000010400000 timediff: 39
05-10 17:00:55.406 11312 13678 W MediaCodec: [mId: 1] [video-debug-dec] onReleaseOutputBuffer: Render time interval reaches 116ms before pts: 1000010400000
05-10 17:00:55.406 11312 13678 I MediaCodec: [mId: 1] [video-debug-dec] onReleaseOutputBuffer index 0 pts: 1000010400000 ptsdiff: 33334 timediff: 116 render: 1
05-10 17:00:55.412 11312 13720 I MediaCodec: [mId: 1] [video-debug-dec] queueInputBuffer: index: 0 pts: 1000010433333 timediff: 23
05-10 17:00:55.419 11312 13720 I MediaCodec: [mId: 1] [video-debug-dec] queueInputBuffer: index: 1 pts: 1000010433333 timediff: 7
05-10 17:00:55.428 11312 13720 I MediaCodec: [mId: 1] [video-debug-dec] queueInputBuffer: index: 2 pts: 1000010433333 timediff: 8
05-10 17:00:55.439 11312 13678 D MediaCodec: [0x6f4a6ae900] setState: 7
05-10 17:00:55.440 11312 13678 I MediaCodec: [mId: 1] [video-debug-dec] setState: FLUSHING
05-10 17:00:55.445 11312 13678 D MediaCodec: [0x6f4a6ae900] setState: 8
05-10 17:00:55.445 11312 13678 I MediaCodec: [mId: 1] [video-debug-dec] setState: FLUSHED
05-10 17:00:55.446 11312 13674 D MediaCodec: keep callback message for reclaim
05-10 17:00:55.446 11312 13678 D MediaCodec: [0x6f4a6ae900] setState: 6
05-10 17:00:55.446 11312 13678 I MediaCodec: [mId: 1] [video-debug-dec] setState: STARTED
05-10 17:00:55.570 11312 13678 W MediaCodec: [mId: 1] [video-debug-dec] onReleaseOutputBuffer: Render time interval reaches 164ms before pts: 1000012000000
05-10 17:00:55.570 11312 13678 I MediaCodec: [mId: 1] [video-debug-dec] onReleaseOutputBuffer index 0 pts: 1000012000000 ptsdiff: 1600000 timediff: 164 render: 1
05-10 17:00:55.581 11312 13720 I MediaCodec: [mId: 1] [video-debug-dec] queueInputBuffer: index: 2 pts: 1000012033333 timediff: 41
05-10 17:00:55.610 11312 13720 I MediaCodec: [mId: 1] [video-debug-dec] queueInputBuffer: index: 3 pts: 1000012033333 timediff: 28
05-10 17:00:55.653 11312 13720 I MediaCodec: [mId: 1] [video-debug-dec] queueInputBuffer: index: 0 pts: 1000012033333 timediff: 43
05-10 17:00:55.687 11312 13678 W MediaCodec: [mId: 1] [video-debug-dec] onReleaseOutputBuffer: Render time interval reaches 116ms before pts: 1000012033333
05-10 17:00:55.687 11312 13678 I MediaCodec: [mId: 1] [video-debug-dec] onReleaseOutputBuffer index 0 pts: 1000012033333 ptsdiff: 33333 timediff: 117 render: 1
05-10 17:00:55.698 11312 13720 I MediaCodec: [mId: 1] [video-debug-dec] queueInputBuffer: index: 3 pts: 1000012066666 timediff: 22
05-10 17:00:55.723 11312 13720 I MediaCodec: [mId: 1] [video-debug-dec] queueInputBuffer: index: 0 pts: 1000012066666 timediff: 25
05-10 17:00:55.744 11312 13720 I MediaCodec: [mId: 1] [video-debug-dec] queueInputBuffer: index: 1 pts: 1000012066666 timediff: 21
05-10 17:00:55.804 11312 13678 W MediaCodec: [mId: 1] [video-debug-dec] onReleaseOutputBuffer: Render time interval reaches 117ms before pts: 1000012066666
05-10 17:00:55.804 11312 13678 I MediaCodec: [mId: 1] [video-debug-dec] onReleaseOutputBuffer index 0 pts: 1000012066666 ptsdiff: 33333 timediff: 117 render: 1
05-10 17:00:55.814 11312 13720 I MediaCodec: [mId: 1] [video-debug-dec] queueInputBuffer: index: 3 pts: 1000012066666 timediff: 53
05-10 17:00:55.840 11312 13720 I MediaCodec: [mId: 1] [video-debug-dec] queueInputBuffer: index: 0 pts: 1000012066666 timediff: 26
05-10 17:00:55.841 11312 13720 I MediaCodec: [mId: 1] [video-debug-dec] queueInputBuffer: index: 1 pts: 1000012100000 timediff: 1
05-10 17:00:55.934 11312 13678 W MediaCodec: [mId: 1] [video-debug-dec] onReleaseOutputBuffer: Render time interval reaches 129ms before pts: 1000012100000
05-10 17:00:55.934 11312 13678 I MediaCodec: [mId: 1] [video-debug-dec] onReleaseOutputBuffer index 0 pts: 1000012100000 ptsdiff: 33334 timediff: 130 render: 1
05-10 17:00:55.937 11312 13720 I MediaCodec: [mId: 1] [video-debug-dec] queueInputBuffer: index: 3 pts: 1000012133333 timediff: 32
05-10 17:00:55.955 11312 13720 I MediaCodec: [mId: 1] [video-debug-dec] queueInputBuffer: index: 0 pts: 1000012133333 timediff: 18
05-10 17:00:55.976 11312 13720 I MediaCodec: [mId: 1] [video-debug-dec] queueInputBuffer: index: 1 pts: 1000012133333 timediff: 21
05-10 17:00:56.047 11312 13678 W MediaCodec: [mId: 1] [video-debug-dec] onReleaseOutputBuffer: Render time interval reaches 113ms before pts: 1000012100000
05-10 17:00:56.047 11312 13678 I MediaCodec: [mId: 1] [video-debug-dec] onReleaseOutputBuffer index 0 pts: 1000012100000 ptsdiff: 0 timediff: 113 render: 1
05-10 17:00:56.060 11312 13720 I MediaCodec: [mId: 1] [video-debug-dec] queueInputBuffer: index: 2 pts: 1000012133333 timediff: 84
05-10 17:00:56.067 11312 13720 I MediaCodec: [mId: 1] [video-debug-dec] queueInputBuffer: index: 3 pts: 1000012133333 timediff: 7
05-10 17:00:56.084 11312 13720 I MediaCodec: [mId: 1] [video-debug-dec] queueInputBuffer: index: 0 pts: 1000012133333 timediff: 17
05-10 17:00:56.165 11312 13678 W MediaCodec: [mId: 1] [video-debug-dec] onReleaseOutputBuffer: Render time interval reaches 118ms before pts: 1000012133333
05-10 17:00:56.165 11312 13678 I MediaCodec: [mId: 1] [video-debug-dec] onReleaseOutputBuffer index 0 pts: 1000012133333 ptsdiff: 33333 timediff: 118 render: 1
05-10 17:00:56.170 11312 13720 I MediaCodec: [mId: 1] [video-debug-dec] queueInputBuffer: index: 0 pts: 1000012166666 timediff: 34
05-10 17:00:56.180 11312 13720 I MediaCodec: [mId: 1] [video-debug-dec] queueInputBuffer: index: 1 pts: 1000012166666 timediff: 10
05-10 17:00:56.187 11312 13720 I MediaCodec: [mId: 1] [video-debug-dec] queueInputBuffer: index: 2 pts: 1000012166666 timediff: 6
05-10 17:00:56.232 11312 13678 I MediaCodec: [mId: 1] [video-debug-dec] Stats over last 5001ms:
05-10 17:00:56.232 11312 13678 I MediaCodec: [mId: 1] [video-debug-dec] ClientName: top.bienvenido.saas.i18n ComponentName: c2.android.avc.decoder
05-10 17:00:56.232 11312 13678 I MediaCodec: [mId: 1] [video-debug-dec] Qinput: 221, DQinput: 0 success out of 0 tries
05-10 17:00:56.232 11312 13678 I MediaCodec: [mId: 1] [video-debug-dec] Render: 41, Drop: 162, DQoutput: 0 success out of 0 tries
05-10 17:00:56.232 11312 13678 I MediaCodec: [mId: 1] [video-debug-dec] Avg Input Interval: 22ms, Avg Render Interval: 121ms
05-10 17:00:56.293 11312 13678 W MediaCodec: [mId: 1] [video-debug-dec] onReleaseOutputBuffer: Render time interval reaches 128ms before pts: 1000012166666
05-10 17:00:56.293 11312 13678 I MediaCodec: [mId: 1] [video-debug-dec] onReleaseOutputBuffer index 0 pts: 1000012166666 ptsdiff: 33333 timediff: 128 render: 1
05-10 17:00:56.295 11312 13720 I MediaCodec: [mId: 1] [video-debug-dec] queueInputBuffer: index: 3 pts: 1000012200000 timediff: 34
05-10 17:00:56.306 11312 13720 I MediaCodec: [mId: 1] [video-debug-dec] queueInputBuffer: index: 0 pts: 1000012200000 timediff: 8
05-10 17:00:56.327 11312 13720 I MediaCodec: [mId: 1] [video-debug-dec] queueInputBuffer: index: 1 pts: 1000012200000 timediff: 21
05-10 17:00:56.399 11312 13678 W MediaCodec: [mId: 1] [video-debug-dec] onReleaseOutputBuffer: Render time interval reaches 105ms before pts: 1000012166666
05-10 17:00:56.399 11312 13678 I MediaCodec: [mId: 1] [video-debug-dec] onReleaseOutputBuffer index 0 pts: 1000012166666 ptsdiff: 0 timediff: 106 render: 1
05-10 17:00:56.402 11312 13720 I MediaCodec: [mId: 1] [video-debug-dec] queueInputBuffer: index: 0 pts: 1000012200000 timediff: 23
05-10 17:00:56.420 11312 13720 I MediaCodec: [mId: 1] [video-debug-dec] queueInputBuffer: index: 1 pts: 1000012200000 timediff: 17
05-10 17:00:56.433 11312 13720 I MediaCodec: [mId: 1] [video-debug-dec] queueInputBuffer: index: 2 pts: 1000012200000 timediff: 13
05-10 17:00:56.506 11312 13678 W MediaCodec: [mId: 1] [video-debug-dec] onReleaseOutputBuffer: Render time interval reaches 107ms before pts: 1000012200000
05-10 17:00:56.506 11312 13678 I MediaCodec: [mId: 1] [video-debug-dec] onReleaseOutputBuffer index 2 pts: 1000012200000 ptsdiff: 33334 timediff: 107 render: 1
05-10 17:00:56.512 11312 13720 I MediaCodec: [mId: 1] [video-debug-dec] queueInputBuffer: index: 0 pts: 1000012233333 timediff: 12
05-10 17:00:56.541 11312 13720 I MediaCodec: [mId: 1] [video-debug-dec] queueInputBuffer: index: 1 pts: 1000012233333 timediff: 29
05-10 17:00:56.550 11312 13720 I MediaCodec: [mId: 1] [video-debug-dec] queueInputBuffer: index: 2 pts: 1000012233333 timediff: 6
05-10 17:00:56.622 11312 13678 W MediaCodec: [mId: 1] [video-debug-dec] onReleaseOutputBuffer: Render time interval reaches 116ms before pts: 1000012233333
05-10 17:00:56.622 11312 13678 I MediaCodec: [mId: 1] [video-debug-dec] onReleaseOutputBuffer index 0 pts: 1000012233333 ptsdiff: 33333 timediff: 116 render: 1
05-10 17:00:56.624 11312 13720 I MediaCodec: [mId: 1] [video-debug-dec] queueInputBuffer: index: 1 pts: 1000012266666 timediff: 10
05-10 17:00:56.650 11312 13720 I MediaCodec: [mId: 1] [video-debug-dec] queueInputBuffer: index: 2 pts: 1000012266666 timediff: 25
05-10 17:00:56.657 11312 13720 I MediaCodec: [mId: 1] [video-debug-dec] queueInputBuffer: index: 3 pts: 1000012266666 timediff: 7
05-10 17:00:56.730 11312 13678 W MediaCodec: [mId: 1] [video-debug-dec] onReleaseOutputBuffer: Render time interval reaches 108ms before pts: 1000012266666
05-10 17:00:56.730 11312 13678 I MediaCodec: [mId: 1] [video-debug-dec] onReleaseOutputBuffer index 0 pts: 1000012266666 ptsdiff: 33333 timediff: 108 render: 1
05-10 17:00:56.731 11312 13720 I MediaCodec: [mId: 1] [video-debug-dec] queueInputBuffer: index: 2 pts: 1000012300000 timediff: 13
05-10 17:00:56.742 11312 13720 I MediaCodec: [mId: 1] [video-debug-dec] queueInputBuffer: index: 3 pts: 1000012300000 timediff: 11
05-10 17:00:56.754 11312 13720 I MediaCodec: [mId: 1] [video-debug-dec] queueInputBuffer: index: 0 pts: 1000012300000 timediff: 12
05-10 17:00:56.847 11312 13678 W MediaCodec: [mId: 1] [video-debug-dec] onReleaseOutputBuffer: Render time interval reaches 117ms before pts: 1000012300000
05-10 17:00:56.847 11312 13678 I MediaCodec: [mId: 1] [video-debug-dec] onReleaseOutputBuffer index 0 pts: 1000012300000 ptsdiff: 33334 timediff: 117 render: 1
05-10 17:00:56.852 11312 13720 I MediaCodec: [mId: 1] [video-debug-dec] queueInputBuffer: index: 1 pts: 1000012333333 timediff: 25
05-10 17:00:56.854 11312 13720 I MediaCodec: [mId: 1] [video-debug-dec] queueInputBuffer: index: 2 pts: 1000012333333 timediff: 2
05-10 17:00:56.884 11312 13720 I MediaCodec: [mId: 1] [video-debug-dec] queueInputBuffer: index: 3 pts: 1000012333333 timediff: 30
05-10 17:00:56.956 11312 13678 W MediaCodec: [mId: 1] [video-debug-dec] onReleaseOutputBuffer: Render time interval reaches 108ms before pts: 1000012333333
05-10 17:00:56.956 11312 13678 I MediaCodec: [mId: 1] [video-debug-dec] onReleaseOutputBuffer index 0 pts: 1000012333333 ptsdiff: 33333 timediff: 109 render: 1
05-10 17:00:56.961 11312 13720 I MediaCodec: [mId: 1] [video-debug-dec] queueInputBuffer: index: 3 pts: 1000012366666 timediff: 7
05-10 17:00:56.992 11312 13720 I MediaCodec: [mId: 1] [video-debug-dec] queueInputBuffer: index: 0 pts: 1000012366666 timediff: 31
05-10 17:00:56.996 11312 13720 I MediaCodec: [mId: 1] [video-debug-dec] queueInputBuffer: index: 1 pts: 1000012366666 timediff: 3
05-10 17:00:57.065 11312 13678 W MediaCodec: [mId: 1] [video-debug-dec] onReleaseOutputBuffer: Render time interval reaches 109ms before pts: 1000012366666
05-10 17:00:57.066 11312 13678 I MediaCodec: [mId: 1] [video-debug-dec] onReleaseOutputBuffer index 0 pts: 1000012366666 ptsdiff: 33333 timediff: 110 render: 1
05-10 17:00:57.076 11312 13720 I MediaCodec: [mId: 1] [video-debug-dec] queueInputBuffer: index: 1 pts: 1000012400000 timediff: 29
05-10 17:00:57.078 11312 13720 I MediaCodec: [mId: 1] [video-debug-dec] queueInputBuffer: index: 2 pts: 1000012400000 timediff: 2
05-10 17:00:57.109 11312 13720 I MediaCodec: [mId: 1] [video-debug-dec] queueInputBuffer: index: 3 pts: 1000012400000 timediff: 31
05-10 17:00:57.183 11312 13678 W MediaCodec: [mId: 1] [video-debug-dec] onReleaseOutputBuffer: Render time interval reaches 117ms before pts: 1000012400000
05-10 17:00:57.184 11312 13678 I MediaCodec: [mId: 1] [video-debug-dec] onReleaseOutputBuffer index 0 pts: 1000012400000 ptsdiff: 33334 timediff: 117 render: 1
05-10 17:00:57.191 11312 13720 I MediaCodec: [mId: 1] [video-debug-dec] queueInputBuffer: index: 0 pts: 1000012433333 timediff: 17
05-10 17:00:57.198 11312 13720 I MediaCodec: [mId: 1] [video-debug-dec] queueInputBuffer: index: 1 pts: 1000012433333 timediff: 7
05-10 17:00:57.209 11312 13720 I MediaCodec: [mId: 1] [video-debug-dec] queueInputBuffer: index: 2 pts: 1000012433333 timediff: 11
05-10 17:00:57.306 11312 13678 W MediaCodec: [mId: 1] [video-debug-dec] onReleaseOutputBuffer: Render time interval reaches 123ms before pts: 1000012433333
05-10 17:00:57.306 11312 13678 I MediaCodec: [mId: 1] [video-debug-dec] onReleaseOutputBuffer index 0 pts: 1000012433333 ptsdiff: 33333 timediff: 123 render: 1
05-10 17:00:57.319 11312 13720 I MediaCodec: [mId: 1] [video-debug-dec] queueInputBuffer: index: 0 pts: 1000012466666 timediff: 15
05-10 17:00:57.341 11312 13720 I MediaCodec: [mId: 1] [video-debug-dec] queueInputBuffer: index: 1 pts: 1000012466666 timediff: 21
05-10 17:00:57.363 11312 13720 I MediaCodec: [mId: 1] [video-debug-dec] queueInputBuffer: index: 2 pts: 1000012466666 timediff: 22
05-10 17:00:57.426 11312 13678 W MediaCodec: [mId: 1] [video-debug-dec] onReleaseOutputBuffer: Render time interval reaches 119ms before pts: 1000012466666
05-10 17:00:57.426 11312 13678 I MediaCodec: [mId: 1] [video-debug-dec] onReleaseOutputBuffer index 0 pts: 1000012466666 ptsdiff: 33333 timediff: 120 render: 1
05-10 17:00:57.438 11312 13720 I MediaCodec: [mId: 1] [video-debug-dec] queueInputBuffer: index: 1 pts: 1000012466666 timediff: 25
05-10 17:00:57.440 11312 13720 I MediaCodec: [mId: 1] [video-debug-dec] queueInputBuffer: index: 2 pts: 1000012500000 timediff: 2
05-10 17:00:57.461 11312 13678 D MediaCodec: [0x6f4a6ae900] setState: 7
05-10 17:00:57.461 11312 13678 I MediaCodec: [mId: 1] [video-debug-dec] setState: FLUSHING
05-10 17:00:57.466 11312 13678 D MediaCodec: [0x6f4a6ae900] setState: 8
05-10 17:00:57.466 11312 13678 I MediaCodec: [mId: 1] [video-debug-dec] setState: FLUSHED
05-10 17:00:57.466 11312 13674 D MediaCodec: keep callback message for reclaim
05-10 17:00:57.466 11312 13678 D MediaCodec: [0x6f4a6ae900] setState: 6
05-10 17:00:57.466 11312 13678 I MediaCodec: [mId: 1] [video-debug-dec] setState: STARTED
05-10 17:00:57.482 11312 13720 I MediaCodec: [mId: 1] [video-debug-dec] queueInputBuffer: index: 0 pts: 1000014000000 timediff: 42
05-10 17:00:57.548 11312 13678 W MediaCodec: [mId: 1] [video-debug-dec] onReleaseOutputBuffer: Render time interval reaches 122ms before pts: 1000014000000
05-10 17:00:57.548 11312 13678 I MediaCodec: [mId: 1] [video-debug-dec] onReleaseOutputBuffer index 0 pts: 1000014000000 ptsdiff: 1533334 timediff: 122 render: 1
05-10 17:00:57.554 11312 13720 I MediaCodec: [mId: 1] [video-debug-dec] queueInputBuffer: index: 2 pts: 1000014033333 timediff: 11
05-10 17:00:57.559 11312 13720 I MediaCodec: [mId: 1] [video-debug-dec] queueInputBuffer: index: 3 pts: 1000014033333 timediff: 5
05-10 17:00:57.575 11312 13720 I MediaCodec: [mId: 1] [video-debug-dec] queueInputBuffer: index: 0 pts: 1000014033333 timediff: 16
05-10 17:00:57.651 11312 13678 W MediaCodec: [mId: 1] [video-debug-dec] onReleaseOutputBuffer: Render time interval reaches 101ms before pts: 1000014033333
05-10 17:00:57.651 11312 13678 I MediaCodec: [mId: 1] [video-debug-dec] onReleaseOutputBuffer index 0 pts: 1000014033333 ptsdiff: 33333 timediff: 103 render: 1
05-10 17:00:57.653 11312 13720 I MediaCodec: [mId: 1] [video-debug-dec] queueInputBuffer: index: 1 pts: 1000014066666 timediff: 10
05-10 17:00:57.670 11312 13720 I MediaCodec: [mId: 1] [video-debug-dec] queueInputBuffer: index: 2 pts: 1000014066666 timediff: 18
05-10 17:00:57.682 11312 13720 I MediaCodec: [mId: 1] [video-debug-dec] queueInputBuffer: index: 3 pts: 1000014100000 timediff: 12
05-10 17:00:57.765 11312 13678 W MediaCodec: [mId: 1] [video-debug-dec] onReleaseOutputBuffer: Render time interval reaches 113ms before pts: 1000014066666
05-10 17:00:57.765 11312 13678 I MediaCodec: [mId: 1] [video-debug-dec] onReleaseOutputBuffer index 0 pts: 1000014066666 ptsdiff: 33333 timediff: 114 render: 1
05-10 17:00:57.774 11312 13720 I MediaCodec: [mId: 1] [video-debug-dec] queueInputBuffer: index: 2 pts: 1000014100000 timediff: 42
05-10 17:00:57.776 11312 13720 I MediaCodec: [mId: 1] [video-debug-dec] queueInputBuffer: index: 3 pts: 1000014100000 timediff: 2
05-10 17:00:57.799 11312 13720 I MediaCodec: [mId: 1] [video-debug-dec] queueInputBuffer: index: 0 pts: 1000014133333 timediff: 22
05-10 17:00:57.872 11312 13678 W MediaCodec: [mId: 1] [video-debug-dec] onReleaseOutputBuffer: Render time interval reaches 107ms before pts: 1000014133333
05-10 17:00:57.872 11312 13678 I MediaCodec: [mId: 1] [video-debug-dec] onReleaseOutputBuffer index 0 pts: 1000014133333 ptsdiff: 66667 timediff: 107 render: 1
05-10 17:00:57.874 11312 13720 I MediaCodec: [mId: 1] [video-debug-dec] queueInputBuffer: index: 2 pts: 1000014133333 timediff: 11
05-10 17:00:57.911 11312 13720 I MediaCodec: [mId: 1] [video-debug-dec] queueInputBuffer: index: 3 pts: 1000014133333 timediff: 38
05-10 17:00:57.913 11312 13720 I MediaCodec: [mId: 1] [video-debug-dec] queueInputBuffer: index: 0 pts: 1000014166666 timediff: 2
05-10 17:00:57.987 11312 13678 W MediaCodec: [mId: 1] [video-debug-dec] onReleaseOutputBuffer: Render time interval reaches 115ms before pts: 1000014133333
05-10 17:00:57.987 11312 13678 I MediaCodec: [mId: 1] [video-debug-dec] onReleaseOutputBuffer index 0 pts: 1000014133333 ptsdiff: 0 timediff: 115 render: 1
05-10 17:00:57.988 11312 13720 I MediaCodec: [mId: 1] [video-debug-dec] queueInputBuffer: index: 0 pts: 1000014166666 timediff: 9
05-10 17:00:58.003 11312 13720 I MediaCodec: [mId: 1] [video-debug-dec] queueInputBuffer: index: 1 pts: 1000014166666 timediff: 15
05-10 17:00:58.038 11312 13720 I MediaCodec: [mId: 1] [video-debug-dec] queueInputBuffer: index: 2 pts: 1000014166666 timediff: 35
05-10 17:00:58.089 11312 13678 W MediaCodec: [mId: 1] [video-debug-dec] onReleaseOutputBuffer: Render time interval reaches 102ms before pts: 1000014166666
05-10 17:00:58.089 11312 13678 I MediaCodec: [mId: 1] [video-debug-dec] onReleaseOutputBuffer index 1 pts: 1000014166666 ptsdiff: 33333 timediff: 102 render: 1
05-10 17:00:58.096 11312 13720 I MediaCodec: [mId: 1] [video-debug-dec] queueInputBuffer: index: 3 pts: 1000014166666 timediff: 58
05-10 17:00:58.106 11312 13720 I MediaCodec: [mId: 1] [video-debug-dec] queueInputBuffer: index: 0 pts: 1000014200000 timediff: 10
05-10 17:00:58.125 11312 13720 I MediaCodec: [mId: 1] [video-debug-dec] queueInputBuffer: index: 1 pts: 1000014200000 timediff: 19
05-10 17:00:58.216 11312 13678 W MediaCodec: [mId: 1] [video-debug-dec] onReleaseOutputBuffer: Render time interval reaches 126ms before pts: 1000014166666
05-10 17:00:58.216 11312 13678 I MediaCodec: [mId: 1] [video-debug-dec] onReleaseOutputBuffer index 0 pts: 1000014166666 ptsdiff: 0 timediff: 127 render: 1
05-10 17:00:58.219 11312 13720 I MediaCodec: [mId: 1] [video-debug-dec] queueInputBuffer: index: 0 pts: 1000014200000 timediff: 19
05-10 17:00:58.250 11312 13720 I MediaCodec: [mId: 1] [video-debug-dec] queueInputBuffer: index: 1 pts: 1000014200000 timediff: 31
05-10 17:00:58.283 11312 13720 I MediaCodec: [mId: 1] [video-debug-dec] queueInputBuffer: index: 2 pts: 1000014200000 timediff: 33
05-10 17:00:58.332 11312 13678 W MediaCodec: [mId: 1] [video-debug-dec] onReleaseOutputBuffer: Render time interval reaches 116ms before pts: 1000014200000
05-10 17:00:58.332 11312 13678 I MediaCodec: [mId: 1] [video-debug-dec] onReleaseOutputBuffer index 0 pts: 1000014200000 ptsdiff: 33334 timediff: 116 render: 1
05-10 17:00:58.339 11312 13720 I MediaCodec: [mId: 1] [video-debug-dec] queueInputBuffer: index: 0 pts: 1000014233333 timediff: 30
05-10 17:00:58.395 11312 13720 I MediaCodec: [mId: 1] [video-debug-dec] queueInputBuffer: index: 1 pts: 1000014233333 timediff: 56
05-10 17:00:58.427 11312 13720 I MediaCodec: [mId: 1] [video-debug-dec] queueInputBuffer: index: 2 pts: 1000014233333 timediff: 31
05-10 17:00:58.450 11312 13678 W MediaCodec: [mId: 1] [video-debug-dec] onReleaseOutputBuffer: Render time interval reaches 118ms before pts: 1000014200000
05-10 17:00:58.450 11312 13678 I MediaCodec: [mId: 1] [video-debug-dec] onReleaseOutputBuffer index 0 pts: 1000014200000 ptsdiff: 0 timediff: 118 render: 1
05-10 17:00:58.455 11312 13720 I MediaCodec: [mId: 1] [video-debug-dec] queueInputBuffer: index: 3 pts: 1000014233333 timediff: 28
05-10 17:00:58.491 11312 13720 I MediaCodec: [mId: 1] [video-debug-dec] queueInputBuffer: index: 0 pts: 1000014233333 timediff: 35
05-10 17:00:58.560 11312 13720 I MediaCodec: [mId: 1] [video-debug-dec] queueInputBuffer: index: 1 pts: 1000014233333 timediff: 69
05-10 17:00:58.596 11312 13678 W MediaCodec: [mId: 1] [video-debug-dec] onReleaseOutputBuffer: Render time interval reaches 146ms before pts: 1000014233333
05-10 17:00:58.596 11312 13678 I MediaCodec: [mId: 1] [video-debug-dec] onReleaseOutputBuffer index 0 pts: 1000014233333 ptsdiff: 33333 timediff: 146 render: 1
05-10 17:00:58.606 11312 13720 I MediaCodec: [mId: 1] [video-debug-dec] queueInputBuffer: index: 2 pts: 1000014233333 timediff: 46
05-10 17:00:58.656 11312 13720 I MediaCodec: [mId: 1] [video-debug-dec] queueInputBuffer: index: 3 pts: 1000014233333 timediff: 50
05-10 17:00:58.680 11312 13720 I MediaCodec: [mId: 1] [video-debug-dec] queueInputBuffer: index: 0 pts: 1000014266666 timediff: 24
05-10 17:00:58.717 11312 13678 W MediaCodec: [mId: 1] [video-debug-dec] onReleaseOutputBuffer: Render time interval reaches 121ms before pts: 1000014233333
05-10 17:00:58.717 11312 13678 I MediaCodec: [mId: 1] [video-debug-dec] onReleaseOutputBuffer index 0 pts: 1000014233333 ptsdiff: 0 timediff: 121 render: 1
05-10 17:00:58.719 11312 13720 I MediaCodec: [mId: 1] [video-debug-dec] queueInputBuffer: index: 0 pts: 1000014266666 timediff: 21
05-10 17:00:58.756 11312 13720 I MediaCodec: [mId: 1] [video-debug-dec] queueInputBuffer: index: 1 pts: 1000014266666 timediff: 37
05-10 17:00:58.759 11312 13720 I MediaCodec: [mId: 1] [video-debug-dec] queueInputBuffer: index: 2 pts: 1000014266666 timediff: 3
05-10 17:00:58.847 11312 13678 W MediaCodec: [mId: 1] [video-debug-dec] onReleaseOutputBuffer: Render time interval reaches 130ms before pts: 1000014266666
05-10 17:00:58.848 11312 13678 I MediaCodec: [mId: 1] [video-debug-dec] onReleaseOutputBuffer index 0 pts: 1000014266666 ptsdiff: 33333 timediff: 131 render: 1
05-10 17:00:58.851 11312 13720 I MediaCodec: [mId: 1] [video-debug-dec] queueInputBuffer: index: 3 pts: 1000014300000 timediff: 35
05-10 17:00:58.889 11312 13720 I MediaCodec: [mId: 1] [video-debug-dec] queueInputBuffer: index: 0 pts: 1000014300000 timediff: 37
05-10 17:00:58.910 11312 13720 I MediaCodec: [mId: 1] [video-debug-dec] queueInputBuffer: index: 1 pts: 1000014300000 timediff: 21
05-10 17:00:58.963 11312 13678 W MediaCodec: [mId: 1] [video-debug-dec] onReleaseOutputBuffer: Render time interval reaches 114ms before pts: 1000014300000
05-10 17:00:58.963 11312 13678 I MediaCodec: [mId: 1] [video-debug-dec] onReleaseOutputBuffer index 0 pts: 1000014300000 ptsdiff: 33334 timediff: 114 render: 1
05-10 17:00:58.975 11312 13720 I MediaCodec: [mId: 1] [video-debug-dec] queueInputBuffer: index: 3 pts: 1000014300000 timediff: 30
05-10 17:00:58.996 11312 13720 I MediaCodec: [mId: 1] [video-debug-dec] queueInputBuffer: index: 0 pts: 1000014333333 timediff: 21
05-10 17:00:59.016 11312 13720 I MediaCodec: [mId: 1] [video-debug-dec] queueInputBuffer: index: 1 pts: 1000014333333 timediff: 20
05-10 17:00:59.081 11312 13678 W MediaCodec: [mId: 1] [video-debug-dec] onReleaseOutputBuffer: Render time interval reaches 118ms before pts: 1000014300000
05-10 17:00:59.081 11312 13678 I MediaCodec: [mId: 1] [video-debug-dec] onReleaseOutputBuffer index 0 pts: 1000014300000 ptsdiff: 0 timediff: 118 render: 1
05-10 17:00:59.100 11312 13720 I MediaCodec: [mId: 1] [video-debug-dec] queueInputBuffer: index: 0 pts: 1000014333333 timediff: 41
05-10 17:00:59.110 11312 13720 I MediaCodec: [mId: 1] [video-debug-dec] queueInputBuffer: index: 1 pts: 1000014333333 timediff: 9
05-10 17:00:59.114 11312 13720 I MediaCodec: [mId: 1] [video-debug-dec] queueInputBuffer: index: 2 pts: 1000014333333 timediff: 5
05-10 17:00:59.193 11312 13678 W MediaCodec: [mId: 1] [video-debug-dec] onReleaseOutputBuffer: Render time interval reaches 112ms before pts: 1000014333333
05-10 17:00:59.194 11312 13678 I MediaCodec: [mId: 1] [video-debug-dec] onReleaseOutputBuffer index 0 pts: 1000014333333 ptsdiff: 33333 timediff: 112 render: 1
05-10 17:00:59.195 11312 13720 I MediaCodec: [mId: 1] [video-debug-dec] queueInputBuffer: index: 1 pts: 1000014366666 timediff: 22
05-10 17:00:59.243 11312 13720 I MediaCodec: [mId: 1] [video-debug-dec] queueInputBuffer: index: 2 pts: 1000014366666 timediff: 48
05-10 17:00:59.283 11312 13720 I MediaCodec: [mId: 1] [video-debug-dec] queueInputBuffer: index: 3 pts: 1000014366666 timediff: 40
05-10 17:00:59.309 11312 13678 W MediaCodec: [mId: 1] [video-debug-dec] onReleaseOutputBuffer: Render time interval reaches 115ms before pts: 1000014333333
05-10 17:00:59.309 11312 13678 I MediaCodec: [mId: 1] [video-debug-dec] onReleaseOutputBuffer index 0 pts: 1000014333333 ptsdiff: 0 timediff: 116 render: 1
05-10 17:00:59.314 11312 13720 I MediaCodec: [mId: 1] [video-debug-dec] queueInputBuffer: index: 0 pts: 1000014366666 timediff: 30
05-10 17:00:59.340 11312 13720 I MediaCodec: [mId: 1] [video-debug-dec] queueInputBuffer: index: 1 pts: 1000014366666 timediff: 26
05-10 17:00:59.361 11312 13720 I MediaCodec: [mId: 1] [video-debug-dec] queueInputBuffer: index: 2 pts: 1000014366666 timediff: 21
05-10 17:00:59.441 11312 13678 W MediaCodec: [mId: 1] [video-debug-dec] onReleaseOutputBuffer: Render time interval reaches 132ms before pts: 1000014366666
05-10 17:00:59.441 11312 13678 I MediaCodec: [mId: 1] [video-debug-dec] onReleaseOutputBuffer index 0 pts: 1000014366666 ptsdiff: 33333 timediff: 132 render: 1
05-10 17:00:59.452 11312 13678 D MediaCodec: [0x6f4a6ae900] setState: 7
05-10 17:00:59.452 11312 13678 I MediaCodec: [mId: 1] [video-debug-dec] setState: FLUSHING
05-10 17:00:59.454 11312 13678 D MediaCodec: [0x6f4a6ae900] setState: 8
05-10 17:00:59.454 11312 13678 I MediaCodec: [mId: 1] [video-debug-dec] setState: FLUSHED
05-10 17:00:59.454 11312 13674 D MediaCodec: keep callback message for reclaim
05-10 17:00:59.454 11312 13678 D MediaCodec: [0x6f4a6ae900] setState: 6
05-10 17:00:59.454 11312 13678 I MediaCodec: [mId: 1] [video-debug-dec] setState: STARTED
05-10 17:00:59.469 11312 13720 I MediaCodec: [mId: 1] [video-debug-dec] queueInputBuffer: index: 0 pts: 1000016000000 timediff: 83
05-10 17:00:59.470 11312 13720 I MediaCodec: [mId: 1] [video-debug-dec] queueInputBuffer: index: 1 pts: 1000016033333 timediff: 1
05-10 17:00:59.474 11312 13720 I MediaCodec: [mId: 1] [video-debug-dec] queueInputBuffer: index: 2 pts: 1000016033333 timediff: 4
05-10 17:00:59.604 11312 13678 W MediaCodec: [mId: 1] [video-debug-dec] onReleaseOutputBuffer: Render time interval reaches 163ms before pts: 1000016000000
05-10 17:00:59.604 11312 13678 I MediaCodec: [mId: 1] [video-debug-dec] onReleaseOutputBuffer index 0 pts: 1000016000000 ptsdiff: 1633334 timediff: 163 render: 1
05-10 17:00:59.605 11312 13720 I MediaCodec: [mId: 1] [video-debug-dec] queueInputBuffer: index: 2 pts: 1000016033333 timediff: 31
05-10 17:00:59.638 11312 13720 I MediaCodec: [mId: 1] [video-debug-dec] queueInputBuffer: index: 3 pts: 1000016033333 timediff: 33
05-10 17:00:59.649 11312 13720 I MediaCodec: [mId: 1] [video-debug-dec] queueInputBuffer: index: 0 pts: 1000016033333 timediff: 11
05-10 17:00:59.710 11312 13678 W MediaCodec: [mId: 1] [video-debug-dec] onReleaseOutputBuffer: Render time interval reaches 106ms before pts: 1000016033333
05-10 17:00:59.710 11312 13678 I MediaCodec: [mId: 1] [video-debug-dec] onReleaseOutputBuffer index 0 pts: 1000016033333 ptsdiff: 33333 timediff: 106 render: 1
05-10 17:00:59.715 11312 13720 I MediaCodec: [mId: 1] [video-debug-dec] queueInputBuffer: index: 3 pts: 1000016066666 timediff: 34
05-10 17:00:59.723 11312 13720 I MediaCodec: [mId: 1] [video-debug-dec] queueInputBuffer: index: 0 pts: 1000016066666 timediff: 8
05-10 17:00:59.756 11312 13720 I MediaCodec: [mId: 1] [video-debug-dec] queueInputBuffer: index: 1 pts: 1000016066666 timediff: 33
05-10 17:00:59.817 11312 13678 W MediaCodec: [mId: 1] [video-debug-dec] onReleaseOutputBuffer: Render time interval reaches 107ms before pts: 1000016066666
05-10 17:00:59.817 11312 13678 I MediaCodec: [mId: 1] [video-debug-dec] onReleaseOutputBuffer index 0 pts: 1000016066666 ptsdiff: 33333 timediff: 107 render: 1
05-10 17:00:59.828 11312 13720 I MediaCodec: [mId: 1] [video-debug-dec] queueInputBuffer: index: 0 pts: 1000016100000 timediff: 30
05-10 17:00:59.841 11312 13720 I MediaCodec: [mId: 1] [video-debug-dec] queueInputBuffer: index: 1 pts: 1000016100000 timediff: 13
05-10 17:00:59.863 11312 13720 I MediaCodec: [mId: 1] [video-debug-dec] queueInputBuffer: index: 2 pts: 1000016100000 timediff: 22
05-10 17:00:59.945 11312 13678 W MediaCodec: [mId: 1] [video-debug-dec] onReleaseOutputBuffer: Render time interval reaches 128ms before pts: 1000016100000
05-10 17:00:59.945 11312 13678 I MediaCodec: [mId: 1] [video-debug-dec] onReleaseOutputBuffer index 0 pts: 1000016100000 ptsdiff: 33334 timediff: 128 render: 1
05-10 17:00:59.948 11312 13720 I MediaCodec: [mId: 1] [video-debug-dec] queueInputBuffer: index: 1 pts: 1000016133333 timediff: 24
05-10 17:00:59.977 11312 13720 I MediaCodec: [mId: 1] [video-debug-dec] queueInputBuffer: index: 2 pts: 1000016133333 timediff: 29
05-10 17:01:00.062 11312 13678 W MediaCodec: [mId: 1] [video-debug-dec] onReleaseOutputBuffer: Render time interval reaches 117ms before pts: 1000016133333
05-10 17:01:00.062 11312 13678 I MediaCodec: [mId: 1] [video-debug-dec] onReleaseOutputBuffer index 0 pts: 1000016133333 ptsdiff: 33333 timediff: 117 render: 1
05-10 17:01:00.067 11312 13720 I MediaCodec: [mId: 1] [video-debug-dec] queueInputBuffer: index: 3 pts: 1000016133333 timediff: 90
05-10 17:01:00.224 11312 13678 W MediaCodec: [mId: 1] [video-debug-dec] onReleaseOutputBuffer: Render time interval reaches 162ms before pts: 1000016166666
05-10 17:01:00.224 11312 13678 I MediaCodec: [mId: 1] [video-debug-dec] onReleaseOutputBuffer index 0 pts: 1000016166666 ptsdiff: 33333 timediff: 162 render: 1
05-10 17:01:00.228 11312 13720 I MediaCodec: [mId: 1] [video-debug-dec] queueInputBuffer: index: 2 pts: 1000016166666 timediff: 51
05-10 17:01:00.233 11312 13720 I MediaCodec: [mId: 1] [video-debug-dec] queueInputBuffer: index: 3 pts: 1000016166666 timediff: 4
05-10 17:01:00.251 11312 13720 I MediaCodec: [mId: 1] [video-debug-dec] queueInputBuffer: index: 0 pts: 1000016200000 timediff: 18
05-10 17:01:00.332 11312 13678 W MediaCodec: [mId: 1] [video-debug-dec] onReleaseOutputBuffer: Render time interval reaches 108ms before pts: 1000016166666
05-10 17:01:00.332 11312 13678 I MediaCodec: [mId: 1] [video-debug-dec] onReleaseOutputBuffer index 0 pts: 1000016166666 ptsdiff: 0 timediff: 108 render: 1
05-10 17:01:00.338 11312 13720 I MediaCodec: [mId: 1] [video-debug-dec] queueInputBuffer: index: 3 pts: 1000016200000 timediff: 26
05-10 17:01:00.341 11312 13720 I MediaCodec: [mId: 1] [video-debug-dec] queueInputBuffer: index: 0 pts: 1000016200000 timediff: 1
05-10 17:01:00.350 11312 13720 I MediaCodec: [mId: 1] [video-debug-dec] queueInputBuffer: index: 1 pts: 1000016200000 timediff: 8
05-10 17:01:00.440 11312 13678 W MediaCodec: [mId: 1] [video-debug-dec] onReleaseOutputBuffer: Render time interval reaches 108ms before pts: 1000016200000
05-10 17:01:00.440 11312 13678 I MediaCodec: [mId: 1] [video-debug-dec] onReleaseOutputBuffer index 0 pts: 1000016200000 ptsdiff: 33334 timediff: 108 render: 1
05-10 17:01:00.443 11312 13720 I MediaCodec: [mId: 1] [video-debug-dec] queueInputBuffer: index: 1 pts: 1000016233333 timediff: 19
05-10 17:01:00.465 11312 13720 I MediaCodec: [mId: 1] [video-debug-dec] queueInputBuffer: index: 2 pts: 1000016233333 timediff: 22
05-10 17:01:00.478 11312 13720 I MediaCodec: [mId: 1] [video-debug-dec] queueInputBuffer: index: 3 pts: 1000016233333 timediff: 13
05-10 17:01:00.552 11312 13678 W MediaCodec: [mId: 1] [video-debug-dec] onReleaseOutputBuffer: Render time interval reaches 111ms before pts: 1000016233333
05-10 17:01:00.552 11312 13678 I MediaCodec: [mId: 1] [video-debug-dec] onReleaseOutputBuffer index 0 pts: 1000016233333 ptsdiff: 33333 timediff: 111 render: 1
05-10 17:01:00.565 11312 13720 I MediaCodec: [mId: 1] [video-debug-dec] queueInputBuffer: index: 3 pts: 1000016233333 timediff: 34
05-10 17:01:00.578 11312 13720 I MediaCodec: [mId: 1] [video-debug-dec] queueInputBuffer: index: 0 pts: 1000016266666 timediff: 13
05-10 17:01:00.592 11312 13720 I MediaCodec: [mId: 1] [video-debug-dec] queueInputBuffer: index: 1 pts: 1000016266666 timediff: 14
05-10 17:01:00.663 11312 13678 W MediaCodec: [mId: 1] [video-debug-dec] onReleaseOutputBuffer: Render time interval reaches 112ms before pts: 1000016233333
05-10 17:01:00.663 11312 13678 I MediaCodec: [mId: 1] [video-debug-dec] onReleaseOutputBuffer index 0 pts: 1000016233333 ptsdiff: 0 timediff: 112 render: 1
05-10 17:01:00.666 11312 13720 I MediaCodec: [mId: 1] [video-debug-dec] queueInputBuffer: index: 0 pts: 1000016266666 timediff: 20
05-10 17:01:00.676 11312 13720 I MediaCodec: [mId: 1] [video-debug-dec] queueInputBuffer: index: 1 pts: 1000016266666 timediff: 10
05-10 17:01:00.719 11312 13720 I MediaCodec: [mId: 1] [video-debug-dec] queueInputBuffer: index: 2 pts: 1000016266666 timediff: 43
05-10 17:01:00.834 11312 13678 W MediaCodec: [mId: 1] [video-debug-dec] onReleaseOutputBuffer: Render time interval reaches 146ms before pts: 1000016266666
05-10 17:01:00.834 11312 13678 I MediaCodec: [mId: 1] [video-debug-dec] onReleaseOutputBuffer index 1 pts: 1000016266666 ptsdiff: 33333 timediff: 171 render: 1
05-10 17:01:00.840 11312 13720 I MediaCodec: [mId: 1] [video-debug-dec] queueInputBuffer: index: 2 pts: 1000016300000 timediff: 41
05-10 17:01:00.847 11312 13720 I MediaCodec: [mId: 1] [video-debug-dec] queueInputBuffer: index: 3 pts: 1000016300000 timediff: 5
05-10 17:01:00.869 11312 13720 I MediaCodec: [mId: 1] [video-debug-dec] queueInputBuffer: index: 0 pts: 1000016300000 timediff: 23
05-10 17:01:00.970 11312 13678 W MediaCodec: [mId: 1] [video-debug-dec] onReleaseOutputBuffer: Render time interval reaches 136ms before pts: 1000016300000
05-10 17:01:00.970 11312 13678 I MediaCodec: [mId: 1] [video-debug-dec] onReleaseOutputBuffer index 0 pts: 1000016300000 ptsdiff: 33334 timediff: 136 render: 1
05-10 17:01:00.975 11312 13720 I MediaCodec: [mId: 1] [video-debug-dec] queueInputBuffer: index: 0 pts: 1000016333333 timediff: 52
05-10 17:01:01.014 11312 13720 I MediaCodec: [mId: 1] [video-debug-dec] queueInputBuffer: index: 1 pts: 1000016333333 timediff: 39
05-10 17:01:01.032 11312 13720 I MediaCodec: [mId: 1] [video-debug-dec] queueInputBuffer: index: 2 pts: 1000016333333 timediff: 18
05-10 17:01:01.111 11312 13678 W MediaCodec: [mId: 1] [video-debug-dec] onReleaseOutputBuffer: Render time interval reaches 141ms before pts: 1000016300000
05-10 17:01:01.111 11312 13678 I MediaCodec: [mId: 1] [video-debug-dec] onReleaseOutputBuffer index 0 pts: 1000016300000 ptsdiff: 0 timediff: 141 render: 1
05-10 17:01:01.118 11312 13720 I MediaCodec: [mId: 1] [video-debug-dec] queueInputBuffer: index: 1 pts: 1000016333333 timediff: 62
05-10 17:01:01.135 11312 13720 I MediaCodec: [mId: 1] [video-debug-dec] queueInputBuffer: index: 2 pts: 1000016333333 timediff: 17
05-10 17:01:01.158 11312 13720 I MediaCodec: [mId: 1] [video-debug-dec] queueInputBuffer: index: 3 pts: 1000016333333 timediff: 22
05-10 17:01:01.231 11312 13678 W MediaCodec: [mId: 1] [video-debug-dec] onReleaseOutputBuffer: Render time interval reaches 120ms before pts: 1000016333333
05-10 17:01:01.231 11312 13678 I MediaCodec: [mId: 1] [video-debug-dec] onReleaseOutputBuffer index 0 pts: 1000016333333 ptsdiff: 33333 timediff: 120 render: 1
05-10 17:01:01.232 11312 13720 I MediaCodec: [mId: 1] [video-debug-dec] queueInputBuffer: index: 2 pts: 1000016366666 timediff: 19
05-10 17:01:01.233 11312 13678 I MediaCodec: [mId: 1] [video-debug-dec] Stats over last 5001ms:
05-10 17:01:01.233 11312 13678 I MediaCodec: [mId: 1] [video-debug-dec] ClientName: top.bienvenido.saas.i18n ComponentName: c2.android.avc.decoder
05-10 17:01:01.233 11312 13678 I MediaCodec: [mId: 1] [video-debug-dec] Qinput: 236, DQinput: 0 success out of 0 tries
05-10 17:01:01.233 11312 13678 I MediaCodec: [mId: 1] [video-debug-dec] Render: 42, Drop: 183, DQoutput: 0 success out of 0 tries
05-10 17:01:01.233 11312 13678 I MediaCodec: [mId: 1] [video-debug-dec] Avg Input Interval: 21ms, Avg Render Interval: 119ms
05-10 17:01:01.245 11312 13720 I MediaCodec: [mId: 1] [video-debug-dec] queueInputBuffer: index: 3 pts: 1000016366666 timediff: 12
05-10 17:01:01.272 11312 13720 I MediaCodec: [mId: 1] [video-debug-dec] queueInputBuffer: index: 0 pts: 1000016366666 timediff: 28
05-10 17:01:01.354 11312 13678 W MediaCodec: [mId: 1] [video-debug-dec] onReleaseOutputBuffer: Render time interval reaches 123ms before pts: 1000016366666
05-10 17:01:01.354 11312 13678 I MediaCodec: [mId: 1] [video-debug-dec] onReleaseOutputBuffer index 0 pts: 1000016366666 ptsdiff: 33333 timediff: 123 render: 1
05-10 17:01:01.377 11312 13720 I MediaCodec: [mId: 1] [video-debug-dec] queueInputBuffer: index: 0 pts: 1000016400000 timediff: 49
05-10 17:01:01.409 11312 13720 I MediaCodec: [mId: 1] [video-debug-dec] queueInputBuffer: index: 1 pts: 1000016400000 timediff: 30
05-10 17:01:01.419 11312 13720 I MediaCodec: [mId: 1] [video-debug-dec] queueInputBuffer: index: 2 pts: 1000016400000 timediff: 10
05-10 17:01:01.474 11312 13678 W MediaCodec: [mId: 1] [video-debug-dec] onReleaseOutputBuffer: Render time interval reaches 120ms before pts: 1000016366666
05-10 17:01:01.474 11312 13678 I MediaCodec: [mId: 1] [video-debug-dec] onReleaseOutputBuffer index 0 pts: 1000016366666 ptsdiff: 0 timediff: 120 render: 1
05-10 17:01:01.536 11312 13678 D MediaCodec: [0x6f4a6ae900] setState: 7
05-10 17:01:01.536 11312 13678 I MediaCodec: [mId: 1] [video-debug-dec] setState: FLUSHING
05-10 17:01:01.538 11312 13678 D MediaCodec: [0x6f4a6ae900] setState: 8
05-10 17:01:01.538 11312 13678 I MediaCodec: [mId: 1] [video-debug-dec] setState: FLUSHED
05-10 17:01:01.538 11312 13674 D MediaCodec: keep callback message for reclaim
05-10 17:01:01.538 11312 13678 D MediaCodec: [0x6f4a6ae900] setState: 6
05-10 17:01:01.538 11312 13678 I MediaCodec: [mId: 1] [video-debug-dec] setState: STARTED
