05-10 16:57:59.860  1434  9092 I MediaCodec: [mId: 15] [audio-debug-dec] setState: FLUSHING
05-10 16:57:59.861  1434  9092 D MediaCodec: [0xed302930] setState: 8
05-10 16:57:59.861  1434  9092 I MediaCodec: [mId: 15] [audio-debug-dec] setState: FLUSHED
05-10 16:57:59.865  1434  9091 D MediaCodec: [0xed302930] [c2.android.vorbis.decoder] release
05-10 16:57:59.865  1434  9092 D MediaCodec: [0xed302930] setState: 10
05-10 16:57:59.865  1434  9092 I MediaCodec: [mId: 15] [audio-debug-dec] setState: RELEASING
05-10 16:57:59.871  1434  9092 D MediaCodec: [0xed302930] [c2.android.vorbis.decoder] kWhatReleaseCompleted
05-10 16:57:59.871  1434  9092 D MediaCodec: [0xed302930] setState: 0
05-10 16:57:59.871  1434  9092 I MediaCodec: [mId: 15] [audio-debug-dec] setState: UNINITIALIZED
05-10 16:57:59.876  1434  9092 I MediaCodec: MediaStub sendHdrInfo/sendFrameRateFloatCal/updateFrcAieAisState
05-10 16:59:51.154 11312 12464 D MediaCodec: CreateByComponentName: name c2.android.avc.decoder
05-10 16:59:51.265 11312 12464 D MediaCodec: [0x6f4a6b04d0] init: CCodec 0x6ffa340c60, CCodecBufferChannel 0x6eda32e2a0
05-10 16:59:51.265 11312 12464 I MediaCodec: init video box disabled for codec not supported
05-10 16:59:51.369 11312 12473 D MediaCodec: [0x6f4a6b04d0] setState: 1
05-10 16:59:51.369 11312 12473 I MediaCodec: [mId: 0] [video-debug-dec] setState: INITIALIZING
05-10 16:59:51.643 11312 12473 D MediaCodec: [0x6f4a6b04d0] setState: 2
05-10 16:59:51.643 11312 12473 I MediaCodec: [mId: 0] [video-debug-dec] setState: INITIALIZED
05-10 16:59:51.687 11312 12473 I MediaCodec: MediaCodec will operate in async mode
05-10 16:59:51.687 11312 12464 D MediaCodec: [0x6f4a6b04d0] [c2.android.avc.decoder] configure
05-10 16:59:51.688 11312 12464 I MediaCodec: [mId: 0] [video-debug-dec] configure: ClientName: top.bienvenido.saas.i18n ComponentName: c2.android.avc.decoder
05-10 16:59:51.688 11312 12464 I MediaCodec: [mId: 0] [video-debug-dec] configure: ClientFormat: AMessage(what = 0x00000000) = {
05-10 16:59:51.688 11312 12464 I MediaCodec:   int32_t max-height = 1280
05-10 16:59:51.688 11312 12464 I MediaCodec:   string log-session-id = "0IxYOnaqBaBdNQAq"
05-10 16:59:51.688 11312 12464 I MediaCodec:   int32_t importance = 1000
05-10 16:59:51.688 11312 12464 I MediaCodec:   string mime = "video/avc"
05-10 16:59:51.688 11312 12464 I MediaCodec:   int32_t priority = 0
05-10 16:59:51.688 11312 12464 I MediaCodec:   int32_t color-standard = 1
05-10 16:59:51.688 11312 12464 I MediaCodec:   Buffer csd-1 = {
05-10 16:59:51.688 11312 12464 I MediaCodec:     00000000:  00 00 00 01 68 ef 3c b0                           ....h.<.
05-10 16:59:51.688 11312 12464 I MediaCodec:   }
05-10 16:59:51.688 11312 12464 I MediaCodec:   int32_t color-transfer = 3
05-10 16:59:51.688 11312 12464 I MediaCodec:   int32_t max-width = 720
05-10 16:59:51.688 11312 12464 I MediaCodec:   int32_t width = 720
05-10 16:59:51.688 11312 12464 I MediaCodec:   int32_t color-range = 2
05-10 16:59:51.688 11312 12464 I MediaCodec:   int32_t rotation-degrees = 0
05-10 16:59:51.688 11312 12464 I MediaCodec:   int32_t max-input-size = 691200
05-10 16:59:51.688 11312 12464 I MediaCodec:   int32_t height = 1280
05-10 16:59:51.688 11312 12464 I MediaCodec:   Buffer csd-0 = {
05-10 16:59:51.688 11312 12464 I MediaCodec:     00000000:  00 00 00 01 67 64 00 1f  ac b4 05 a0 50 d8 0b 50  ....gd......P..P
05-10 16:59:51.688 11312 12464 I MediaCodec:     00000010:  10 10 14 00 00 03 00 04  00 00 03 00 f2 3c 60 ca  .............<`.
05-10 16:59:51.688 11312 12464 I MediaCodec:     00000020:  80                                                .
05-10 16:59:51.688 11312 12464 I MediaCodec:   }
05-10 16:59:51.688 11312 12464 I MediaCodec: }
05-10 16:59:51.689 11312 12464 I MediaCodec: MediaStub sendFrameRate
05-10 16:59:51.689 11312 12464 I MediaCodec: MediaStub sendWidth/sendHeight
05-10 16:59:51.689 11312 12464 I MediaCodec: MediaStub sendMine
05-10 16:59:51.689 11312 12464 I MediaCodec: MediaStub sendDolbyVision
05-10 16:59:51.689 11312 12464 I MediaCodec: MediaStub sendPackageName
05-10 16:59:51.689 11312 12464 I MediaCodec: configure : init video box disabled
05-10 16:59:51.690 11312 12473 I MediaCodec: [mId: 0] [video-debug-dec] connectToSurface: surface 0x6fea3d8bb0, mSurface 0x0
05-10 16:59:51.690 11312 12473 D MediaCodec: [0x6f4a6b04d0] [c2.android.avc.decoder] connectToSurface: surface 0x6fea3d8bb0, mSurface 0x0
05-10 16:59:51.690 11312 12473 I MediaCodec: [c2.android.avc.decoder] setting surface generation to 11583489
05-10 16:59:51.691 11312 12473 D MediaCodec: [0x6f4a6b04d0] setState: 3
05-10 16:59:51.691 11312 12473 I MediaCodec: [mId: 0] [video-debug-dec] setState: CONFIGURING
05-10 16:59:51.691 11312 12473 D MediaCodec: [c2.android.avc.decoder] config set c2 sleep timeout 1500 kC2SleepTimeoutMs=1500
05-10 16:59:51.717 11312 12473 D MediaCodec: [0x6f4a6b04d0] setState: 4
05-10 16:59:51.717 11312 12473 I MediaCodec: [mId: 0] [video-debug-dec] setState: CONFIGURED
05-10 16:59:51.726 11312 12464 D MediaCodec: keep callback message for reclaim
05-10 16:59:51.727 11312 12473 D MediaCodec: [0x6f4a6b04d0] setState: 5
05-10 16:59:51.727 11312 12473 I MediaCodec: [mId: 0] [video-debug-dec] setState: STARTING
05-10 16:59:51.849 11312 12473 D MediaCodec: [0x6f4a6b04d0] setState: 6
05-10 16:59:51.849 11312 12473 I MediaCodec: [mId: 0] [video-debug-dec] setState: STARTED
05-10 16:59:52.053 11312 12496 I MediaCodec: [mId: 0] [video-debug-dec] queueInputBuffer: index: 2 pts: 1000000000000 timediff: 0
05-10 16:59:52.103 11312 12496 I MediaCodec: [mId: 0] [video-debug-dec] queueInputBuffer: index: 3 pts: 1000000000000 timediff: 50
05-10 16:59:52.128 11312 12496 I MediaCodec: [mId: 0] [video-debug-dec] queueInputBuffer: index: 0 pts: 1000000000000 timediff: 25
05-10 16:59:52.205 11312 12473 I MediaCodec: isHDR: standard =1,transfer = 3
05-10 16:59:52.228 11312 12473 I MediaCodec: [mId: 0] [video-debug-dec] onReleaseOutputBuffer index 0 pts: 1000000000000 ptsdiff: 1000000000000 timediff: 2197125 render: 1
05-10 16:59:52.461 11312 12473 W MediaCodec: [mId: 0] [video-debug-dec] onReleaseOutputBuffer: Render time interval reaches 231ms before pts: 1000000000000
05-10 16:59:52.462 11312 12473 I MediaCodec: [mId: 0] [video-debug-dec] onReleaseOutputBuffer index 0 pts: 1000000000000 ptsdiff: 0 timediff: 231 render: 1
05-10 16:59:52.477 11312 12473 I MediaCodec: [mId: 0] [video-debug-dec] onReleaseOutputBuffer index 7 pts: 1000000033333 ptsdiff: 33333 timediff: 15 render: 1
05-10 16:59:52.486 11312 12496 I MediaCodec: [mId: 0] [video-debug-dec] queueInputBuffer: index: 0 pts: 1000000033333 timediff: 47
05-10 16:59:52.509 11312 12496 I MediaCodec: [mId: 0] [video-debug-dec] queueInputBuffer: index: 1 pts: 1000000033333 timediff: 23
05-10 16:59:52.526 11312 12496 I MediaCodec: [mId: 0] [video-debug-dec] queueInputBuffer: index: 2 pts: 1000000066666 timediff: 17
05-10 16:59:52.591 11312 12473 W MediaCodec: [mId: 0] [video-debug-dec] onReleaseOutputBuffer: Render time interval reaches 112ms before pts: 1000000033333
05-10 16:59:52.592 11312 12473 I MediaCodec: [mId: 0] [video-debug-dec] onReleaseOutputBuffer index 0 pts: 1000000033333 ptsdiff: 0 timediff: 112 render: 1
05-10 16:59:52.593 11312 12496 I MediaCodec: [mId: 0] [video-debug-dec] queueInputBuffer: index: 3 pts: 1000000066666 timediff: 66
05-10 16:59:52.669 11312 12496 I MediaCodec: [mId: 0] [video-debug-dec] queueInputBuffer: index: 0 pts: 1000000066666 timediff: 77
05-10 16:59:52.691 11312 12496 I MediaCodec: [mId: 0] [video-debug-dec] queueInputBuffer: index: 1 pts: 1000000066666 timediff: 22
05-10 16:59:52.726 11312 12473 W MediaCodec: [mId: 0] [video-debug-dec] onReleaseOutputBuffer: Render time interval reaches 134ms before pts: 1000000033333
05-10 16:59:52.726 11312 12473 I MediaCodec: [mId: 0] [video-debug-dec] onReleaseOutputBuffer index 0 pts: 1000000033333 ptsdiff: 0 timediff: 134 render: 1
05-10 16:59:52.736 11312 12496 I MediaCodec: [mId: 0] [video-debug-dec] queueInputBuffer: index: 2 pts: 1000000066666 timediff: 45
05-10 16:59:52.757 11312 12496 I MediaCodec: [mId: 0] [video-debug-dec] queueInputBuffer: index: 3 pts: 1000000066666 timediff: 21
05-10 16:59:52.779 11312 12496 I MediaCodec: [mId: 0] [video-debug-dec] queueInputBuffer: index: 0 pts: 1000000100000 timediff: 22
05-10 16:59:52.829 11312 12473 W MediaCodec: [mId: 0] [video-debug-dec] onReleaseOutputBuffer: Render time interval reaches 103ms before pts: 1000000066666
05-10 16:59:52.829 11312 12473 I MediaCodec: [mId: 0] [video-debug-dec] onReleaseOutputBuffer index 0 pts: 1000000066666 ptsdiff: 33333 timediff: 104 render: 1
05-10 16:59:52.835 11312 12496 I MediaCodec: [mId: 0] [video-debug-dec] queueInputBuffer: index: 2 pts: 1000000100000 timediff: 24
05-10 16:59:52.863 11312 12496 I MediaCodec: [mId: 0] [video-debug-dec] queueInputBuffer: index: 3 pts: 1000000100000 timediff: 28
05-10 16:59:52.875 11312 12496 I MediaCodec: [mId: 0] [video-debug-dec] queueInputBuffer: index: 0 pts: 1000000133333 timediff: 12
05-10 16:59:52.938 11312 12473 W MediaCodec: [mId: 0] [video-debug-dec] onReleaseOutputBuffer: Render time interval reaches 108ms before pts: 1000000100000
05-10 16:59:52.938 11312 12473 I MediaCodec: [mId: 0] [video-debug-dec] onReleaseOutputBuffer index 0 pts: 1000000100000 ptsdiff: 33334 timediff: 109 render: 1
05-10 16:59:52.941 11312 12496 I MediaCodec: [mId: 0] [video-debug-dec] queueInputBuffer: index: 2 pts: 1000000133333 timediff: 32
05-10 16:59:52.978 11312 12496 I MediaCodec: [mId: 0] [video-debug-dec] queueInputBuffer: index: 3 pts: 1000000133333 timediff: 37
05-10 16:59:53.013 11312 12496 I MediaCodec: [mId: 0] [video-debug-dec] queueInputBuffer: index: 0 pts: 1000000133333 timediff: 35
05-10 16:59:53.042 11312 12473 W MediaCodec: [mId: 0] [video-debug-dec] onReleaseOutputBuffer: Render time interval reaches 104ms before pts: 1000000100000
05-10 16:59:53.042 11312 12473 I MediaCodec: [mId: 0] [video-debug-dec] onReleaseOutputBuffer index 0 pts: 1000000100000 ptsdiff: 0 timediff: 104 render: 1
05-10 16:59:53.065 11312 12496 I MediaCodec: [mId: 0] [video-debug-dec] queueInputBuffer: index: 1 pts: 1000000133333 timediff: 51
05-10 16:59:53.115 11312 12496 I MediaCodec: [mId: 0] [video-debug-dec] queueInputBuffer: index: 2 pts: 1000000133333 timediff: 50
05-10 16:59:53.144 11312 12473 W MediaCodec: [mId: 0] [video-debug-dec] onReleaseOutputBuffer: Render time interval reaches 102ms before pts: 1000000133333
05-10 16:59:53.144 11312 12473 I MediaCodec: [mId: 0] [video-debug-dec] onReleaseOutputBuffer index 0 pts: 1000000133333 ptsdiff: 33333 timediff: 102 render: 1
05-10 16:59:53.148 11312 12496 I MediaCodec: [mId: 0] [video-debug-dec] queueInputBuffer: index: 3 pts: 1000000133333 timediff: 33
05-10 16:59:53.329 11312 12473 W MediaCodec: [mId: 0] [video-debug-dec] onReleaseOutputBuffer: Render time interval reaches 185ms before pts: 1000000133333
05-10 16:59:53.329 11312 12473 I MediaCodec: [mId: 0] [video-debug-dec] onReleaseOutputBuffer index 0 pts: 1000000133333 ptsdiff: 0 timediff: 185 render: 1
05-10 16:59:53.354 11312 12496 I MediaCodec: [mId: 0] [video-debug-dec] queueInputBuffer: index: 1 pts: 1000000166666 timediff: 156
05-10 16:59:53.362 11312 12496 I MediaCodec: [mId: 0] [video-debug-dec] queueInputBuffer: index: 2 pts: 1000000166666 timediff: 8
05-10 16:59:53.368 11312 12496 I MediaCodec: [mId: 0] [video-debug-dec] queueInputBuffer: index: 3 pts: 1000000166666 timediff: 5
05-10 16:59:53.446 11312 12473 W MediaCodec: [mId: 0] [video-debug-dec] onReleaseOutputBuffer: Render time interval reaches 117ms before pts: 1000000166666
05-10 16:59:53.447 11312 12473 I MediaCodec: [mId: 0] [video-debug-dec] onReleaseOutputBuffer index 0 pts: 1000000166666 ptsdiff: 33333 timediff: 117 render: 1
05-10 16:59:53.471 11312 12496 I MediaCodec: [mId: 0] [video-debug-dec] queueInputBuffer: index: 2 pts: 1000000166666 timediff: 42
05-10 16:59:53.512 11312 12496 I MediaCodec: [mId: 0] [video-debug-dec] queueInputBuffer: index: 3 pts: 1000000166666 timediff: 41
05-10 16:59:53.521 11312 12496 I MediaCodec: [mId: 0] [video-debug-dec] queueInputBuffer: index: 0 pts: 1000000200000 timediff: 9
05-10 16:59:53.597 11312 12473 W MediaCodec: [mId: 0] [video-debug-dec] onReleaseOutputBuffer: Render time interval reaches 150ms before pts: 1000000166666
05-10 16:59:53.597 11312 12473 I MediaCodec: [mId: 0] [video-debug-dec] onReleaseOutputBuffer index 0 pts: 1000000166666 ptsdiff: 0 timediff: 151 render: 1
05-10 16:59:53.598 11312 12496 I MediaCodec: [mId: 0] [video-debug-dec] queueInputBuffer: index: 2 pts: 1000000200000 timediff: 60
05-10 16:59:53.620 11312 12496 I MediaCodec: [mId: 0] [video-debug-dec] queueInputBuffer: index: 3 pts: 1000000200000 timediff: 21
05-10 16:59:53.650 11312 12496 I MediaCodec: [mId: 0] [video-debug-dec] queueInputBuffer: index: 0 pts: 1000000200000 timediff: 31
05-10 16:59:53.718 11312 12473 W MediaCodec: [mId: 0] [video-debug-dec] onReleaseOutputBuffer: Render time interval reaches 121ms before pts: 1000000200000
05-10 16:59:53.718 11312 12473 I MediaCodec: [mId: 0] [video-debug-dec] onReleaseOutputBuffer index 0 pts: 1000000200000 ptsdiff: 33334 timediff: 121 render: 1
05-10 16:59:53.723 11312 12496 I MediaCodec: [mId: 0] [video-debug-dec] queueInputBuffer: index: 3 pts: 1000000200000 timediff: 32
05-10 16:59:53.733 11312 12496 I MediaCodec: [mId: 0] [video-debug-dec] queueInputBuffer: index: 0 pts: 1000000233333 timediff: 10
05-10 16:59:53.761 11312 12496 I MediaCodec: [mId: 0] [video-debug-dec] queueInputBuffer: index: 1 pts: 1000000233333 timediff: 28
05-10 16:59:53.846 11312 12473 W MediaCodec: [mId: 0] [video-debug-dec] onReleaseOutputBuffer: Render time interval reaches 128ms before pts: 1000000200000
05-10 16:59:53.846 11312 12473 I MediaCodec: [mId: 0] [video-debug-dec] onReleaseOutputBuffer index 0 pts: 1000000200000 ptsdiff: 0 timediff: 128 render: 1
05-10 16:59:53.852 11312 12496 I MediaCodec: [mId: 0] [video-debug-dec] queueInputBuffer: index: 0 pts: 1000000233333 timediff: 45
05-10 16:59:53.866 11312 12496 I MediaCodec: [mId: 0] [video-debug-dec] queueInputBuffer: index: 1 pts: 1000000233333 timediff: 14
05-10 16:59:53.907 11312 12496 I MediaCodec: [mId: 0] [video-debug-dec] queueInputBuffer: index: 2 pts: 1000000233333 timediff: 37
05-10 16:59:53.968 11312 12473 W MediaCodec: [mId: 0] [video-debug-dec] onReleaseOutputBuffer: Render time interval reaches 122ms before pts: 1000000233333
05-10 16:59:53.969 11312 12473 I MediaCodec: [mId: 0] [video-debug-dec] onReleaseOutputBuffer index 1 pts: 1000000233333 ptsdiff: 33333 timediff: 123 render: 1
05-10 16:59:53.978 11312 12496 I MediaCodec: [mId: 0] [video-debug-dec] queueInputBuffer: index: 0 pts: 1000000266666 timediff: 55
05-10 16:59:53.988 11312 12496 I MediaCodec: [mId: 0] [video-debug-dec] queueInputBuffer: index: 1 pts: 1000000266666 timediff: 10
05-10 16:59:54.013 11312 12496 I MediaCodec: [mId: 0] [video-debug-dec] queueInputBuffer: index: 2 pts: 1000000266666 timediff: 25
05-10 16:59:54.080 11312 12473 W MediaCodec: [mId: 0] [video-debug-dec] onReleaseOutputBuffer: Render time interval reaches 110ms before pts: 1000000233333
05-10 16:59:54.080 11312 12473 I MediaCodec: [mId: 0] [video-debug-dec] onReleaseOutputBuffer index 0 pts: 1000000233333 ptsdiff: 0 timediff: 111 render: 1
05-10 16:59:54.086 11312 12496 I MediaCodec: [mId: 0] [video-debug-dec] queueInputBuffer: index: 1 pts: 1000000266666 timediff: 29
05-10 16:59:54.120 11312 12496 I MediaCodec: [mId: 0] [video-debug-dec] queueInputBuffer: index: 2 pts: 1000000266666 timediff: 34
05-10 16:59:54.132 11312 12496 I MediaCodec: [mId: 0] [video-debug-dec] queueInputBuffer: index: 3 pts: 1000000266666 timediff: 12
05-10 16:59:54.203 11312 12473 W MediaCodec: [mId: 0] [video-debug-dec] onReleaseOutputBuffer: Render time interval reaches 123ms before pts: 1000000266666
05-10 16:59:54.203 11312 12473 I MediaCodec: [mId: 0] [video-debug-dec] onReleaseOutputBuffer index 0 pts: 1000000266666 ptsdiff: 33333 timediff: 123 render: 1
05-10 16:59:54.237 11312 12496 I MediaCodec: [mId: 0] [video-debug-dec] queueInputBuffer: index: 2 pts: 1000000300000 timediff: 46
05-10 16:59:54.256 11312 12496 I MediaCodec: [mId: 0] [video-debug-dec] queueInputBuffer: index: 3 pts: 1000000300000 timediff: 19
05-10 16:59:54.276 11312 12496 I MediaCodec: [mId: 0] [video-debug-dec] queueInputBuffer: index: 0 pts: 1000000300000 timediff: 20
05-10 16:59:54.309 11312 12473 W MediaCodec: [mId: 0] [video-debug-dec] onReleaseOutputBuffer: Render time interval reaches 105ms before pts: 1000000266666
05-10 16:59:54.309 11312 12473 I MediaCodec: [mId: 0] [video-debug-dec] onReleaseOutputBuffer index 0 pts: 1000000266666 ptsdiff: 0 timediff: 105 render: 1
05-10 16:59:54.319 11312 12496 I MediaCodec: [mId: 0] [video-debug-dec] queueInputBuffer: index: 1 pts: 1000000300000 timediff: 43
05-10 16:59:54.360 11312 12496 I MediaCodec: [mId: 0] [video-debug-dec] queueInputBuffer: index: 2 pts: 1000000300000 timediff: 41
05-10 16:59:54.361 11312 12496 I MediaCodec: [mId: 0] [video-debug-dec] queueInputBuffer: index: 3 pts: 1000000300000 timediff: 1
05-10 16:59:54.432 11312 12473 W MediaCodec: [mId: 0] [video-debug-dec] onReleaseOutputBuffer: Render time interval reaches 123ms before pts: 1000000300000
05-10 16:59:54.432 11312 12473 I MediaCodec: [mId: 0] [video-debug-dec] onReleaseOutputBuffer index 0 pts: 1000000300000 ptsdiff: 33334 timediff: 124 render: 1
05-10 16:59:54.438 11312 12496 I MediaCodec: [mId: 0] [video-debug-dec] queueInputBuffer: index: 1 pts: 1000000333333 timediff: 47
05-10 16:59:54.456 11312 12496 I MediaCodec: [mId: 0] [video-debug-dec] queueInputBuffer: index: 2 pts: 1000000333333 timediff: 16
05-10 16:59:54.488 11312 12473 D MediaCodec: [0x6f4a6b04d0] setState: 7
05-10 16:59:54.488 11312 12473 I MediaCodec: [mId: 0] [video-debug-dec] setState: FLUSHING
05-10 16:59:54.502 11312 12473 D MediaCodec: [0x6f4a6b04d0] setState: 8
05-10 16:59:54.502 11312 12473 I MediaCodec: [mId: 0] [video-debug-dec] setState: FLUSHED
05-10 16:59:54.509 11312 12464 D MediaCodec: keep callback message for reclaim
05-10 16:59:54.509 11312 12473 D MediaCodec: [0x6f4a6b04d0] setState: 6
05-10 16:59:54.509 11312 12473 I MediaCodec: [mId: 0] [video-debug-dec] setState: STARTED
05-10 16:59:54.544 11312 12496 I MediaCodec: [mId: 0] [video-debug-dec] queueInputBuffer: index: 0 pts: 1000002000000 timediff: 88
05-10 16:59:54.636 11312 12473 W MediaCodec: [mId: 0] [video-debug-dec] onReleaseOutputBuffer: Render time interval reaches 204ms before pts: 1000002000000
05-10 16:59:54.636 11312 12473 I MediaCodec: [mId: 0] [video-debug-dec] onReleaseOutputBuffer index 0 pts: 1000002000000 ptsdiff: 1700000 timediff: 204 render: 1
05-10 16:59:54.640 11312 12496 I MediaCodec: [mId: 0] [video-debug-dec] queueInputBuffer: index: 2 pts: 1000002033333 timediff: 22
05-10 16:59:54.652 11312 12496 I MediaCodec: [mId: 0] [video-debug-dec] queueInputBuffer: index: 3 pts: 1000002033333 timediff: 12
05-10 16:59:54.661 11312 12496 I MediaCodec: [mId: 0] [video-debug-dec] queueInputBuffer: index: 0 pts: 1000002033333 timediff: 9
05-10 16:59:54.742 11312 12473 W MediaCodec: [mId: 0] [video-debug-dec] onReleaseOutputBuffer: Render time interval reaches 105ms before pts: 1000002033333
05-10 16:59:54.742 11312 12473 I MediaCodec: [mId: 0] [video-debug-dec] onReleaseOutputBuffer index 0 pts: 1000002033333 ptsdiff: 33333 timediff: 106 render: 1
05-10 16:59:54.747 11312 12496 I MediaCodec: [mId: 0] [video-debug-dec] queueInputBuffer: index: 0 pts: 1000002066666 timediff: 15
05-10 16:59:54.774 11312 12496 I MediaCodec: [mId: 0] [video-debug-dec] queueInputBuffer: index: 1 pts: 1000002066666 timediff: 26
05-10 16:59:54.829 11312 12496 I MediaCodec: [mId: 0] [video-debug-dec] queueInputBuffer: index: 2 pts: 1000002066666 timediff: 55
05-10 16:59:54.855 11312 12473 W MediaCodec: [mId: 0] [video-debug-dec] onReleaseOutputBuffer: Render time interval reaches 113ms before pts: 1000002066666
05-10 16:59:54.855 11312 12473 I MediaCodec: [mId: 0] [video-debug-dec] onReleaseOutputBuffer index 0 pts: 1000002066666 ptsdiff: 33333 timediff: 113 render: 1
05-10 16:59:54.865 11312 12496 I MediaCodec: [mId: 0] [video-debug-dec] queueInputBuffer: index: 1 pts: 1000002100000 timediff: 22
05-10 16:59:54.879 11312 12496 I MediaCodec: [mId: 0] [video-debug-dec] queueInputBuffer: index: 2 pts: 1000002100000 timediff: 14
05-10 16:59:54.909 11312 12496 I MediaCodec: [mId: 0] [video-debug-dec] queueInputBuffer: index: 3 pts: 1000002100000 timediff: 30
05-10 16:59:54.967 11312 12473 W MediaCodec: [mId: 0] [video-debug-dec] onReleaseOutputBuffer: Render time interval reaches 112ms before pts: 1000002066666
05-10 16:59:54.967 11312 12473 I MediaCodec: [mId: 0] [video-debug-dec] onReleaseOutputBuffer index 0 pts: 1000002066666 ptsdiff: 0 timediff: 112 render: 1
05-10 16:59:54.999 11312 12496 I MediaCodec: [mId: 0] [video-debug-dec] queueInputBuffer: index: 2 pts: 1000002100000 timediff: 61
05-10 16:59:55.027 11312 12496 I MediaCodec: [mId: 0] [video-debug-dec] queueInputBuffer: index: 3 pts: 1000002133333 timediff: 28
05-10 16:59:55.041 11312 12496 I MediaCodec: [mId: 0] [video-debug-dec] queueInputBuffer: index: 0 pts: 1000002133333 timediff: 14
05-10 16:59:55.094 11312 12473 W MediaCodec: [mId: 0] [video-debug-dec] onReleaseOutputBuffer: Render time interval reaches 127ms before pts: 1000002100000
05-10 16:59:55.094 11312 12473 I MediaCodec: [mId: 0] [video-debug-dec] onReleaseOutputBuffer index 0 pts: 1000002100000 ptsdiff: 33334 timediff: 127 render: 1
05-10 16:59:55.095 11312 12496 I MediaCodec: [mId: 0] [video-debug-dec] queueInputBuffer: index: 0 pts: 1000002133333 timediff: 30
05-10 16:59:55.111 11312 12496 I MediaCodec: [mId: 0] [video-debug-dec] queueInputBuffer: index: 1 pts: 1000002133333 timediff: 16
05-10 16:59:55.141 11312 12496 I MediaCodec: [mId: 0] [video-debug-dec] queueInputBuffer: index: 2 pts: 1000002133333 timediff: 30
05-10 16:59:55.218 11312 12473 W MediaCodec: [mId: 0] [video-debug-dec] onReleaseOutputBuffer: Render time interval reaches 124ms before pts: 1000002133333
05-10 16:59:55.218 11312 12473 I MediaCodec: [mId: 0] [video-debug-dec] onReleaseOutputBuffer index 0 pts: 1000002133333 ptsdiff: 33333 timediff: 124 render: 1
05-10 16:59:55.239 11312 12496 I MediaCodec: [mId: 0] [video-debug-dec] queueInputBuffer: index: 2 pts: 1000002166666 timediff: 48
05-10 16:59:55.270 11312 12496 I MediaCodec: [mId: 0] [video-debug-dec] queueInputBuffer: index: 3 pts: 1000002166666 timediff: 30
05-10 16:59:55.278 11312 12496 I MediaCodec: [mId: 0] [video-debug-dec] queueInputBuffer: index: 0 pts: 1000002166666 timediff: 9
05-10 16:59:55.338 11312 12473 W MediaCodec: [mId: 0] [video-debug-dec] onReleaseOutputBuffer: Render time interval reaches 119ms before pts: 1000002166666
05-10 16:59:55.338 11312 12473 I MediaCodec: [mId: 0] [video-debug-dec] onReleaseOutputBuffer index 0 pts: 1000002166666 ptsdiff: 33333 timediff: 119 render: 1
05-10 16:59:55.352 11312 12496 I MediaCodec: [mId: 0] [video-debug-dec] queueInputBuffer: index: 3 pts: 1000002200000 timediff: 49
05-10 16:59:55.387 11312 12496 I MediaCodec: [mId: 0] [video-debug-dec] queueInputBuffer: index: 0 pts: 1000002200000 timediff: 34
05-10 16:59:55.419 11312 12496 I MediaCodec: [mId: 0] [video-debug-dec] queueInputBuffer: index: 1 pts: 1000002200000 timediff: 32
05-10 16:59:55.454 11312 12473 W MediaCodec: [mId: 0] [video-debug-dec] onReleaseOutputBuffer: Render time interval reaches 116ms before pts: 1000002166666
05-10 16:59:55.455 11312 12473 I MediaCodec: [mId: 0] [video-debug-dec] onReleaseOutputBuffer index 0 pts: 1000002166666 ptsdiff: 0 timediff: 116 render: 1
05-10 16:59:55.461 11312 12496 I MediaCodec: [mId: 0] [video-debug-dec] queueInputBuffer: index: 3 pts: 1000002200000 timediff: 26
05-10 16:59:55.486 11312 12496 I MediaCodec: [mId: 0] [video-debug-dec] queueInputBuffer: index: 0 pts: 1000002200000 timediff: 25
05-10 16:59:55.507 11312 12496 I MediaCodec: [mId: 0] [video-debug-dec] queueInputBuffer: index: 1 pts: 1000002200000 timediff: 21
05-10 16:59:55.607 11312 12473 W MediaCodec: [mId: 0] [video-debug-dec] onReleaseOutputBuffer: Render time interval reaches 153ms before pts: 1000002200000
05-10 16:59:55.608 11312 12473 I MediaCodec: [mId: 0] [video-debug-dec] onReleaseOutputBuffer index 0 pts: 1000002200000 ptsdiff: 33334 timediff: 153 render: 1
05-10 16:59:55.610 11312 12496 I MediaCodec: [mId: 0] [video-debug-dec] queueInputBuffer: index: 0 pts: 1000002233333 timediff: 59
05-10 16:59:55.642 11312 12496 I MediaCodec: [mId: 0] [video-debug-dec] queueInputBuffer: index: 1 pts: 1000002233333 timediff: 32
05-10 16:59:55.680 11312 12496 I MediaCodec: [mId: 0] [video-debug-dec] queueInputBuffer: index: 2 pts: 1000002233333 timediff: 38
05-10 16:59:55.724 11312 12473 W MediaCodec: [mId: 0] [video-debug-dec] onReleaseOutputBuffer: Render time interval reaches 116ms before pts: 1000002233333
05-10 16:59:55.724 11312 12473 I MediaCodec: [mId: 0] [video-debug-dec] onReleaseOutputBuffer index 0 pts: 1000002233333 ptsdiff: 33333 timediff: 117 render: 1
05-10 16:59:55.762 11312 12496 I MediaCodec: [mId: 0] [video-debug-dec] queueInputBuffer: index: 2 pts: 1000002233333 timediff: 46
05-10 16:59:55.770 11312 12496 I MediaCodec: [mId: 0] [video-debug-dec] queueInputBuffer: index: 3 pts: 1000002266666 timediff: 8
05-10 16:59:55.808 11312 12496 I MediaCodec: [mId: 0] [video-debug-dec] queueInputBuffer: index: 0 pts: 1000002266666 timediff: 37
05-10 16:59:55.863 11312 12473 W MediaCodec: [mId: 0] [video-debug-dec] onReleaseOutputBuffer: Render time interval reaches 138ms before pts: 1000002233333
05-10 16:59:55.863 11312 12473 I MediaCodec: [mId: 0] [video-debug-dec] onReleaseOutputBuffer index 1 pts: 1000002233333 ptsdiff: 0 timediff: 139 render: 1
05-10 16:59:55.879 11312 12496 I MediaCodec: [mId: 0] [video-debug-dec] queueInputBuffer: index: 3 pts: 1000002266666 timediff: 31
05-10 16:59:55.924 11312 12496 I MediaCodec: [mId: 0] [video-debug-dec] queueInputBuffer: index: 0 pts: 1000002266666 timediff: 44
05-10 16:59:55.926 11312 12496 I MediaCodec: [mId: 0] [video-debug-dec] queueInputBuffer: index: 1 pts: 1000002266666 timediff: 2
05-10 16:59:55.993 11312 12473 W MediaCodec: [mId: 0] [video-debug-dec] onReleaseOutputBuffer: Render time interval reaches 129ms before pts: 1000002266666
05-10 16:59:55.993 11312 12473 I MediaCodec: [mId: 0] [video-debug-dec] onReleaseOutputBuffer index 0 pts: 1000002266666 ptsdiff: 33333 timediff: 130 render: 1
05-10 16:59:56.029 11312 12496 I MediaCodec: [mId: 0] [video-debug-dec] queueInputBuffer: index: 1 pts: 1000002300000 timediff: 47
05-10 16:59:56.035 11312 12496 I MediaCodec: [mId: 0] [video-debug-dec] queueInputBuffer: index: 2 pts: 1000002300000 timediff: 3
05-10 16:59:56.069 11312 12496 I MediaCodec: [mId: 0] [video-debug-dec] queueInputBuffer: index: 3 pts: 1000002300000 timediff: 33
05-10 16:59:56.110 11312 12473 W MediaCodec: [mId: 0] [video-debug-dec] onReleaseOutputBuffer: Render time interval reaches 117ms before pts: 1000002300000
05-10 16:59:56.110 11312 12473 I MediaCodec: [mId: 0] [video-debug-dec] onReleaseOutputBuffer index 0 pts: 1000002300000 ptsdiff: 33334 timediff: 117 render: 1
05-10 16:59:56.112 11312 12496 I MediaCodec: [mId: 0] [video-debug-dec] queueInputBuffer: index: 2 pts: 1000002300000 timediff: 22
05-10 16:59:56.159 11312 12496 I MediaCodec: [mId: 0] [video-debug-dec] queueInputBuffer: index: 3 pts: 1000002333333 timediff: 47
05-10 16:59:56.176 11312 12496 I MediaCodec: [mId: 0] [video-debug-dec] queueInputBuffer: index: 0 pts: 1000002333333 timediff: 15
05-10 16:59:56.218 11312 12473 W MediaCodec: [mId: 0] [video-debug-dec] onReleaseOutputBuffer: Render time interval reaches 107ms before pts: 1000002300000
05-10 16:59:56.218 11312 12473 I MediaCodec: [mId: 0] [video-debug-dec] onReleaseOutputBuffer index 1 pts: 1000002300000 ptsdiff: 0 timediff: 108 render: 1
05-10 16:59:56.247 11312 12496 I MediaCodec: [mId: 0] [video-debug-dec] queueInputBuffer: index: 0 pts: 1000002333333 timediff: 31
05-10 16:59:56.256 11312 12496 I MediaCodec: [mId: 0] [video-debug-dec] queueInputBuffer: index: 1 pts: 1000002333333 timediff: 9
05-10 16:59:56.292 11312 12496 I MediaCodec: [mId: 0] [video-debug-dec] queueInputBuffer: index: 2 pts: 1000002333333 timediff: 36
05-10 16:59:56.331 11312 12473 W MediaCodec: [mId: 0] [video-debug-dec] onReleaseOutputBuffer: Render time interval reaches 113ms before pts: 1000002333333
05-10 16:59:56.331 11312 12473 I MediaCodec: [mId: 0] [video-debug-dec] onReleaseOutputBuffer index 0 pts: 1000002333333 ptsdiff: 33333 timediff: 113 render: 1
05-10 16:59:56.333 11312 12496 I MediaCodec: [mId: 0] [video-debug-dec] queueInputBuffer: index: 0 pts: 1000002366666 timediff: 17
05-10 16:59:56.357 11312 12496 I MediaCodec: [mId: 0] [video-debug-dec] queueInputBuffer: index: 1 pts: 1000002366666 timediff: 23
05-10 16:59:56.365 11312 12496 I MediaCodec: [mId: 0] [video-debug-dec] queueInputBuffer: index: 2 pts: 1000002366666 timediff: 8
05-10 16:59:56.438 11312 12473 W MediaCodec: [mId: 0] [video-debug-dec] onReleaseOutputBuffer: Render time interval reaches 107ms before pts: 1000002366666
05-10 16:59:56.439 11312 12473 I MediaCodec: [mId: 0] [video-debug-dec] onReleaseOutputBuffer index 0 pts: 1000002366666 ptsdiff: 33333 timediff: 107 render: 1
05-10 16:59:56.442 11312 12496 I MediaCodec: [mId: 0] [video-debug-dec] queueInputBuffer: index: 2 pts: 1000002366666 timediff: 9
05-10 16:59:56.466 11312 12473 D MediaCodec: [0x6f4a6b04d0] setState: 7
05-10 16:59:56.466 11312 12473 I MediaCodec: [mId: 0] [video-debug-dec] setState: FLUSHING
05-10 16:59:56.467 11312 12473 D MediaCodec: [0x6f4a6b04d0] setState: 8
05-10 16:59:56.467 11312 12473 I MediaCodec: [mId: 0] [video-debug-dec] setState: FLUSHED
05-10 16:59:56.468 11312 12464 D MediaCodec: keep callback message for reclaim
05-10 16:59:56.468 11312 12473 D MediaCodec: [0x6f4a6b04d0] setState: 6
05-10 16:59:56.468 11312 12473 I MediaCodec: [mId: 0] [video-debug-dec] setState: STARTED
05-10 16:59:56.475 11312 12496 I MediaCodec: [mId: 0] [video-debug-dec] queueInputBuffer: index: 0 pts: 1000004000000 timediff: 32
05-10 16:59:56.479 11312 12496 I MediaCodec: [mId: 0] [video-debug-dec] queueInputBuffer: index: 1 pts: 1000004033333 timediff: 3
05-10 16:59:56.548 11312 12473 W MediaCodec: [mId: 0] [video-debug-dec] onReleaseOutputBuffer: Render time interval reaches 110ms before pts: 1000004000000
05-10 16:59:56.548 11312 12473 I MediaCodec: [mId: 0] [video-debug-dec] onReleaseOutputBuffer index 0 pts: 1000004000000 ptsdiff: 1633334 timediff: 110 render: 1
05-10 16:59:56.554 11312 12496 I MediaCodec: [mId: 0] [video-debug-dec] queueInputBuffer: index: 2 pts: 1000004033333 timediff: 25
05-10 16:59:56.572 11312 12496 I MediaCodec: [mId: 0] [video-debug-dec] queueInputBuffer: index: 3 pts: 1000004033333 timediff: 18
05-10 16:59:56.576 11312 12496 I MediaCodec: [mId: 0] [video-debug-dec] queueInputBuffer: index: 0 pts: 1000004033333 timediff: 4
05-10 16:59:56.673 11312 12473 W MediaCodec: [mId: 0] [video-debug-dec] onReleaseOutputBuffer: Render time interval reaches 125ms before pts: 1000004033333
05-10 16:59:56.673 11312 12473 I MediaCodec: [mId: 0] [video-debug-dec] onReleaseOutputBuffer index 0 pts: 1000004033333 ptsdiff: 33333 timediff: 125 render: 1
05-10 16:59:56.676 11312 12496 I MediaCodec: [mId: 0] [video-debug-dec] queueInputBuffer: index: 2 pts: 1000004066666 timediff: 22
05-10 16:59:56.686 11312 12496 I MediaCodec: [mId: 0] [video-debug-dec] queueInputBuffer: index: 3 pts: 1000004066666 timediff: 10
05-10 16:59:56.712 11312 12496 I MediaCodec: [mId: 0] [video-debug-dec] queueInputBuffer: index: 0 pts: 1000004066666 timediff: 26
05-10 16:59:56.737 11312 12473 I MediaCodec: [mId: 0] [video-debug-dec] Stats over last 5009ms:
05-10 16:59:56.737 11312 12473 I MediaCodec: [mId: 0] [video-debug-dec] ClientName: top.bienvenido.saas.i18n ComponentName: c2.android.avc.decoder
05-10 16:59:56.737 11312 12473 I MediaCodec: [mId: 0] [video-debug-dec] Qinput: 182, DQinput: 0 success out of 0 tries
05-10 16:59:56.737 11312 12473 I MediaCodec: [mId: 0] [video-debug-dec] Render: 37, Drop: 127, DQoutput: 0 success out of 0 tries
05-10 16:59:56.737 11312 12473 I MediaCodec: [mId: 0] [video-debug-dec] Avg Input Interval: 27ms, Avg Render Interval: 135ms
05-10 16:59:56.787 11312 12473 W MediaCodec: [mId: 0] [video-debug-dec] onReleaseOutputBuffer: Render time interval reaches 114ms before pts: 1000004066666
05-10 16:59:56.787 11312 12473 I MediaCodec: [mId: 0] [video-debug-dec] onReleaseOutputBuffer index 0 pts: 1000004066666 ptsdiff: 33333 timediff: 114 render: 1
05-10 16:59:56.788 11312 12496 I MediaCodec: [mId: 0] [video-debug-dec] queueInputBuffer: index: 1 pts: 1000004100000 timediff: 18
05-10 16:59:56.802 11312 12496 I MediaCodec: [mId: 0] [video-debug-dec] queueInputBuffer: index: 2 pts: 1000004133333 timediff: 13
05-10 16:59:56.810 11312 12496 I MediaCodec: [mId: 0] [video-debug-dec] queueInputBuffer: index: 3 pts: 1000004133333 timediff: 9
05-10 16:59:56.895 11312 12473 W MediaCodec: [mId: 0] [video-debug-dec] onReleaseOutputBuffer: Render time interval reaches 108ms before pts: 1000004133333
05-10 16:59:56.895 11312 12473 I MediaCodec: [mId: 0] [video-debug-dec] onReleaseOutputBuffer index 0 pts: 1000004133333 ptsdiff: 66667 timediff: 108 render: 1
05-10 16:59:56.910 11312 12496 I MediaCodec: [mId: 0] [video-debug-dec] queueInputBuffer: index: 1 pts: 1000004133333 timediff: 27
05-10 16:59:56.911 11312 12496 I MediaCodec: [mId: 0] [video-debug-dec] queueInputBuffer: index: 2 pts: 1000004166666 timediff: 2
05-10 16:59:56.925 11312 12496 I MediaCodec: [mId: 0] [video-debug-dec] queueInputBuffer: index: 3 pts: 1000004166666 timediff: 14
05-10 16:59:57.029 11312 12473 W MediaCodec: [mId: 0] [video-debug-dec] onReleaseOutputBuffer: Render time interval reaches 134ms before pts: 1000004166666
05-10 16:59:57.030 11312 12473 I MediaCodec: [mId: 0] [video-debug-dec] onReleaseOutputBuffer index 0 pts: 1000004166666 ptsdiff: 33333 timediff: 134 render: 1
05-10 16:59:57.031 11312 12496 I MediaCodec: [mId: 0] [video-debug-dec] queueInputBuffer: index: 2 pts: 1000004200000 timediff: 28
05-10 16:59:57.041 11312 12496 I MediaCodec: [mId: 0] [video-debug-dec] queueInputBuffer: index: 3 pts: 1000004200000 timediff: 10
05-10 16:59:57.065 11312 12496 I MediaCodec: [mId: 0] [video-debug-dec] queueInputBuffer: index: 0 pts: 1000004200000 timediff: 24
05-10 16:59:57.132 11312 12473 W MediaCodec: [mId: 0] [video-debug-dec] onReleaseOutputBuffer: Render time interval reaches 103ms before pts: 1000004200000
05-10 16:59:57.132 11312 12473 I MediaCodec: [mId: 0] [video-debug-dec] onReleaseOutputBuffer index 0 pts: 1000004200000 ptsdiff: 33334 timediff: 103 render: 1
05-10 16:59:57.140 11312 12496 I MediaCodec: [mId: 0] [video-debug-dec] queueInputBuffer: index: 0 pts: 1000004200000 timediff: 38
05-10 16:59:57.169 11312 12496 I MediaCodec: [mId: 0] [video-debug-dec] queueInputBuffer: index: 1 pts: 1000004200000 timediff: 29
05-10 16:59:57.176 11312 12496 I MediaCodec: [mId: 0] [video-debug-dec] queueInputBuffer: index: 2 pts: 1000004233333 timediff: 7
05-10 16:59:57.245 11312 12473 W MediaCodec: [mId: 0] [video-debug-dec] onReleaseOutputBuffer: Render time interval reaches 113ms before pts: 1000004200000
05-10 16:59:57.245 11312 12473 I MediaCodec: [mId: 0] [video-debug-dec] onReleaseOutputBuffer index 0 pts: 1000004200000 ptsdiff: 0 timediff: 113 render: 1
05-10 16:59:57.260 11312 12496 I MediaCodec: [mId: 0] [video-debug-dec] queueInputBuffer: index: 2 pts: 1000004233333 timediff: 27
05-10 16:59:57.310 11312 12496 I MediaCodec: [mId: 0] [video-debug-dec] queueInputBuffer: index: 3 pts: 1000004233333 timediff: 48
05-10 16:59:57.318 11312 12496 I MediaCodec: [mId: 0] [video-debug-dec] queueInputBuffer: index: 0 pts: 1000004233333 timediff: 8
05-10 16:59:57.366 11312 12473 W MediaCodec: [mId: 0] [video-debug-dec] onReleaseOutputBuffer: Render time interval reaches 121ms before pts: 1000004233333
05-10 16:59:57.366 11312 12473 I MediaCodec: [mId: 0] [video-debug-dec] onReleaseOutputBuffer index 0 pts: 1000004233333 ptsdiff: 33333 timediff: 121 render: 1
05-10 16:59:57.391 11312 12496 I MediaCodec: [mId: 0] [video-debug-dec] queueInputBuffer: index: 0 pts: 1000004266666 timediff: 29
05-10 16:59:57.428 11312 12496 I MediaCodec: [mId: 0] [video-debug-dec] queueInputBuffer: index: 1 pts: 1000004266666 timediff: 37
05-10 16:59:57.432 11312 12496 I MediaCodec: [mId: 0] [video-debug-dec] queueInputBuffer: index: 2 pts: 1000004266666 timediff: 4
05-10 16:59:57.493 11312 12473 W MediaCodec: [mId: 0] [video-debug-dec] onReleaseOutputBuffer: Render time interval reaches 127ms before pts: 1000004266666
05-10 16:59:57.493 11312 12473 I MediaCodec: [mId: 0] [video-debug-dec] onReleaseOutputBuffer index 0 pts: 1000004266666 ptsdiff: 33333 timediff: 127 render: 1
05-10 16:59:57.525 11312 12496 I MediaCodec: [mId: 0] [video-debug-dec] queueInputBuffer: index: 2 pts: 1000004300000 timediff: 54
05-10 16:59:57.559 11312 12496 I MediaCodec: [mId: 0] [video-debug-dec] queueInputBuffer: index: 3 pts: 1000004300000 timediff: 34
05-10 16:59:57.568 11312 12496 I MediaCodec: [mId: 0] [video-debug-dec] queueInputBuffer: index: 0 pts: 1000004300000 timediff: 9
05-10 16:59:57.606 11312 12473 W MediaCodec: [mId: 0] [video-debug-dec] onReleaseOutputBuffer: Render time interval reaches 112ms before pts: 1000004266666
05-10 16:59:57.606 11312 12473 I MediaCodec: [mId: 0] [video-debug-dec] onReleaseOutputBuffer index 0 pts: 1000004266666 ptsdiff: 0 timediff: 113 render: 1
05-10 16:59:57.608 11312 12496 I MediaCodec: [mId: 0] [video-debug-dec] queueInputBuffer: index: 3 pts: 1000004300000 timediff: 23
05-10 16:59:57.619 11312 12496 I MediaCodec: [mId: 0] [video-debug-dec] queueInputBuffer: index: 0 pts: 1000004300000 timediff: 11
05-10 16:59:57.638 11312 12496 I MediaCodec: [mId: 0] [video-debug-dec] queueInputBuffer: index: 1 pts: 1000004300000 timediff: 19
05-10 16:59:57.736 11312 12473 W MediaCodec: [mId: 0] [video-debug-dec] onReleaseOutputBuffer: Render time interval reaches 130ms before pts: 1000004300000
05-10 16:59:57.736 11312 12473 I MediaCodec: [mId: 0] [video-debug-dec] onReleaseOutputBuffer index 0 pts: 1000004300000 ptsdiff: 33334 timediff: 130 render: 1
05-10 16:59:57.742 11312 12496 I MediaCodec: [mId: 0] [video-debug-dec] queueInputBuffer: index: 2 pts: 1000004333333 timediff: 32
05-10 16:59:57.779 11312 12496 I MediaCodec: [mId: 0] [video-debug-dec] queueInputBuffer: index: 3 pts: 1000004333333 timediff: 34
05-10 16:59:57.784 11312 12496 I MediaCodec: [mId: 0] [video-debug-dec] queueInputBuffer: index: 0 pts: 1000004333333 timediff: 5
05-10 16:59:57.868 11312 12473 W MediaCodec: [mId: 0] [video-debug-dec] onReleaseOutputBuffer: Render time interval reaches 132ms before pts: 1000004333333
05-10 16:59:57.869 11312 12473 I MediaCodec: [mId: 0] [video-debug-dec] onReleaseOutputBuffer index 0 pts: 1000004333333 ptsdiff: 33333 timediff: 132 render: 1
05-10 16:59:57.873 11312 12496 I MediaCodec: [mId: 0] [video-debug-dec] queueInputBuffer: index: 1 pts: 1000004366666 timediff: 13
05-10 16:59:57.883 11312 12496 I MediaCodec: [mId: 0] [video-debug-dec] queueInputBuffer: index: 2 pts: 1000004366666 timediff: 9
05-10 16:59:57.934 11312 12496 I MediaCodec: [mId: 0] [video-debug-dec] queueInputBuffer: index: 3 pts: 1000004366666 timediff: 52
05-10 16:59:58.081 11312 12473 W MediaCodec: [mId: 0] [video-debug-dec] onReleaseOutputBuffer: Render time interval reaches 209ms before pts: 1000004366666
05-10 16:59:58.081 11312 12473 I MediaCodec: [mId: 0] [video-debug-dec] onReleaseOutputBuffer index 0 pts: 1000004366666 ptsdiff: 33333 timediff: 213 render: 1
05-10 16:59:58.083 11312 12496 I MediaCodec: [mId: 0] [video-debug-dec] queueInputBuffer: index: 2 pts: 1000004400000 timediff: 94
05-10 16:59:58.124 11312 12496 I MediaCodec: [mId: 0] [video-debug-dec] queueInputBuffer: index: 3 pts: 1000004400000 timediff: 41
05-10 16:59:58.174 11312 12496 I MediaCodec: [mId: 0] [video-debug-dec] queueInputBuffer: index: 0 pts: 1000004400000 timediff: 50
05-10 16:59:58.191 11312 12473 W MediaCodec: [mId: 0] [video-debug-dec] onReleaseOutputBuffer: Render time interval reaches 110ms before pts: 1000004366666
05-10 16:59:58.191 11312 12473 I MediaCodec: [mId: 0] [video-debug-dec] onReleaseOutputBuffer index 0 pts: 1000004366666 ptsdiff: 0 timediff: 110 render: 1
05-10 16:59:58.192 11312 12496 I MediaCodec: [mId: 0] [video-debug-dec] queueInputBuffer: index: 2 pts: 1000004400000 timediff: 16
05-10 16:59:58.249 11312 12496 I MediaCodec: [mId: 0] [video-debug-dec] queueInputBuffer: index: 3 pts: 1000004400000 timediff: 57
05-10 16:59:58.265 11312 12496 I MediaCodec: [mId: 0] [video-debug-dec] queueInputBuffer: index: 0 pts: 1000004400000 timediff: 15
05-10 16:59:58.297 11312 12473 W MediaCodec: [mId: 0] [video-debug-dec] onReleaseOutputBuffer: Render time interval reaches 106ms before pts: 1000004400000
05-10 16:59:58.298 11312 12473 I MediaCodec: [mId: 0] [video-debug-dec] onReleaseOutputBuffer index 0 pts: 1000004400000 ptsdiff: 33334 timediff: 106 render: 1
05-10 16:59:58.302 11312 12496 I MediaCodec: [mId: 0] [video-debug-dec] queueInputBuffer: index: 1 pts: 1000004400000 timediff: 37
05-10 16:59:58.311 11312 12496 I MediaCodec: [mId: 0] [video-debug-dec] queueInputBuffer: index: 2 pts: 1000004433333 timediff: 3
05-10 16:59:58.324 11312 12496 I MediaCodec: [mId: 0] [video-debug-dec] queueInputBuffer: index: 3 pts: 1000004433333 timediff: 13
05-10 16:59:58.418 11312 12473 W MediaCodec: [mId: 0] [video-debug-dec] onReleaseOutputBuffer: Render time interval reaches 120ms before pts: 1000004400000
05-10 16:59:58.418 11312 12473 I MediaCodec: [mId: 0] [video-debug-dec] onReleaseOutputBuffer index 0 pts: 1000004400000 ptsdiff: 0 timediff: 121 render: 1
05-10 16:59:58.442 11312 12496 I MediaCodec: [mId: 0] [video-debug-dec] queueInputBuffer: index: 3 pts: 1000004433333 timediff: 52
05-10 16:59:58.444 11312 12496 I MediaCodec: [mId: 0] [video-debug-dec] queueInputBuffer: index: 0 pts: 1000004433333 timediff: 2
05-10 16:59:58.449 11312 12496 I MediaCodec: [mId: 0] [video-debug-dec] queueInputBuffer: index: 1 pts: 1000004433333 timediff: 4
05-10 16:59:58.481 11312 12473 D MediaCodec: [0x6f4a6b04d0] setState: 7
05-10 16:59:58.481 11312 12473 I MediaCodec: [mId: 0] [video-debug-dec] setState: FLUSHING
05-10 16:59:58.483 11312 12473 D MediaCodec: [0x6f4a6b04d0] setState: 8
05-10 16:59:58.483 11312 12473 I MediaCodec: [mId: 0] [video-debug-dec] setState: FLUSHED
05-10 16:59:58.484 11312 12464 D MediaCodec: keep callback message for reclaim
05-10 16:59:58.484 11312 12473 D MediaCodec: [0x6f4a6b04d0] setState: 6
05-10 16:59:58.484 11312 12473 I MediaCodec: [mId: 0] [video-debug-dec] setState: STARTED
05-10 16:59:58.628 11312 12473 W MediaCodec: [mId: 0] [video-debug-dec] onReleaseOutputBuffer: Render time interval reaches 210ms before pts: 1000006000000
05-10 16:59:58.629 11312 12473 I MediaCodec: [mId: 0] [video-debug-dec] onReleaseOutputBuffer index 0 pts: 1000006000000 ptsdiff: 1600000 timediff: 210 render: 1
05-10 16:59:58.632 11312 12496 I MediaCodec: [mId: 0] [video-debug-dec] queueInputBuffer: index: 2 pts: 1000006033333 timediff: 33
05-10 16:59:58.701 11312 12496 I MediaCodec: [mId: 0] [video-debug-dec] queueInputBuffer: index: 3 pts: 1000006033333 timediff: 69
05-10 16:59:58.737 11312 12473 W MediaCodec: [mId: 0] [video-debug-dec] onReleaseOutputBuffer: Render time interval reaches 109ms before pts: 1000006033333
05-10 16:59:58.737 11312 12473 I MediaCodec: [mId: 0] [video-debug-dec] onReleaseOutputBuffer index 0 pts: 1000006033333 ptsdiff: 33333 timediff: 109 render: 1
05-10 16:59:58.740 11312 12496 I MediaCodec: [mId: 0] [video-debug-dec] queueInputBuffer: index: 0 pts: 1000006033333 timediff: 39
05-10 16:59:58.870 11312 12473 W MediaCodec: [mId: 0] [video-debug-dec] onReleaseOutputBuffer: Render time interval reaches 133ms before pts: 1000006033333
05-10 16:59:58.870 11312 12473 I MediaCodec: [mId: 0] [video-debug-dec] onReleaseOutputBuffer index 0 pts: 1000006033333 ptsdiff: 0 timediff: 133 render: 1
05-10 16:59:58.876 11312 12496 I MediaCodec: [mId: 0] [video-debug-dec] queueInputBuffer: index: 3 pts: 1000006066666 timediff: 53
05-10 16:59:58.906 11312 12496 I MediaCodec: [mId: 0] [video-debug-dec] queueInputBuffer: index: 0 pts: 1000006066666 timediff: 30
05-10 16:59:58.921 11312 12496 I MediaCodec: [mId: 0] [video-debug-dec] queueInputBuffer: index: 1 pts: 1000006066666 timediff: 13
05-10 16:59:58.980 11312 12473 W MediaCodec: [mId: 0] [video-debug-dec] onReleaseOutputBuffer: Render time interval reaches 110ms before pts: 1000006066666
05-10 16:59:58.980 11312 12473 I MediaCodec: [mId: 0] [video-debug-dec] onReleaseOutputBuffer index 0 pts: 1000006066666 ptsdiff: 33333 timediff: 110 render: 1
05-10 16:59:58.986 11312 12496 I MediaCodec: [mId: 0] [video-debug-dec] queueInputBuffer: index: 0 pts: 1000006100000 timediff: 26
05-10 16:59:59.002 11312 12496 I MediaCodec: [mId: 0] [video-debug-dec] queueInputBuffer: index: 1 pts: 1000006100000 timediff: 16
05-10 16:59:59.014 11312 12496 I MediaCodec: [mId: 0] [video-debug-dec] queueInputBuffer: index: 2 pts: 1000006100000 timediff: 12
05-10 16:59:59.094 11312 12473 W MediaCodec: [mId: 0] [video-debug-dec] onReleaseOutputBuffer: Render time interval reaches 114ms before pts: 1000006100000
05-10 16:59:59.094 11312 12473 I MediaCodec: [mId: 0] [video-debug-dec] onReleaseOutputBuffer index 0 pts: 1000006100000 ptsdiff: 33334 timediff: 114 render: 1
05-10 16:59:59.097 11312 12496 I MediaCodec: [mId: 0] [video-debug-dec] queueInputBuffer: index: 3 pts: 1000006133333 timediff: 32
05-10 16:59:59.144 11312 12496 I MediaCodec: [mId: 0] [video-debug-dec] queueInputBuffer: index: 0 pts: 1000006133333 timediff: 47
05-10 16:59:59.148 11312 12496 I MediaCodec: [mId: 0] [video-debug-dec] queueInputBuffer: index: 1 pts: 1000006133333 timediff: 4
05-10 16:59:59.234 11312 12473 W MediaCodec: [mId: 0] [video-debug-dec] onReleaseOutputBuffer: Render time interval reaches 140ms before pts: 1000006133333
05-10 16:59:59.234 11312 12473 I MediaCodec: [mId: 0] [video-debug-dec] onReleaseOutputBuffer index 0 pts: 1000006133333 ptsdiff: 33333 timediff: 140 render: 1
05-10 16:59:59.236 11312 12496 I MediaCodec: [mId: 0] [video-debug-dec] queueInputBuffer: index: 1 pts: 1000006166666 timediff: 23
05-10 16:59:59.255 11312 12496 I MediaCodec: [mId: 0] [video-debug-dec] queueInputBuffer: index: 2 pts: 1000006166666 timediff: 18
05-10 16:59:59.283 11312 12496 I MediaCodec: [mId: 0] [video-debug-dec] queueInputBuffer: index: 3 pts: 1000006166666 timediff: 28
05-10 16:59:59.373 11312 12473 W MediaCodec: [mId: 0] [video-debug-dec] onReleaseOutputBuffer: Render time interval reaches 139ms before pts: 1000006166666
05-10 16:59:59.374 11312 12473 I MediaCodec: [mId: 0] [video-debug-dec] onReleaseOutputBuffer index 0 pts: 1000006166666 ptsdiff: 33333 timediff: 140 render: 1
05-10 16:59:59.383 11312 12496 I MediaCodec: [mId: 0] [video-debug-dec] queueInputBuffer: index: 2 pts: 1000006166666 timediff: 32
05-10 16:59:59.392 11312 12496 I MediaCodec: [mId: 0] [video-debug-dec] queueInputBuffer: index: 3 pts: 1000006166666 timediff: 8
05-10 16:59:59.405 11312 12496 I MediaCodec: [mId: 0] [video-debug-dec] queueInputBuffer: index: 0 pts: 1000006166666 timediff: 13
05-10 16:59:59.502 11312 12473 W MediaCodec: [mId: 0] [video-debug-dec] onReleaseOutputBuffer: Render time interval reaches 127ms before pts: 1000006166666
05-10 16:59:59.502 11312 12473 I MediaCodec: [mId: 0] [video-debug-dec] onReleaseOutputBuffer index 0 pts: 1000006166666 ptsdiff: 0 timediff: 127 render: 1
05-10 16:59:59.514 11312 12496 I MediaCodec: [mId: 0] [video-debug-dec] queueInputBuffer: index: 0 pts: 1000006200000 timediff: 28
05-10 16:59:59.516 11312 12496 I MediaCodec: [mId: 0] [video-debug-dec] queueInputBuffer: index: 1 pts: 1000006200000 timediff: 2
05-10 16:59:59.525 11312 12496 I MediaCodec: [mId: 0] [video-debug-dec] queueInputBuffer: index: 2 pts: 1000006200000 timediff: 8
05-10 16:59:59.634 11312 12473 W MediaCodec: [mId: 0] [video-debug-dec] onReleaseOutputBuffer: Render time interval reaches 132ms before pts: 1000006200000
05-10 16:59:59.634 11312 12473 I MediaCodec: [mId: 0] [video-debug-dec] onReleaseOutputBuffer index 0 pts: 1000006200000 ptsdiff: 33334 timediff: 132 render: 1
05-10 16:59:59.642 11312 12496 I MediaCodec: [mId: 0] [video-debug-dec] queueInputBuffer: index: 1 pts: 1000006233333 timediff: 33
05-10 16:59:59.658 11312 12496 I MediaCodec: [mId: 0] [video-debug-dec] queueInputBuffer: index: 2 pts: 1000006233333 timediff: 13
05-10 16:59:59.673 11312 12496 I MediaCodec: [mId: 0] [video-debug-dec] queueInputBuffer: index: 3 pts: 1000006233333 timediff: 15
05-10 16:59:59.752 11312 12473 W MediaCodec: [mId: 0] [video-debug-dec] onReleaseOutputBuffer: Render time interval reaches 118ms before pts: 1000006233333
05-10 16:59:59.752 11312 12473 I MediaCodec: [mId: 0] [video-debug-dec] onReleaseOutputBuffer index 0 pts: 1000006233333 ptsdiff: 33333 timediff: 118 render: 1
05-10 16:59:59.754 11312 12496 I MediaCodec: [mId: 0] [video-debug-dec] queueInputBuffer: index: 3 pts: 1000006266666 timediff: 11
05-10 16:59:59.774 11312 12496 I MediaCodec: [mId: 0] [video-debug-dec] queueInputBuffer: index: 0 pts: 1000006266666 timediff: 20
05-10 16:59:59.792 11312 12496 I MediaCodec: [mId: 0] [video-debug-dec] queueInputBuffer: index: 1 pts: 1000006266666 timediff: 13
05-10 16:59:59.882 11312 12473 W MediaCodec: [mId: 0] [video-debug-dec] onReleaseOutputBuffer: Render time interval reaches 130ms before pts: 1000006266666
05-10 16:59:59.882 11312 12473 I MediaCodec: [mId: 0] [video-debug-dec] onReleaseOutputBuffer index 0 pts: 1000006266666 ptsdiff: 33333 timediff: 130 render: 1
05-10 16:59:59.884 11312 12496 I MediaCodec: [mId: 0] [video-debug-dec] queueInputBuffer: index: 3 pts: 1000006300000 timediff: 26
