05-10 17:00:15.998 11312 12496 I MediaCodec: [mId: 0] [video-debug-dec] queueInputBuffer: index: 1 pts: 1000022300000 timediff: 12
05-10 17:00:16.008 11312 12496 I MediaCodec: [mId: 0] [video-debug-dec] queueInputBuffer: index: 2 pts: 1000022300000 timediff: 10
05-10 17:00:16.033 11312 12496 I MediaCodec: [mId: 0] [video-debug-dec] queueInputBuffer: index: 3 pts: 1000022300000 timediff: 25
05-10 17:00:16.106 11312 12473 W MediaCodec: [mId: 0] [video-debug-dec] onReleaseOutputBuffer: Render time interval reaches 110ms before pts: 1000022300000
05-10 17:00:16.106 11312 12473 I MediaCodec: [mId: 0] [video-debug-dec] onReleaseOutputBuffer index 0 pts: 1000022300000 ptsdiff: 33334 timediff: 110 render: 1
05-10 17:00:16.108 11312 12496 I MediaCodec: [mId: 0] [video-debug-dec] queueInputBuffer: index: 1 pts: 1000022333333 timediff: 12
05-10 17:00:16.128 11312 12496 I MediaCodec: [mId: 0] [video-debug-dec] queueInputBuffer: index: 2 pts: 1000022333333 timediff: 18
05-10 17:00:16.138 11312 12496 I MediaCodec: [mId: 0] [video-debug-dec] queueInputBuffer: index: 3 pts: 1000022333333 timediff: 10
05-10 17:00:16.224 11312 12473 W MediaCodec: [mId: 0] [video-debug-dec] onReleaseOutputBuffer: Render time interval reaches 117ms before pts: 1000022333333
05-10 17:00:16.224 11312 12473 I MediaCodec: [mId: 0] [video-debug-dec] onReleaseOutputBuffer index 0 pts: 1000022333333 ptsdiff: 33333 timediff: 118 render: 1
05-10 17:00:16.225 11312 12496 I MediaCodec: [mId: 0] [video-debug-dec] queueInputBuffer: index: 2 pts: 1000022366666 timediff: 11
05-10 17:00:16.236 11312 12496 I MediaCodec: [mId: 0] [video-debug-dec] queueInputBuffer: index: 3 pts: 1000022366666 timediff: 10
05-10 17:00:16.247 11312 12496 I MediaCodec: [mId: 0] [video-debug-dec] queueInputBuffer: index: 0 pts: 1000022366666 timediff: 11
05-10 17:00:16.328 11312 12473 W MediaCodec: [mId: 0] [video-debug-dec] onReleaseOutputBuffer: Render time interval reaches 104ms before pts: 1000022400000
05-10 17:00:16.328 11312 12473 I MediaCodec: [mId: 0] [video-debug-dec] onReleaseOutputBuffer index 0 pts: 1000022400000 ptsdiff: 66667 timediff: 104 render: 1
05-10 17:00:16.339 11312 12496 I MediaCodec: [mId: 0] [video-debug-dec] queueInputBuffer: index: 0 pts: 1000022400000 timediff: 18
05-10 17:00:16.351 11312 12496 I MediaCodec: [mId: 0] [video-debug-dec] queueInputBuffer: index: 1 pts: 1000022433333 timediff: 11
05-10 17:00:16.364 11312 12496 I MediaCodec: [mId: 0] [video-debug-dec] queueInputBuffer: index: 2 pts: 1000022433333 timediff: 13
05-10 17:00:16.436 11312 12473 W MediaCodec: [mId: 0] [video-debug-dec] onReleaseOutputBuffer: Render time interval reaches 108ms before pts: 1000022433333
05-10 17:00:16.437 11312 12473 I MediaCodec: [mId: 0] [video-debug-dec] onReleaseOutputBuffer index 0 pts: 1000022433333 ptsdiff: 33333 timediff: 108 render: 1
05-10 17:00:16.438 11312 12496 I MediaCodec: [mId: 0] [video-debug-dec] queueInputBuffer: index: 3 pts: 1000022433333 timediff: 10
05-10 17:00:16.449 11312 12496 I MediaCodec: [mId: 0] [video-debug-dec] queueInputBuffer: index: 0 pts: 1000022433333 timediff: 10
05-10 17:00:16.460 11312 12496 I MediaCodec: [mId: 0] [video-debug-dec] queueInputBuffer: index: 1 pts: 1000022466666 timediff: 11
05-10 17:00:16.554 11312 12473 W MediaCodec: [mId: 0] [video-debug-dec] onReleaseOutputBuffer: Render time interval reaches 118ms before pts: 1000022466666
05-10 17:00:16.554 11312 12473 I MediaCodec: [mId: 0] [video-debug-dec] onReleaseOutputBuffer index 0 pts: 1000022466666 ptsdiff: 33333 timediff: 118 render: 1
05-10 17:00:16.556 11312 12496 I MediaCodec: [mId: 0] [video-debug-dec] queueInputBuffer: index: 3 pts: 1000022466666 timediff: 12
05-10 17:00:16.575 11312 12496 I MediaCodec: [mId: 0] [video-debug-dec] queueInputBuffer: index: 0 pts: 1000022466666 timediff: 18
05-10 17:00:16.593 11312 12496 I MediaCodec: [mId: 0] [video-debug-dec] queueInputBuffer: index: 1 pts: 1000022500000 timediff: 19
05-10 17:00:16.657 11312 12473 W MediaCodec: [mId: 0] [video-debug-dec] onReleaseOutputBuffer: Render time interval reaches 103ms before pts: 1000022500000
05-10 17:00:16.657 11312 12473 I MediaCodec: [mId: 0] [video-debug-dec] onReleaseOutputBuffer index 0 pts: 1000022500000 ptsdiff: 33334 timediff: 103 render: 1
05-10 17:00:16.659 11312 12496 I MediaCodec: [mId: 0] [video-debug-dec] queueInputBuffer: index: 0 pts: 1000022500000 timediff: 10
05-10 17:00:16.669 11312 12496 I MediaCodec: [mId: 0] [video-debug-dec] queueInputBuffer: index: 1 pts: 1000022533333 timediff: 10
05-10 17:00:16.679 11312 12496 I MediaCodec: [mId: 0] [video-debug-dec] queueInputBuffer: index: 2 pts: 1000022533333 timediff: 9
05-10 17:00:16.776 11312 12473 W MediaCodec: [mId: 0] [video-debug-dec] onReleaseOutputBuffer: Render time interval reaches 119ms before pts: 1000022533333
05-10 17:00:16.776 11312 12473 I MediaCodec: [mId: 0] [video-debug-dec] onReleaseOutputBuffer index 0 pts: 1000022533333 ptsdiff: 33333 timediff: 119 render: 1
05-10 17:00:16.778 11312 12496 I MediaCodec: [mId: 0] [video-debug-dec] queueInputBuffer: index: 2 pts: 1000022566666 timediff: 23
05-10 17:00:16.791 11312 12496 I MediaCodec: [mId: 0] [video-debug-dec] queueInputBuffer: index: 3 pts: 1000022566666 timediff: 13
05-10 17:00:16.809 11312 12496 I MediaCodec: [mId: 0] [video-debug-dec] queueInputBuffer: index: 0 pts: 1000022566666 timediff: 17
05-10 17:00:16.883 11312 12473 W MediaCodec: [mId: 0] [video-debug-dec] onReleaseOutputBuffer: Render time interval reaches 106ms before pts: 1000022566666
05-10 17:00:16.883 11312 12473 I MediaCodec: [mId: 0] [video-debug-dec] onReleaseOutputBuffer index 0 pts: 1000022566666 ptsdiff: 33333 timediff: 107 render: 1
05-10 17:00:16.887 11312 12496 I MediaCodec: [mId: 0] [video-debug-dec] queueInputBuffer: index: 2 pts: 1000022600000 timediff: 12
05-10 17:00:16.894 11312 12496 I MediaCodec: [mId: 0] [video-debug-dec] queueInputBuffer: index: 3 pts: 1000022600000 timediff: 7
05-10 17:00:16.954 11312 12496 I MediaCodec: [mId: 0] [video-debug-dec] queueInputBuffer: index: 0 pts: 1000022600000 timediff: 59
05-10 17:00:17.001 11312 12473 W MediaCodec: [mId: 0] [video-debug-dec] onReleaseOutputBuffer: Render time interval reaches 118ms before pts: 1000022600000
05-10 17:00:17.001 11312 12473 I MediaCodec: [mId: 0] [video-debug-dec] onReleaseOutputBuffer index 0 pts: 1000022600000 ptsdiff: 33334 timediff: 118 render: 1
05-10 17:00:17.003 11312 12496 I MediaCodec: [mId: 0] [video-debug-dec] queueInputBuffer: index: 1 pts: 1000022633333 timediff: 21
05-10 17:00:17.016 11312 12496 I MediaCodec: [mId: 0] [video-debug-dec] queueInputBuffer: index: 2 pts: 1000022633333 timediff: 13
05-10 17:00:17.028 11312 12473 I MediaCodec: [mId: 0] [video-debug-dec] Stats over last 5004ms:
05-10 17:00:17.028 11312 12473 I MediaCodec: [mId: 0] [video-debug-dec] ClientName: top.bienvenido.saas.i18n ComponentName: c2.android.avc.decoder
05-10 17:00:17.028 11312 12473 I MediaCodec: [mId: 0] [video-debug-dec] Qinput: 350, DQinput: 0 success out of 0 tries
05-10 17:00:17.028 11312 12473 I MediaCodec: [mId: 0] [video-debug-dec] Render: 44, Drop: 294, DQoutput: 0 success out of 0 tries
05-10 17:00:17.028 11312 12473 I MediaCodec: [mId: 0] [video-debug-dec] Avg Input Interval: 14ms, Avg Render Interval: 113ms
05-10 17:00:17.043 11312 12496 I MediaCodec: [mId: 0] [video-debug-dec] queueInputBuffer: index: 3 pts: 1000022633333 timediff: 27
05-10 17:00:17.096 11312 12473 D MediaCodec: [0x6f4a6b04d0] setState: 7
05-10 17:00:17.096 11312 12473 I MediaCodec: [mId: 0] [video-debug-dec] setState: FLUSHING
05-10 17:00:17.101 11312 12473 D MediaCodec: [0x6f4a6b04d0] setState: 8
05-10 17:00:17.101 11312 12473 I MediaCodec: [mId: 0] [video-debug-dec] setState: FLUSHED
05-10 17:00:17.104 11312 12464 D MediaCodec: keep callback message for reclaim
05-10 17:00:17.104 11312 12473 D MediaCodec: [0x6f4a6b04d0] setState: 6
05-10 17:00:17.104 11312 12473 I MediaCodec: [mId: 0] [video-debug-dec] setState: STARTED
05-10 17:00:17.185 11312 12473 W MediaCodec: [mId: 0] [video-debug-dec] onReleaseOutputBuffer: Render time interval reaches 183ms before pts: 1000024000000
05-10 17:00:17.185 11312 12473 I MediaCodec: [mId: 0] [video-debug-dec] onReleaseOutputBuffer index 0 pts: 1000024000000 ptsdiff: 1400000 timediff: 184 render: 1
05-10 17:00:17.186 11312 12496 I MediaCodec: [mId: 0] [video-debug-dec] queueInputBuffer: index: 0 pts: 1000024033333 timediff: 67
05-10 17:00:17.189 11312 12496 I MediaCodec: [mId: 0] [video-debug-dec] queueInputBuffer: index: 1 pts: 1000024033333 timediff: 3
05-10 17:00:17.191 11312 12496 I MediaCodec: [mId: 0] [video-debug-dec] queueInputBuffer: index: 2 pts: 1000024033333 timediff: 2
05-10 17:00:17.295 11312 12473 W MediaCodec: [mId: 0] [video-debug-dec] onReleaseOutputBuffer: Render time interval reaches 110ms before pts: 1000024033333
05-10 17:00:17.295 11312 12473 I MediaCodec: [mId: 0] [video-debug-dec] onReleaseOutputBuffer index 0 pts: 1000024033333 ptsdiff: 33333 timediff: 110 render: 1
05-10 17:00:17.297 11312 12496 I MediaCodec: [mId: 0] [video-debug-dec] queueInputBuffer: index: 1 pts: 1000024066666 timediff: 10
05-10 17:00:17.306 11312 12496 I MediaCodec: [mId: 0] [video-debug-dec] queueInputBuffer: index: 2 pts: 1000024066666 timediff: 8
05-10 17:00:17.322 11312 12496 I MediaCodec: [mId: 0] [video-debug-dec] queueInputBuffer: index: 3 pts: 1000024066666 timediff: 14
05-10 17:00:17.403 11312 12473 W MediaCodec: [mId: 0] [video-debug-dec] onReleaseOutputBuffer: Render time interval reaches 108ms before pts: 1000024100000
05-10 17:00:17.403 11312 12473 I MediaCodec: [mId: 0] [video-debug-dec] onReleaseOutputBuffer index 0 pts: 1000024100000 ptsdiff: 66667 timediff: 108 render: 1
05-10 17:00:17.406 11312 12496 I MediaCodec: [mId: 0] [video-debug-dec] queueInputBuffer: index: 2 pts: 1000024133333 timediff: 22
05-10 17:00:17.417 11312 12496 I MediaCodec: [mId: 0] [video-debug-dec] queueInputBuffer: index: 3 pts: 1000024133333 timediff: 10
05-10 17:00:17.427 11312 12496 I MediaCodec: [mId: 0] [video-debug-dec] queueInputBuffer: index: 0 pts: 1000024133333 timediff: 10
05-10 17:00:17.511 11312 12473 W MediaCodec: [mId: 0] [video-debug-dec] onReleaseOutputBuffer: Render time interval reaches 108ms before pts: 1000024133333
05-10 17:00:17.511 11312 12473 I MediaCodec: [mId: 0] [video-debug-dec] onReleaseOutputBuffer index 0 pts: 1000024133333 ptsdiff: 33333 timediff: 108 render: 1
05-10 17:00:17.516 11312 12496 I MediaCodec: [mId: 0] [video-debug-dec] queueInputBuffer: index: 2 pts: 1000024166666 timediff: 15
05-10 17:00:17.564 11312 12496 I MediaCodec: [mId: 0] [video-debug-dec] queueInputBuffer: index: 3 pts: 1000024166666 timediff: 48
05-10 17:00:17.578 11312 12496 I MediaCodec: [mId: 0] [video-debug-dec] queueInputBuffer: index: 0 pts: 1000024166666 timediff: 14
05-10 17:00:17.637 11312 12473 W MediaCodec: [mId: 0] [video-debug-dec] onReleaseOutputBuffer: Render time interval reaches 126ms before pts: 1000024166666
05-10 17:00:17.637 11312 12473 I MediaCodec: [mId: 0] [video-debug-dec] onReleaseOutputBuffer index 0 pts: 1000024166666 ptsdiff: 33333 timediff: 126 render: 1
05-10 17:00:17.640 11312 12496 I MediaCodec: [mId: 0] [video-debug-dec] queueInputBuffer: index: 0 pts: 1000024166666 timediff: 22
05-10 17:00:17.653 11312 12496 I MediaCodec: [mId: 0] [video-debug-dec] queueInputBuffer: index: 1 pts: 1000024200000 timediff: 13
05-10 17:00:17.670 11312 12496 I MediaCodec: [mId: 0] [video-debug-dec] queueInputBuffer: index: 2 pts: 1000024200000 timediff: 17
05-10 17:00:17.762 11312 12473 W MediaCodec: [mId: 0] [video-debug-dec] onReleaseOutputBuffer: Render time interval reaches 125ms before pts: 1000024200000
05-10 17:00:17.762 11312 12473 I MediaCodec: [mId: 0] [video-debug-dec] onReleaseOutputBuffer index 0 pts: 1000024200000 ptsdiff: 33334 timediff: 125 render: 1
05-10 17:00:17.764 11312 12496 I MediaCodec: [mId: 0] [video-debug-dec] queueInputBuffer: index: 1 pts: 1000024233333 timediff: 22
05-10 17:00:17.774 11312 12496 I MediaCodec: [mId: 0] [video-debug-dec] queueInputBuffer: index: 2 pts: 1000024233333 timediff: 10
05-10 17:00:17.784 11312 12496 I MediaCodec: [mId: 0] [video-debug-dec] queueInputBuffer: index: 3 pts: 1000024233333 timediff: 10
05-10 17:00:17.865 11312 12473 W MediaCodec: [mId: 0] [video-debug-dec] onReleaseOutputBuffer: Render time interval reaches 103ms before pts: 1000024233333
05-10 17:00:17.865 11312 12473 I MediaCodec: [mId: 0] [video-debug-dec] onReleaseOutputBuffer index 0 pts: 1000024233333 ptsdiff: 33333 timediff: 103 render: 1
05-10 17:00:17.868 11312 12496 I MediaCodec: [mId: 0] [video-debug-dec] queueInputBuffer: index: 1 pts: 1000024266666 timediff: 12
05-10 17:00:17.886 11312 12496 I MediaCodec: [mId: 0] [video-debug-dec] queueInputBuffer: index: 2 pts: 1000024266666 timediff: 18
05-10 17:00:17.896 11312 12496 I MediaCodec: [mId: 0] [video-debug-dec] queueInputBuffer: index: 3 pts: 1000024266666 timediff: 10
05-10 17:00:17.970 11312 12473 W MediaCodec: [mId: 0] [video-debug-dec] onReleaseOutputBuffer: Render time interval reaches 105ms before pts: 1000024266666
05-10 17:00:17.970 11312 12473 I MediaCodec: [mId: 0] [video-debug-dec] onReleaseOutputBuffer index 0 pts: 1000024266666 ptsdiff: 33333 timediff: 105 render: 1
05-10 17:00:17.972 11312 12496 I MediaCodec: [mId: 0] [video-debug-dec] queueInputBuffer: index: 1 pts: 1000024300000 timediff: 21
05-10 17:00:17.982 11312 12496 I MediaCodec: [mId: 0] [video-debug-dec] queueInputBuffer: index: 2 pts: 1000024300000 timediff: 10
05-10 17:00:17.992 11312 12496 I MediaCodec: [mId: 0] [video-debug-dec] queueInputBuffer: index: 3 pts: 1000024300000 timediff: 10
05-10 17:00:18.073 11312 12473 W MediaCodec: [mId: 0] [video-debug-dec] onReleaseOutputBuffer: Render time interval reaches 103ms before pts: 1000024300000
05-10 17:00:18.073 11312 12473 I MediaCodec: [mId: 0] [video-debug-dec] onReleaseOutputBuffer index 0 pts: 1000024300000 ptsdiff: 33334 timediff: 103 render: 1
05-10 17:00:18.075 11312 12496 I MediaCodec: [mId: 0] [video-debug-dec] queueInputBuffer: index: 0 pts: 1000024300000 timediff: 22
05-10 17:00:18.077 11312 12496 I MediaCodec: [mId: 0] [video-debug-dec] queueInputBuffer: index: 1 pts: 1000024333333 timediff: 2
05-10 17:00:18.086 11312 12496 I MediaCodec: [mId: 0] [video-debug-dec] queueInputBuffer: index: 2 pts: 1000024333333 timediff: 8
05-10 17:00:18.178 11312 12473 W MediaCodec: [mId: 0] [video-debug-dec] onReleaseOutputBuffer: Render time interval reaches 105ms before pts: 1000024333333
05-10 17:00:18.179 11312 12473 I MediaCodec: [mId: 0] [video-debug-dec] onReleaseOutputBuffer index 0 pts: 1000024333333 ptsdiff: 33333 timediff: 105 render: 1
05-10 17:00:18.181 11312 12496 I MediaCodec: [mId: 0] [video-debug-dec] queueInputBuffer: index: 0 pts: 1000024333333 timediff: 16
05-10 17:00:18.202 11312 12496 I MediaCodec: [mId: 0] [video-debug-dec] queueInputBuffer: index: 1 pts: 1000024366666 timediff: 20
05-10 17:00:18.211 11312 12496 I MediaCodec: [mId: 0] [video-debug-dec] queueInputBuffer: index: 2 pts: 1000024366666 timediff: 9
05-10 17:00:18.294 11312 12473 W MediaCodec: [mId: 0] [video-debug-dec] onReleaseOutputBuffer: Render time interval reaches 116ms before pts: 1000024366666
05-10 17:00:18.294 11312 12473 I MediaCodec: [mId: 0] [video-debug-dec] onReleaseOutputBuffer index 0 pts: 1000024366666 ptsdiff: 33333 timediff: 116 render: 1
05-10 17:00:18.301 11312 12496 I MediaCodec: [mId: 0] [video-debug-dec] queueInputBuffer: index: 0 pts: 1000024366666 timediff: 24
05-10 17:00:18.334 11312 12496 I MediaCodec: [mId: 0] [video-debug-dec] queueInputBuffer: index: 1 pts: 1000024400000 timediff: 32
05-10 17:00:18.336 11312 12496 I MediaCodec: [mId: 0] [video-debug-dec] queueInputBuffer: index: 2 pts: 1000024400000 timediff: 2
05-10 17:00:18.402 11312 12473 W MediaCodec: [mId: 0] [video-debug-dec] onReleaseOutputBuffer: Render time interval reaches 108ms before pts: 1000024400000
05-10 17:00:18.402 11312 12473 I MediaCodec: [mId: 0] [video-debug-dec] onReleaseOutputBuffer index 0 pts: 1000024400000 ptsdiff: 33334 timediff: 108 render: 1
05-10 17:00:18.406 11312 12496 I MediaCodec: [mId: 0] [video-debug-dec] queueInputBuffer: index: 1 pts: 1000024433333 timediff: 12
05-10 17:00:18.413 11312 12496 I MediaCodec: [mId: 0] [video-debug-dec] queueInputBuffer: index: 2 pts: 1000024433333 timediff: 6
05-10 17:00:18.434 11312 12496 I MediaCodec: [mId: 0] [video-debug-dec] queueInputBuffer: index: 3 pts: 1000024433333 timediff: 21
05-10 17:00:18.507 11312 12473 W MediaCodec: [mId: 0] [video-debug-dec] onReleaseOutputBuffer: Render time interval reaches 105ms before pts: 1000024433333
05-10 17:00:18.507 11312 12473 I MediaCodec: [mId: 0] [video-debug-dec] onReleaseOutputBuffer index 0 pts: 1000024433333 ptsdiff: 33333 timediff: 105 render: 1
05-10 17:00:18.508 11312 12496 I MediaCodec: [mId: 0] [video-debug-dec] queueInputBuffer: index: 2 pts: 1000024466666 timediff: 11
05-10 17:00:18.529 11312 12496 I MediaCodec: [mId: 0] [video-debug-dec] queueInputBuffer: index: 3 pts: 1000024466666 timediff: 21
05-10 17:00:18.539 11312 12496 I MediaCodec: [mId: 0] [video-debug-dec] queueInputBuffer: index: 0 pts: 1000024466666 timediff: 9
05-10 17:00:18.613 11312 12473 W MediaCodec: [mId: 0] [video-debug-dec] onReleaseOutputBuffer: Render time interval reaches 105ms before pts: 1000024466666
05-10 17:00:18.613 11312 12473 I MediaCodec: [mId: 0] [video-debug-dec] onReleaseOutputBuffer index 0 pts: 1000024466666 ptsdiff: 33333 timediff: 106 render: 1
05-10 17:00:18.614 11312 12496 I MediaCodec: [mId: 0] [video-debug-dec] queueInputBuffer: index: 3 pts: 1000024500000 timediff: 9
05-10 17:00:18.635 11312 12496 I MediaCodec: [mId: 0] [video-debug-dec] queueInputBuffer: index: 0 pts: 1000024500000 timediff: 21
05-10 17:00:18.646 11312 12496 I MediaCodec: [mId: 0] [video-debug-dec] queueInputBuffer: index: 1 pts: 1000024500000 timediff: 11
05-10 17:00:18.730 11312 12473 W MediaCodec: [mId: 0] [video-debug-dec] onReleaseOutputBuffer: Render time interval reaches 117ms before pts: 1000024500000
05-10 17:00:18.730 11312 12473 I MediaCodec: [mId: 0] [video-debug-dec] onReleaseOutputBuffer index 0 pts: 1000024500000 ptsdiff: 33334 timediff: 117 render: 1
05-10 17:00:18.734 11312 12496 I MediaCodec: [mId: 0] [video-debug-dec] queueInputBuffer: index: 0 pts: 1000024533333 timediff: 19
05-10 17:00:18.739 11312 12496 I MediaCodec: [mId: 0] [video-debug-dec] queueInputBuffer: index: 1 pts: 1000024533333 timediff: 5
05-10 17:00:18.752 11312 12496 I MediaCodec: [mId: 0] [video-debug-dec] queueInputBuffer: index: 2 pts: 1000024533333 timediff: 12
05-10 17:00:18.852 11312 12473 W MediaCodec: [mId: 0] [video-debug-dec] onReleaseOutputBuffer: Render time interval reaches 121ms before pts: 1000024566666
05-10 17:00:18.852 11312 12473 I MediaCodec: [mId: 0] [video-debug-dec] onReleaseOutputBuffer index 0 pts: 1000024566666 ptsdiff: 66666 timediff: 122 render: 1
05-10 17:00:18.854 11312 12496 I MediaCodec: [mId: 0] [video-debug-dec] queueInputBuffer: index: 2 pts: 1000024566666 timediff: 23
05-10 17:00:18.863 11312 12496 I MediaCodec: [mId: 0] [video-debug-dec] queueInputBuffer: index: 3 pts: 1000024566666 timediff: 9
05-10 17:00:18.872 11312 12496 I MediaCodec: [mId: 0] [video-debug-dec] queueInputBuffer: index: 0 pts: 1000024600000 timediff: 9
05-10 17:00:18.956 11312 12473 W MediaCodec: [mId: 0] [video-debug-dec] onReleaseOutputBuffer: Render time interval reaches 104ms before pts: 1000024600000
05-10 17:00:18.956 11312 12473 I MediaCodec: [mId: 0] [video-debug-dec] onReleaseOutputBuffer index 0 pts: 1000024600000 ptsdiff: 33334 timediff: 104 render: 1
05-10 17:00:18.958 11312 12496 I MediaCodec: [mId: 0] [video-debug-dec] queueInputBuffer: index: 2 pts: 1000024600000 timediff: 8
05-10 17:00:18.978 11312 12496 I MediaCodec: [mId: 0] [video-debug-dec] queueInputBuffer: index: 3 pts: 1000024633333 timediff: 20
05-10 17:00:19.001 11312 12496 I MediaCodec: [mId: 0] [video-debug-dec] queueInputBuffer: index: 0 pts: 1000024633333 timediff: 23
05-10 17:00:19.072 11312 12473 W MediaCodec: [mId: 0] [video-debug-dec] onReleaseOutputBuffer: Render time interval reaches 115ms before pts: 1000024633333
05-10 17:00:19.072 11312 12473 I MediaCodec: [mId: 0] [video-debug-dec] onReleaseOutputBuffer index 0 pts: 1000024633333 ptsdiff: 33333 timediff: 116 render: 1
05-10 17:00:19.074 11312 12496 I MediaCodec: [mId: 0] [video-debug-dec] queueInputBuffer: index: 1 pts: 1000024633333 timediff: 24
05-10 17:00:19.083 11312 12496 I MediaCodec: [mId: 0] [video-debug-dec] queueInputBuffer: index: 2 pts: 1000024633333 timediff: 8
05-10 17:00:19.094 11312 12473 D MediaCodec: [0x6f4a6b04d0] setState: 7
05-10 17:00:19.094 11312 12473 I MediaCodec: [mId: 0] [video-debug-dec] setState: FLUSHING
05-10 17:00:19.097 11312 12473 D MediaCodec: [0x6f4a6b04d0] setState: 8
05-10 17:00:19.097 11312 12473 I MediaCodec: [mId: 0] [video-debug-dec] setState: FLUSHED
05-10 17:00:19.098 11312 12464 D MediaCodec: keep callback message for reclaim
05-10 17:00:19.099 11312 12473 D MediaCodec: [0x6f4a6b04d0] setState: 6
05-10 17:00:19.099 11312 12473 I MediaCodec: [mId: 0] [video-debug-dec] setState: STARTED
05-10 17:00:19.125 11312 12496 I MediaCodec: [mId: 0] [video-debug-dec] queueInputBuffer: index: 0 pts: 1000026000000 timediff: 42
05-10 17:00:19.187 11312 12473 W MediaCodec: [mId: 0] [video-debug-dec] onReleaseOutputBuffer: Render time interval reaches 115ms before pts: 1000026000000
05-10 17:00:19.187 11312 12473 I MediaCodec: [mId: 0] [video-debug-dec] onReleaseOutputBuffer index 0 pts: 1000026000000 ptsdiff: 1366667 timediff: 115 render: 1
05-10 17:00:19.190 11312 12496 I MediaCodec: [mId: 0] [video-debug-dec] queueInputBuffer: index: 2 pts: 1000026033333 timediff: 22
05-10 17:00:19.201 11312 12496 I MediaCodec: [mId: 0] [video-debug-dec] queueInputBuffer: index: 3 pts: 1000026033333 timediff: 11
05-10 17:00:19.222 11312 12496 I MediaCodec: [mId: 0] [video-debug-dec] queueInputBuffer: index: 0 pts: 1000026033333 timediff: 21
05-10 17:00:19.303 11312 12473 W MediaCodec: [mId: 0] [video-debug-dec] onReleaseOutputBuffer: Render time interval reaches 115ms before pts: 1000026033333
05-10 17:00:19.303 11312 12473 I MediaCodec: [mId: 0] [video-debug-dec] onReleaseOutputBuffer index 0 pts: 1000026033333 ptsdiff: 33333 timediff: 116 render: 1
05-10 17:00:19.307 11312 12496 I MediaCodec: [mId: 0] [video-debug-dec] queueInputBuffer: index: 1 pts: 1000026066666 timediff: 25
05-10 17:00:19.308 11312 12496 I MediaCodec: [mId: 0] [video-debug-dec] queueInputBuffer: index: 2 pts: 1000026066666 timediff: 1
05-10 17:00:19.325 11312 12496 I MediaCodec: [mId: 0] [video-debug-dec] queueInputBuffer: index: 3 pts: 1000026066666 timediff: 17
05-10 17:00:19.407 11312 12473 W MediaCodec: [mId: 0] [video-debug-dec] onReleaseOutputBuffer: Render time interval reaches 104ms before pts: 1000026100000
05-10 17:00:19.408 11312 12473 I MediaCodec: [mId: 0] [video-debug-dec] onReleaseOutputBuffer index 0 pts: 1000026100000 ptsdiff: 66667 timediff: 105 render: 1
05-10 17:00:19.411 11312 12496 I MediaCodec: [mId: 0] [video-debug-dec] queueInputBuffer: index: 2 pts: 1000026133333 timediff: 12
05-10 17:00:19.420 11312 12496 I MediaCodec: [mId: 0] [video-debug-dec] queueInputBuffer: index: 3 pts: 1000026133333 timediff: 9
05-10 17:00:19.443 11312 12496 I MediaCodec: [mId: 0] [video-debug-dec] queueInputBuffer: index: 0 pts: 1000026133333 timediff: 23
05-10 17:00:19.514 11312 12473 W MediaCodec: [mId: 0] [video-debug-dec] onReleaseOutputBuffer: Render time interval reaches 106ms before pts: 1000026133333
05-10 17:00:19.515 11312 12473 I MediaCodec: [mId: 0] [video-debug-dec] onReleaseOutputBuffer index 0 pts: 1000026133333 ptsdiff: 33333 timediff: 107 render: 1
05-10 17:00:19.518 11312 12496 I MediaCodec: [mId: 0] [video-debug-dec] queueInputBuffer: index: 1 pts: 1000026133333 timediff: 25
05-10 17:00:19.525 11312 12496 I MediaCodec: [mId: 0] [video-debug-dec] queueInputBuffer: index: 2 pts: 1000026166666 timediff: 7
05-10 17:00:19.538 11312 12496 I MediaCodec: [mId: 0] [video-debug-dec] queueInputBuffer: index: 3 pts: 1000026166666 timediff: 13
05-10 17:00:19.626 11312 12473 W MediaCodec: [mId: 0] [video-debug-dec] onReleaseOutputBuffer: Render time interval reaches 110ms before pts: 1000026166666
05-10 17:00:19.626 11312 12473 I MediaCodec: [mId: 0] [video-debug-dec] onReleaseOutputBuffer index 0 pts: 1000026166666 ptsdiff: 33333 timediff: 110 render: 1
05-10 17:00:19.628 11312 12496 I MediaCodec: [mId: 0] [video-debug-dec] queueInputBuffer: index: 2 pts: 1000026200000 timediff: 21
05-10 17:00:19.639 11312 12496 I MediaCodec: [mId: 0] [video-debug-dec] queueInputBuffer: index: 3 pts: 1000026200000 timediff: 11
05-10 17:00:19.660 11312 12496 I MediaCodec: [mId: 0] [video-debug-dec] queueInputBuffer: index: 0 pts: 1000026200000 timediff: 21
05-10 17:00:19.735 11312 12473 W MediaCodec: [mId: 0] [video-debug-dec] onReleaseOutputBuffer: Render time interval reaches 109ms before pts: 1000026200000
05-10 17:00:19.735 11312 12473 I MediaCodec: [mId: 0] [video-debug-dec] onReleaseOutputBuffer index 0 pts: 1000026200000 ptsdiff: 33334 timediff: 109 render: 1
05-10 17:00:19.737 11312 12496 I MediaCodec: [mId: 0] [video-debug-dec] queueInputBuffer: index: 2 pts: 1000026233333 timediff: 24
05-10 17:00:19.745 11312 12496 I MediaCodec: [mId: 0] [video-debug-dec] queueInputBuffer: index: 3 pts: 1000026233333 timediff: 8
05-10 17:00:19.758 11312 12496 I MediaCodec: [mId: 0] [video-debug-dec] queueInputBuffer: index: 0 pts: 1000026233333 timediff: 11
05-10 17:00:19.838 11312 12473 W MediaCodec: [mId: 0] [video-debug-dec] onReleaseOutputBuffer: Render time interval reaches 102ms before pts: 1000026233333
05-10 17:00:19.838 11312 12473 I MediaCodec: [mId: 0] [video-debug-dec] onReleaseOutputBuffer index 1 pts: 1000026233333 ptsdiff: 33333 timediff: 103 render: 1
05-10 17:00:19.840 11312 12496 I MediaCodec: [mId: 0] [video-debug-dec] queueInputBuffer: index: 2 pts: 1000026266666 timediff: 20
05-10 17:00:19.847 11312 12496 I MediaCodec: [mId: 0] [video-debug-dec] queueInputBuffer: index: 3 pts: 1000026266666 timediff: 7
05-10 17:00:19.858 11312 12496 I MediaCodec: [mId: 0] [video-debug-dec] queueInputBuffer: index: 0 pts: 1000026266666 timediff: 10
05-10 17:00:19.941 11312 12473 W MediaCodec: [mId: 0] [video-debug-dec] onReleaseOutputBuffer: Render time interval reaches 103ms before pts: 1000026266666
05-10 17:00:19.941 11312 12473 I MediaCodec: [mId: 0] [video-debug-dec] onReleaseOutputBuffer index 0 pts: 1000026266666 ptsdiff: 33333 timediff: 103 render: 1
05-10 17:00:19.947 11312 12496 I MediaCodec: [mId: 0] [video-debug-dec] queueInputBuffer: index: 1 pts: 1000026300000 timediff: 24
05-10 17:00:19.954 11312 12496 I MediaCodec: [mId: 0] [video-debug-dec] queueInputBuffer: index: 2 pts: 1000026300000 timediff: 7
05-10 17:00:19.984 11312 12496 I MediaCodec: [mId: 0] [video-debug-dec] queueInputBuffer: index: 3 pts: 1000026300000 timediff: 31
05-10 17:00:20.055 11312 12473 W MediaCodec: [mId: 0] [video-debug-dec] onReleaseOutputBuffer: Render time interval reaches 114ms before pts: 1000026300000
05-10 17:00:20.055 11312 12473 I MediaCodec: [mId: 0] [video-debug-dec] onReleaseOutputBuffer index 0 pts: 1000026300000 ptsdiff: 33334 timediff: 114 render: 1
05-10 17:00:20.057 11312 12496 I MediaCodec: [mId: 0] [video-debug-dec] queueInputBuffer: index: 1 pts: 1000026333333 timediff: 11
05-10 17:00:20.067 11312 12496 I MediaCodec: [mId: 0] [video-debug-dec] queueInputBuffer: index: 2 pts: 1000026333333 timediff: 10
05-10 17:00:20.078 11312 12496 I MediaCodec: [mId: 0] [video-debug-dec] queueInputBuffer: index: 3 pts: 1000026333333 timediff: 10
05-10 17:00:20.175 11312 12473 W MediaCodec: [mId: 0] [video-debug-dec] onReleaseOutputBuffer: Render time interval reaches 120ms before pts: 1000026333333
05-10 17:00:20.175 11312 12473 I MediaCodec: [mId: 0] [video-debug-dec] onReleaseOutputBuffer index 0 pts: 1000026333333 ptsdiff: 33333 timediff: 120 render: 1
05-10 17:00:20.177 11312 12496 I MediaCodec: [mId: 0] [video-debug-dec] queueInputBuffer: index: 1 pts: 1000026366666 timediff: 24
05-10 17:00:20.195 11312 12496 I MediaCodec: [mId: 0] [video-debug-dec] queueInputBuffer: index: 2 pts: 1000026366666 timediff: 18
05-10 17:00:20.214 11312 12496 I MediaCodec: [mId: 0] [video-debug-dec] queueInputBuffer: index: 3 pts: 1000026366666 timediff: 19
05-10 17:00:20.284 11312 12473 W MediaCodec: [mId: 0] [video-debug-dec] onReleaseOutputBuffer: Render time interval reaches 108ms before pts: 1000026366666
05-10 17:00:20.284 11312 12473 I MediaCodec: [mId: 0] [video-debug-dec] onReleaseOutputBuffer index 0 pts: 1000026366666 ptsdiff: 33333 timediff: 108 render: 1
05-10 17:00:20.285 11312 12496 I MediaCodec: [mId: 0] [video-debug-dec] queueInputBuffer: index: 1 pts: 1000026400000 timediff: 13
05-10 17:00:20.305 11312 12496 I MediaCodec: [mId: 0] [video-debug-dec] queueInputBuffer: index: 2 pts: 1000026400000 timediff: 20
05-10 17:00:20.326 11312 12496 I MediaCodec: [mId: 0] [video-debug-dec] queueInputBuffer: index: 3 pts: 1000026400000 timediff: 20
05-10 17:00:20.386 11312 12473 W MediaCodec: [mId: 0] [video-debug-dec] onReleaseOutputBuffer: Render time interval reaches 103ms before pts: 1000026400000
05-10 17:00:20.386 11312 12473 I MediaCodec: [mId: 0] [video-debug-dec] onReleaseOutputBuffer index 0 pts: 1000026400000 ptsdiff: 33334 timediff: 103 render: 1
05-10 17:00:20.391 11312 12496 I MediaCodec: [mId: 0] [video-debug-dec] queueInputBuffer: index: 0 pts: 1000026433333 timediff: 14
05-10 17:00:20.398 11312 12496 I MediaCodec: [mId: 0] [video-debug-dec] queueInputBuffer: index: 1 pts: 1000026433333 timediff: 7
05-10 17:00:20.407 11312 12496 I MediaCodec: [mId: 0] [video-debug-dec] queueInputBuffer: index: 2 pts: 1000026433333 timediff: 9
05-10 17:00:20.492 11312 12473 W MediaCodec: [mId: 0] [video-debug-dec] onReleaseOutputBuffer: Render time interval reaches 106ms before pts: 1000026433333
05-10 17:00:20.492 11312 12473 I MediaCodec: [mId: 0] [video-debug-dec] onReleaseOutputBuffer index 0 pts: 1000026433333 ptsdiff: 33333 timediff: 106 render: 1
05-10 17:00:20.493 11312 12496 I MediaCodec: [mId: 0] [video-debug-dec] queueInputBuffer: index: 0 pts: 1000026466666 timediff: 9
05-10 17:00:20.513 11312 12496 I MediaCodec: [mId: 0] [video-debug-dec] queueInputBuffer: index: 1 pts: 1000026466666 timediff: 20
05-10 17:00:20.522 11312 12496 I MediaCodec: [mId: 0] [video-debug-dec] queueInputBuffer: index: 2 pts: 1000026466666 timediff: 9
05-10 17:00:20.606 11312 12473 W MediaCodec: [mId: 0] [video-debug-dec] onReleaseOutputBuffer: Render time interval reaches 114ms before pts: 1000026466666
05-10 17:00:20.607 11312 12473 I MediaCodec: [mId: 0] [video-debug-dec] onReleaseOutputBuffer index 0 pts: 1000026466666 ptsdiff: 33333 timediff: 114 render: 1
05-10 17:00:20.610 11312 12496 I MediaCodec: [mId: 0] [video-debug-dec] queueInputBuffer: index: 0 pts: 1000026500000 timediff: 16
05-10 17:00:20.629 11312 12496 I MediaCodec: [mId: 0] [video-debug-dec] queueInputBuffer: index: 1 pts: 1000026500000 timediff: 19
05-10 17:00:20.640 11312 12496 I MediaCodec: [mId: 0] [video-debug-dec] queueInputBuffer: index: 2 pts: 1000026500000 timediff: 11
05-10 17:00:20.713 11312 12473 W MediaCodec: [mId: 0] [video-debug-dec] onReleaseOutputBuffer: Render time interval reaches 106ms before pts: 1000026500000
05-10 17:00:20.713 11312 12473 I MediaCodec: [mId: 0] [video-debug-dec] onReleaseOutputBuffer index 0 pts: 1000026500000 ptsdiff: 33334 timediff: 106 render: 1
05-10 17:00:20.714 11312 12496 I MediaCodec: [mId: 0] [video-debug-dec] queueInputBuffer: index: 0 pts: 1000026533333 timediff: 18
05-10 17:00:20.724 11312 12496 I MediaCodec: [mId: 0] [video-debug-dec] queueInputBuffer: index: 1 pts: 1000026533333 timediff: 10
05-10 17:00:20.728 11312 12496 I MediaCodec: [mId: 0] [video-debug-dec] queueInputBuffer: index: 2 pts: 1000026533333 timediff: 3
05-10 17:00:20.815 11312 12473 W MediaCodec: [mId: 0] [video-debug-dec] onReleaseOutputBuffer: Render time interval reaches 102ms before pts: 1000026533333
05-10 17:00:20.815 11312 12473 I MediaCodec: [mId: 0] [video-debug-dec] onReleaseOutputBuffer index 0 pts: 1000026533333 ptsdiff: 33333 timediff: 102 render: 1
05-10 17:00:20.826 11312 12496 I MediaCodec: [mId: 0] [video-debug-dec] queueInputBuffer: index: 1 pts: 1000026566666 timediff: 24
05-10 17:00:20.838 11312 12496 I MediaCodec: [mId: 0] [video-debug-dec] queueInputBuffer: index: 2 pts: 1000026566666 timediff: 12
05-10 17:00:20.851 11312 12496 I MediaCodec: [mId: 0] [video-debug-dec] queueInputBuffer: index: 3 pts: 1000026566666 timediff: 13
05-10 17:00:20.919 11312 12473 W MediaCodec: [mId: 0] [video-debug-dec] onReleaseOutputBuffer: Render time interval reaches 104ms before pts: 1000026566666
05-10 17:00:20.919 11312 12473 I MediaCodec: [mId: 0] [video-debug-dec] onReleaseOutputBuffer index 0 pts: 1000026566666 ptsdiff: 33333 timediff: 104 render: 1
05-10 17:00:20.921 11312 12496 I MediaCodec: [mId: 0] [video-debug-dec] queueInputBuffer: index: 0 pts: 1000026600000 timediff: 17
05-10 17:00:20.941 11312 12496 I MediaCodec: [mId: 0] [video-debug-dec] queueInputBuffer: index: 1 pts: 1000026600000 timediff: 20
05-10 17:00:20.951 11312 12496 I MediaCodec: [mId: 0] [video-debug-dec] queueInputBuffer: index: 2 pts: 1000026600000 timediff: 10
05-10 17:00:21.036 11312 12473 W MediaCodec: [mId: 0] [video-debug-dec] onReleaseOutputBuffer: Render time interval reaches 117ms before pts: 1000026600000
05-10 17:00:21.036 11312 12473 I MediaCodec: [mId: 0] [video-debug-dec] onReleaseOutputBuffer index 0 pts: 1000026600000 ptsdiff: 33334 timediff: 117 render: 1
05-10 17:00:21.040 11312 12496 I MediaCodec: [mId: 0] [video-debug-dec] queueInputBuffer: index: 0 pts: 1000026633333 timediff: 24
05-10 17:00:21.080 11312 12496 I MediaCodec: [mId: 0] [video-debug-dec] queueInputBuffer: index: 1 pts: 1000026633333 timediff: 40
05-10 17:00:21.082 11312 12496 I MediaCodec: [mId: 0] [video-debug-dec] queueInputBuffer: index: 2 pts: 1000026633333 timediff: 2
05-10 17:00:21.091 11312 12473 D MediaCodec: [0x6f4a6b04d0] setState: 7
05-10 17:00:21.092 11312 12473 I MediaCodec: [mId: 0] [video-debug-dec] setState: FLUSHING
05-10 17:00:21.093 11312 12473 D MediaCodec: [0x6f4a6b04d0] setState: 8
05-10 17:00:21.093 11312 12473 I MediaCodec: [mId: 0] [video-debug-dec] setState: FLUSHED
05-10 17:00:21.093 11312 12464 D MediaCodec: keep callback message for reclaim
05-10 17:00:21.094 11312 12473 D MediaCodec: [0x6f4a6b04d0] setState: 6
05-10 17:00:21.094 11312 12473 I MediaCodec: [mId: 0] [video-debug-dec] setState: STARTED
05-10 17:00:21.175 11312 12473 W MediaCodec: [mId: 0] [video-debug-dec] onReleaseOutputBuffer: Render time interval reaches 138ms before pts: 1000028000000
05-10 17:00:21.175 11312 12473 I MediaCodec: [mId: 0] [video-debug-dec] onReleaseOutputBuffer index 0 pts: 1000028000000 ptsdiff: 1400000 timediff: 139 render: 1
05-10 17:00:21.184 11312 12496 I MediaCodec: [mId: 0] [video-debug-dec] queueInputBuffer: index: 2 pts: 1000028033333 timediff: 23
05-10 17:00:21.198 11312 12496 I MediaCodec: [mId: 0] [video-debug-dec] queueInputBuffer: index: 3 pts: 1000028033333 timediff: 13
05-10 17:00:21.218 11312 12496 I MediaCodec: [mId: 0] [video-debug-dec] queueInputBuffer: index: 0 pts: 1000028033333 timediff: 19
05-10 17:00:21.282 11312 12473 W MediaCodec: [mId: 0] [video-debug-dec] onReleaseOutputBuffer: Render time interval reaches 107ms before pts: 1000028033333
05-10 17:00:21.282 11312 12473 I MediaCodec: [mId: 0] [video-debug-dec] onReleaseOutputBuffer index 0 pts: 1000028033333 ptsdiff: 33333 timediff: 107 render: 1
05-10 17:00:21.284 11312 12496 I MediaCodec: [mId: 0] [video-debug-dec] queueInputBuffer: index: 0 pts: 1000028066666 timediff: 25
05-10 17:00:21.304 11312 12496 I MediaCodec: [mId: 0] [video-debug-dec] queueInputBuffer: index: 1 pts: 1000028066666 timediff: 20
05-10 17:00:21.313 11312 12496 I MediaCodec: [mId: 0] [video-debug-dec] queueInputBuffer: index: 2 pts: 1000028066666 timediff: 9
05-10 17:00:21.413 11312 12473 W MediaCodec: [mId: 0] [video-debug-dec] onReleaseOutputBuffer: Render time interval reaches 131ms before pts: 1000028066666
05-10 17:00:21.413 11312 12473 I MediaCodec: [mId: 0] [video-debug-dec] onReleaseOutputBuffer index 0 pts: 1000028066666 ptsdiff: 33333 timediff: 131 render: 1
05-10 17:00:21.438 11312 12496 I MediaCodec: [mId: 0] [video-debug-dec] queueInputBuffer: index: 3 pts: 1000028100000 timediff: 54
05-10 17:00:21.461 11312 12496 I MediaCodec: [mId: 0] [video-debug-dec] queueInputBuffer: index: 0 pts: 1000028100000 timediff: 23
05-10 17:00:21.489 11312 12496 I MediaCodec: [mId: 0] [video-debug-dec] queueInputBuffer: index: 1 pts: 1000028100000 timediff: 28
05-10 17:00:21.524 11312 12473 W MediaCodec: [mId: 0] [video-debug-dec] onReleaseOutputBuffer: Render time interval reaches 110ms before pts: 1000028100000
05-10 17:00:21.524 11312 12473 I MediaCodec: [mId: 0] [video-debug-dec] onReleaseOutputBuffer index 0 pts: 1000028100000 ptsdiff: 33334 timediff: 111 render: 1
05-10 17:00:21.525 11312 12496 I MediaCodec: [mId: 0] [video-debug-dec] queueInputBuffer: index: 1 pts: 1000028133333 timediff: 19
05-10 17:00:21.550 11312 12496 I MediaCodec: [mId: 0] [video-debug-dec] queueInputBuffer: index: 2 pts: 1000028133333 timediff: 25
05-10 17:00:21.584 11312 12496 I MediaCodec: [mId: 0] [video-debug-dec] queueInputBuffer: index: 3 pts: 1000028133333 timediff: 33
05-10 17:00:21.652 11312 12473 W MediaCodec: [mId: 0] [video-debug-dec] onReleaseOutputBuffer: Render time interval reaches 128ms before pts: 1000028133333
05-10 17:00:21.652 11312 12473 I MediaCodec: [mId: 0] [video-debug-dec] onReleaseOutputBuffer index 0 pts: 1000028133333 ptsdiff: 33333 timediff: 128 render: 1
05-10 17:00:21.664 11312 12496 I MediaCodec: [mId: 0] [video-debug-dec] queueInputBuffer: index: 2 pts: 1000028133333 timediff: 30
05-10 17:00:21.683 11312 12496 I MediaCodec: [mId: 0] [video-debug-dec] queueInputBuffer: index: 3 pts: 1000028166666 timediff: 19
05-10 17:00:21.686 11312 12496 I MediaCodec: [mId: 0] [video-debug-dec] queueInputBuffer: index: 0 pts: 1000028166666 timediff: 3
05-10 17:00:21.791 11312 12473 W MediaCodec: [mId: 0] [video-debug-dec] onReleaseOutputBuffer: Render time interval reaches 139ms before pts: 1000028133333
05-10 17:00:21.792 11312 12473 I MediaCodec: [mId: 0] [video-debug-dec] onReleaseOutputBuffer index 0 pts: 1000028133333 ptsdiff: 0 timediff: 139 render: 1
05-10 17:00:21.800 11312 12496 I MediaCodec: [mId: 0] [video-debug-dec] queueInputBuffer: index: 0 pts: 1000028166666 timediff: 49
05-10 17:00:21.809 11312 12496 I MediaCodec: [mId: 0] [video-debug-dec] queueInputBuffer: index: 1 pts: 1000028166666 timediff: 9
05-10 17:00:21.824 11312 12496 I MediaCodec: [mId: 0] [video-debug-dec] queueInputBuffer: index: 2 pts: 1000028166666 timediff: 15
05-10 17:00:21.917 11312 12473 W MediaCodec: [mId: 0] [video-debug-dec] onReleaseOutputBuffer: Render time interval reaches 126ms before pts: 1000028166666
05-10 17:00:21.934 11312 12473 I MediaCodec: [mId: 0] [video-debug-dec] onReleaseOutputBuffer index 0 pts: 1000028166666 ptsdiff: 33333 timediff: 143 render: 1
05-10 17:00:21.975 11312 12496 I MediaCodec: [mId: 0] [video-debug-dec] queueInputBuffer: index: 1 pts: 1000028200000 timediff: 85
05-10 17:00:21.978 11312 12496 I MediaCodec: [mId: 0] [video-debug-dec] queueInputBuffer: index: 2 pts: 1000028200000 timediff: 3
05-10 17:00:22.020 11312 12496 I MediaCodec: [mId: 0] [video-debug-dec] queueInputBuffer: index: 3 pts: 1000028200000 timediff: 42
05-10 17:00:22.061 11312 12473 I MediaCodec: [mId: 0] [video-debug-dec] Stats over last 5033ms:
05-10 17:00:22.061 11312 12473 I MediaCodec: [mId: 0] [video-debug-dec] ClientName: top.bienvenido.saas.i18n ComponentName: c2.android.avc.decoder
05-10 17:00:22.061 11312 12473 I MediaCodec: [mId: 0] [video-debug-dec] Qinput: 341, DQinput: 0 success out of 0 tries
05-10 17:00:22.061 11312 12473 I MediaCodec: [mId: 0] [video-debug-dec] Render: 43, Drop: 280, DQoutput: 0 success out of 0 tries
05-10 17:00:22.061 11312 12473 I MediaCodec: [mId: 0] [video-debug-dec] Avg Input Interval: 14ms, Avg Render Interval: 117ms
05-10 17:00:22.090 11312 12473 W MediaCodec: [mId: 0] [video-debug-dec] onReleaseOutputBuffer: Render time interval reaches 156ms before pts: 1000028166666
05-10 17:00:22.090 11312 12473 I MediaCodec: [mId: 0] [video-debug-dec] onReleaseOutputBuffer index 0 pts: 1000028166666 ptsdiff: 0 timediff: 156 render: 1
05-10 17:00:22.139 11312 12496 I MediaCodec: [mId: 0] [video-debug-dec] queueInputBuffer: index: 0 pts: 1000028200000 timediff: 119
05-10 17:00:22.148 11312 12496 I MediaCodec: [mId: 0] [video-debug-dec] queueInputBuffer: index: 1 pts: 1000028200000 timediff: 9
05-10 17:00:22.155 11312 12496 I MediaCodec: [mId: 0] [video-debug-dec] queueInputBuffer: index: 2 pts: 1000028200000 timediff: 7
05-10 17:00:22.216 11312 12473 W MediaCodec: [mId: 0] [video-debug-dec] onReleaseOutputBuffer: Render time interval reaches 126ms before pts: 1000028200000
05-10 17:00:22.216 11312 12473 I MediaCodec: [mId: 0] [video-debug-dec] onReleaseOutputBuffer index 0 pts: 1000028200000 ptsdiff: 33334 timediff: 126 render: 1
05-10 17:00:22.220 11312 12496 I MediaCodec: [mId: 0] [video-debug-dec] queueInputBuffer: index: 0 pts: 1000028233333 timediff: 36
05-10 17:00:22.242 11312 12496 I MediaCodec: [mId: 0] [video-debug-dec] queueInputBuffer: index: 1 pts: 1000028233333 timediff: 22
05-10 17:00:22.243 11312 12496 I MediaCodec: [mId: 0] [video-debug-dec] queueInputBuffer: index: 2 pts: 1000028233333 timediff: 1
05-10 17:00:22.336 11312 12473 W MediaCodec: [mId: 0] [video-debug-dec] onReleaseOutputBuffer: Render time interval reaches 120ms before pts: 1000028233333
05-10 17:00:22.336 11312 12473 I MediaCodec: [mId: 0] [video-debug-dec] onReleaseOutputBuffer index 0 pts: 1000028233333 ptsdiff: 33333 timediff: 120 render: 1
05-10 17:00:22.338 11312 12496 I MediaCodec: [mId: 0] [video-debug-dec] queueInputBuffer: index: 2 pts: 1000028233333 timediff: 8
05-10 17:00:22.362 11312 12496 I MediaCodec: [mId: 0] [video-debug-dec] queueInputBuffer: index: 3 pts: 1000028266666 timediff: 24
05-10 17:00:22.394 11312 12496 I MediaCodec: [mId: 0] [video-debug-dec] queueInputBuffer: index: 0 pts: 1000028266666 timediff: 31
05-10 17:00:22.443 11312 12473 W MediaCodec: [mId: 0] [video-debug-dec] onReleaseOutputBuffer: Render time interval reaches 107ms before pts: 1000028233333
05-10 17:00:22.443 11312 12473 I MediaCodec: [mId: 0] [video-debug-dec] onReleaseOutputBuffer index 0 pts: 1000028233333 ptsdiff: 0 timediff: 107 render: 1
05-10 17:00:22.445 11312 12496 I MediaCodec: [mId: 0] [video-debug-dec] queueInputBuffer: index: 1 pts: 1000028266666 timediff: 50
05-10 17:00:22.494 11312 12496 I MediaCodec: [mId: 0] [video-debug-dec] queueInputBuffer: index: 2 pts: 1000028266666 timediff: 50
05-10 17:00:22.510 11312 12496 I MediaCodec: [mId: 0] [video-debug-dec] queueInputBuffer: index: 3 pts: 1000028266666 timediff: 16
05-10 17:00:22.550 11312 12473 W MediaCodec: [mId: 0] [video-debug-dec] onReleaseOutputBuffer: Render time interval reaches 107ms before pts: 1000028266666
05-10 17:00:22.550 11312 12473 I MediaCodec: [mId: 0] [video-debug-dec] onReleaseOutputBuffer index 0 pts: 1000028266666 ptsdiff: 33333 timediff: 107 render: 1
05-10 17:00:22.577 11312 12496 I MediaCodec: [mId: 0] [video-debug-dec] queueInputBuffer: index: 1 pts: 1000028266666 timediff: 60
05-10 17:00:22.583 11312 12496 I MediaCodec: [mId: 0] [video-debug-dec] queueInputBuffer: index: 2 pts: 1000028266666 timediff: 6
05-10 17:00:22.586 11312 12496 I MediaCodec: [mId: 0] [video-debug-dec] queueInputBuffer: index: 3 pts: 1000028300000 timediff: 3
05-10 17:00:22.686 11312 12473 W MediaCodec: [mId: 0] [video-debug-dec] onReleaseOutputBuffer: Render time interval reaches 136ms before pts: 1000028266666
05-10 17:00:22.686 11312 12473 I MediaCodec: [mId: 0] [video-debug-dec] onReleaseOutputBuffer index 0 pts: 1000028266666 ptsdiff: 0 timediff: 136 render: 1
05-10 17:00:22.690 11312 12496 I MediaCodec: [mId: 0] [video-debug-dec] queueInputBuffer: index: 2 pts: 1000028300000 timediff: 52
05-10 17:00:22.701 11312 12496 I MediaCodec: [mId: 0] [video-debug-dec] queueInputBuffer: index: 3 pts: 1000028300000 timediff: 10
05-10 17:00:22.738 11312 12496 I MediaCodec: [mId: 0] [video-debug-dec] queueInputBuffer: index: 0 pts: 1000028300000 timediff: 37
05-10 17:00:22.841 11312 12473 W MediaCodec: [mId: 0] [video-debug-dec] onReleaseOutputBuffer: Render time interval reaches 155ms before pts: 1000028300000
05-10 17:00:22.841 11312 12473 I MediaCodec: [mId: 0] [video-debug-dec] onReleaseOutputBuffer index 0 pts: 1000028300000 ptsdiff: 33334 timediff: 155 render: 1
05-10 17:00:22.867 11312 12496 I MediaCodec: [mId: 0] [video-debug-dec] queueInputBuffer: index: 1 pts: 1000028300000 timediff: 129
05-10 17:00:22.885 11312 12496 I MediaCodec: [mId: 0] [video-debug-dec] queueInputBuffer: index: 2 pts: 1000028300000 timediff: 18
05-10 17:00:23.022 11312 12473 W MediaCodec: [mId: 0] [video-debug-dec] onReleaseOutputBuffer: Render time interval reaches 181ms before pts: 1000028300000
05-10 17:00:23.022 11312 12473 I MediaCodec: [mId: 0] [video-debug-dec] onReleaseOutputBuffer index 0 pts: 1000028300000 ptsdiff: 0 timediff: 181 render: 1
05-10 17:00:23.027 11312 12496 I MediaCodec: [mId: 0] [video-debug-dec] queueInputBuffer: index: 3 pts: 1000028333333 timediff: 140
05-10 17:00:23.162 11312 12473 W MediaCodec: [mId: 0] [video-debug-dec] onReleaseOutputBuffer: Render time interval reaches 140ms before pts: 1000028300000
05-10 17:00:23.162 11312 12473 I MediaCodec: [mId: 0] [video-debug-dec] onReleaseOutputBuffer index 0 pts: 1000028300000 ptsdiff: 0 timediff: 140 render: 1
05-10 17:00:23.233 11312 12473 D MediaCodec: [0x6f4a6b04d0] setState: 7
05-10 17:00:23.233 11312 12473 I MediaCodec: [mId: 0] [video-debug-dec] setState: FLUSHING
05-10 17:00:23.235 11312 12473 D MediaCodec: [0x6f4a6b04d0] setState: 8
05-10 17:00:23.235 11312 12473 I MediaCodec: [mId: 0] [video-debug-dec] setState: FLUSHED
05-10 17:00:23.235 11312 12464 D MediaCodec: keep callback message for reclaim
05-10 17:00:23.235 11312 12473 D MediaCodec: [0x6f4a6b04d0] setState: 6
05-10 17:00:23.235 11312 12473 I MediaCodec: [mId: 0] [video-debug-dec] setState: STARTED
05-10 17:00:23.264 11312 12496 I MediaCodec: [mId: 0] [video-debug-dec] queueInputBuffer: index: 0 pts: 1000030000000 timediff: 234
05-10 17:00:23.269 11312 12496 I MediaCodec: [mId: 0] [video-debug-dec] queueInputBuffer: index: 1 pts: 1000030033333 timediff: 6
05-10 17:00:23.303 11312 12496 I MediaCodec: [mId: 0] [video-debug-dec] queueInputBuffer: index: 2 pts: 1000030033333 timediff: 30
05-10 17:00:23.397 11312 12473 W MediaCodec: [mId: 0] [video-debug-dec] onReleaseOutputBuffer: Render time interval reaches 235ms before pts: 1000030000000
05-10 17:00:23.397 11312 12473 I MediaCodec: [mId: 0] [video-debug-dec] onReleaseOutputBuffer index 0 pts: 1000030000000 ptsdiff: 1700000 timediff: 235 render: 1
05-10 17:00:23.398 11312 12496 I MediaCodec: [mId: 0] [video-debug-dec] queueInputBuffer: index: 2 pts: 1000030033333 timediff: 36
05-10 17:00:23.420 11312 12496 I MediaCodec: [mId: 0] [video-debug-dec] queueInputBuffer: index: 3 pts: 1000030033333 timediff: 22
05-10 17:00:23.473 11312 12496 I MediaCodec: [mId: 0] [video-debug-dec] queueInputBuffer: index: 0 pts: 1000030033333 timediff: 52
05-10 17:00:23.515 11312 12473 W MediaCodec: [mId: 0] [video-debug-dec] onReleaseOutputBuffer: Render time interval reaches 118ms before pts: 1000030033333
05-10 17:00:23.515 11312 12473 I MediaCodec: [mId: 0] [video-debug-dec] onReleaseOutputBuffer index 0 pts: 1000030033333 ptsdiff: 33333 timediff: 118 render: 1
05-10 17:00:23.517 11312 12496 I MediaCodec: [mId: 0] [video-debug-dec] queueInputBuffer: index: 2 pts: 1000030066666 timediff: 22
05-10 17:00:23.557 11312 12496 I MediaCodec: [mId: 0] [video-debug-dec] queueInputBuffer: index: 3 pts: 1000030066666 timediff: 40
05-10 17:00:23.567  1434 13115 D MediaCodec: CreateByType: mime audio/vorbis, encoder 0 pid 13033
05-10 17:00:23.570 11312 12496 I MediaCodec: [mId: 0] [video-debug-dec] queueInputBuffer: index: 0 pts: 1000030066666 timediff: 12
05-10 17:00:23.593  1434 13115 D MediaCodec: [0xed3014a0] init: CCodec 0xee8c1e10, CCodecBufferChannel 0xedf03c70
05-10 17:00:23.593  1434 13115 I MediaCodec: init video box disabled for codec not supported
05-10 17:00:23.602  1434 13116 D MediaCodec: [0xed3014a0] setState: 1
05-10 17:00:23.602  1434 13116 I MediaCodec: [mId: 16] [audio-debug-dec] setState: INITIALIZING
05-10 17:00:23.630 11312 12473 W MediaCodec: [mId: 0] [video-debug-dec] onReleaseOutputBuffer: Render time interval reaches 115ms before pts: 1000030066666
05-10 17:00:23.630 11312 12473 I MediaCodec: [mId: 0] [video-debug-dec] onReleaseOutputBuffer index 0 pts: 1000030066666 ptsdiff: 33333 timediff: 115 render: 1
05-10 17:00:23.631 11312 12496 I MediaCodec: [mId: 0] [video-debug-dec] queueInputBuffer: index: 0 pts: 1000030066666 timediff: 25
05-10 17:00:23.641 11312 12496 I MediaCodec: [mId: 0] [video-debug-dec] queueInputBuffer: index: 1 pts: 1000030100000 timediff: 10
05-10 17:00:23.651 11312 12496 I MediaCodec: [mId: 0] [video-debug-dec] queueInputBuffer: index: 2 pts: 1000030100000 timediff: 10
05-10 17:00:23.656  1434 13116 D MediaCodec: [0xed3014a0] setState: 2
05-10 17:00:23.656  1434 13116 I MediaCodec: [mId: 16] [audio-debug-dec] setState: INITIALIZED
05-10 17:00:23.659  1434 13115 D MediaCodec: [0xed3014a0] [c2.android.vorbis.decoder] configure
05-10 17:00:23.660  1434 13115 I MediaCodec: [mId: 16] [audio-debug-dec] configure: ClientName: com.miui.screenshot ComponentName: c2.android.vorbis.decoder
05-10 17:00:23.661  1434 13115 I MediaCodec: [mId: 16] [audio-debug-dec] configure: ClientFormat: AMessage(what = 0x00000000) = {
05-10 17:00:23.661  1434 13115 I MediaCodec:   string mime = "audio/vorbis"
05-10 17:00:23.661  1434 13115 I MediaCodec:   int64_t durationUs = 491655
