05-10 17:00:23.661  1434 13115 I MediaCodec:   Buffer csd-0 = {
05-10 17:00:23.661  1434 13115 I MediaCodec:     00000000:  01 76 6f 72 62 69 73 00  00 00 00 02 44 ac 00 00  .vorbis.....D...
05-10 17:00:23.661  1434 13115 I MediaCodec:     00000010:  00 00 00 00 00 71 02 00  00 00 00 00 b8 01        .....q........
05-10 17:00:23.661  1434 13115 I MediaCodec:   }
05-10 17:00:23.661  1434 13115 I MediaCodec:   Buffer *csd-1 = 0xf2e91850
05-10 17:00:23.661  1434 13115 I MediaCodec:   int32_t bitrate = 160000
05-10 17:00:23.661  1434 13115 I MediaCodec:   int32_t channel-count = 2
05-10 17:00:23.661  1434 13115 I MediaCodec:   int32_t sample-rate = 44100
05-10 17:00:23.661  1434 13115 I MediaCodec:   int32_t channel-mask = 3
05-10 17:00:23.661  1434 13115 I MediaCodec:   int32_t priority = 0
05-10 17:00:23.661  1434 13115 I MediaCodec: }
05-10 17:00:23.661  1434 13115 I MediaCodec: configure : init video box disabled
05-10 17:00:23.662  1434 13116 D MediaCodec: [0xed3014a0] setState: 3
05-10 17:00:23.662  1434 13116 I MediaCodec: [mId: 16] [audio-debug-dec] setState: CONFIGURING
05-10 17:00:23.671  1434 13116 D MediaCodec: [0xed3014a0] setState: 4
05-10 17:00:23.671  1434 13116 I MediaCodec: [mId: 16] [audio-debug-dec] setState: CONFIGURED
05-10 17:00:23.672  1434 13116 I MediaCodec: MediaCodec will operate in async mode
05-10 17:00:23.672  1434 13115 D MediaCodec: keep callback message for reclaim
05-10 17:00:23.672  1434 13116 D MediaCodec: [0xed3014a0] setState: 5
05-10 17:00:23.672  1434 13116 I MediaCodec: [mId: 16] [audio-debug-dec] setState: STARTING
05-10 17:00:23.709  1434 13116 D MediaCodec: [0xed3014a0] setState: 6
05-10 17:00:23.709  1434 13116 I MediaCodec: [mId: 16] [audio-debug-dec] setState: STARTED
05-10 17:00:23.726  1434 13115 I MediaCodec: [mId: 16] [audio-debug-dec] queueInputBuffer: index: 2 pts: 0 timediff: 0
05-10 17:00:23.729  1434 13115 I MediaCodec: [mId: 16] [audio-debug-dec] queueInputBuffer: index: 3 pts: 0 timediff: 2
05-10 17:00:23.735  1434 13115 I MediaCodec: [mId: 16] [audio-debug-dec] queueInputBuffer: index: 0 pts: 2902 timediff: 6
05-10 17:00:23.746 11312 12473 W MediaCodec: [mId: 0] [video-debug-dec] onReleaseOutputBuffer: Render time interval reaches 116ms before pts: 1000030066666
05-10 17:00:23.746 11312 12473 I MediaCodec: [mId: 0] [video-debug-dec] onReleaseOutputBuffer index 0 pts: 1000030066666 ptsdiff: 0 timediff: 116 render: 1
05-10 17:00:23.748 11312 12496 I MediaCodec: [mId: 0] [video-debug-dec] queueInputBuffer: index: 2 pts: 1000030133333 timediff: 27
05-10 17:00:23.749  1434 13116 I MediaCodec: isHDR: standard =0,transfer = 0
05-10 17:00:23.769 11312 12496 I MediaCodec: [mId: 0] [video-debug-dec] queueInputBuffer: index: 3 pts: 1000030133333 timediff: 22
05-10 17:00:23.801 11312 12496 I MediaCodec: [mId: 0] [video-debug-dec] queueInputBuffer: index: 0 pts: 1000030133333 timediff: 32
05-10 17:00:23.874 11312 12473 W MediaCodec: [mId: 0] [video-debug-dec] onReleaseOutputBuffer: Render time interval reaches 128ms before pts: 1000030133333
05-10 17:00:23.874 11312 12473 I MediaCodec: [mId: 0] [video-debug-dec] onReleaseOutputBuffer index 0 pts: 1000030133333 ptsdiff: 66667 timediff: 128 render: 1
05-10 17:00:23.877 11312 12496 I MediaCodec: [mId: 0] [video-debug-dec] queueInputBuffer: index: 0 pts: 1000030133333 timediff: 24
05-10 17:00:23.926 11312 12496 I MediaCodec: [mId: 0] [video-debug-dec] queueInputBuffer: index: 1 pts: 1000030133333 timediff: 49
05-10 17:00:23.995 11312 12496 I MediaCodec: [mId: 0] [video-debug-dec] queueInputBuffer: index: 2 pts: 1000030166666 timediff: 69
05-10 17:00:24.093 11312 12473 W MediaCodec: [mId: 0] [video-debug-dec] onReleaseOutputBuffer: Render time interval reaches 219ms before pts: 1000030133333
05-10 17:00:24.093 11312 12473 I MediaCodec: [mId: 0] [video-debug-dec] onReleaseOutputBuffer index 0 pts: 1000030133333 ptsdiff: 0 timediff: 219 render: 1
05-10 17:00:24.106 11312 12496 I MediaCodec: [mId: 0] [video-debug-dec] queueInputBuffer: index: 1 pts: 1000030166666 timediff: 35
05-10 17:00:24.109 11312 12496 I MediaCodec: [mId: 0] [video-debug-dec] queueInputBuffer: index: 2 pts: 1000030166666 timediff: 2
05-10 17:00:24.215 11312 12473 W MediaCodec: [mId: 0] [video-debug-dec] onReleaseOutputBuffer: Render time interval reaches 122ms before pts: 1000030133333
05-10 17:00:24.215 11312 12473 I MediaCodec: [mId: 0] [video-debug-dec] onReleaseOutputBuffer index 0 pts: 1000030133333 ptsdiff: 0 timediff: 122 render: 1
05-10 17:00:24.226 11312 12496 I MediaCodec: [mId: 0] [video-debug-dec] queueInputBuffer: index: 3 pts: 1000030166666 timediff: 117
05-10 17:00:24.334 11312 12473 W MediaCodec: [mId: 0] [video-debug-dec] onReleaseOutputBuffer: Render time interval reaches 118ms before pts: 1000030166666
05-10 17:00:24.334 11312 12473 I MediaCodec: [mId: 0] [video-debug-dec] onReleaseOutputBuffer index 0 pts: 1000030166666 ptsdiff: 33333 timediff: 119 render: 1
05-10 17:00:24.346 11312 12496 I MediaCodec: [mId: 0] [video-debug-dec] queueInputBuffer: index: 3 pts: 1000030200000 timediff: 29
05-10 17:00:24.356 11312 12496 I MediaCodec: [mId: 0] [video-debug-dec] queueInputBuffer: index: 0 pts: 1000030200000 timediff: 10
05-10 17:00:24.382 11312 12496 I MediaCodec: [mId: 0] [video-debug-dec] queueInputBuffer: index: 1 pts: 1000030200000 timediff: 24
05-10 17:00:24.453 11312 12473 W MediaCodec: [mId: 0] [video-debug-dec] onReleaseOutputBuffer: Render time interval reaches 119ms before pts: 1000030200000
05-10 17:00:24.453 11312 12473 I MediaCodec: [mId: 0] [video-debug-dec] onReleaseOutputBuffer index 0 pts: 1000030200000 ptsdiff: 33334 timediff: 119 render: 1
05-10 17:00:24.454 11312 12496 I MediaCodec: [mId: 0] [video-debug-dec] queueInputBuffer: index: 1 pts: 1000030233333 timediff: 17
05-10 17:00:24.464 11312 12496 I MediaCodec: [mId: 0] [video-debug-dec] queueInputBuffer: index: 2 pts: 1000030233333 timediff: 10
05-10 17:00:24.475 11312 12496 I MediaCodec: [mId: 0] [video-debug-dec] queueInputBuffer: index: 3 pts: 1000030233333 timediff: 11
05-10 17:00:24.571 11312 12473 W MediaCodec: [mId: 0] [video-debug-dec] onReleaseOutputBuffer: Render time interval reaches 118ms before pts: 1000030233333
05-10 17:00:24.571 11312 12473 I MediaCodec: [mId: 0] [video-debug-dec] onReleaseOutputBuffer index 0 pts: 1000030233333 ptsdiff: 33333 timediff: 118 render: 1
05-10 17:00:24.572 11312 12496 I MediaCodec: [mId: 0] [video-debug-dec] queueInputBuffer: index: 3 pts: 1000030266666 timediff: 25
05-10 17:00:24.660 11312 12496 I MediaCodec: [mId: 0] [video-debug-dec] queueInputBuffer: index: 0 pts: 1000030266666 timediff: 88
05-10 17:00:24.679 11312 12496 I MediaCodec: [mId: 0] [video-debug-dec] queueInputBuffer: index: 1 pts: 1000030266666 timediff: 19
05-10 17:00:24.762 11312 12473 W MediaCodec: [mId: 0] [video-debug-dec] onReleaseOutputBuffer: Render time interval reaches 191ms before pts: 1000030266666
05-10 17:00:24.762 11312 12473 I MediaCodec: [mId: 0] [video-debug-dec] onReleaseOutputBuffer index 0 pts: 1000030266666 ptsdiff: 33333 timediff: 191 render: 1
05-10 17:00:24.766 11312 12496 I MediaCodec: [mId: 0] [video-debug-dec] queueInputBuffer: index: 0 pts: 1000030266666 timediff: 8
05-10 17:00:24.772 11312 12496 I MediaCodec: [mId: 0] [video-debug-dec] queueInputBuffer: index: 1 pts: 1000030266666 timediff: 6
05-10 17:00:24.776 11312 12496 I MediaCodec: [mId: 0] [video-debug-dec] queueInputBuffer: index: 2 pts: 1000030300000 timediff: 3
05-10 17:00:24.864 11312 12473 W MediaCodec: [mId: 0] [video-debug-dec] onReleaseOutputBuffer: Render time interval reaches 102ms before pts: 1000030266666
05-10 17:00:24.864 11312 12473 I MediaCodec: [mId: 0] [video-debug-dec] onReleaseOutputBuffer index 1 pts: 1000030266666 ptsdiff: 0 timediff: 102 render: 1
05-10 17:00:24.866 11312 12496 I MediaCodec: [mId: 0] [video-debug-dec] queueInputBuffer: index: 1 pts: 1000030300000 timediff: 38
05-10 17:00:24.868 11312 12496 I MediaCodec: [mId: 0] [video-debug-dec] queueInputBuffer: index: 2 pts: 1000030300000 timediff: 2
05-10 17:00:24.885 11312 12496 I MediaCodec: [mId: 0] [video-debug-dec] queueInputBuffer: index: 3 pts: 1000030300000 timediff: 17
05-10 17:00:25.013 11312 12473 W MediaCodec: [mId: 0] [video-debug-dec] onReleaseOutputBuffer: Render time interval reaches 149ms before pts: 1000030300000
05-10 17:00:25.013 11312 12473 I MediaCodec: [mId: 0] [video-debug-dec] onReleaseOutputBuffer index 0 pts: 1000030300000 ptsdiff: 33334 timediff: 149 render: 1
05-10 17:00:25.059 11312 12496 I MediaCodec: [mId: 0] [video-debug-dec] queueInputBuffer: index: 1 pts: 1000030333333 timediff: 58
05-10 17:00:25.124 11312 12473 W MediaCodec: [mId: 0] [video-debug-dec] onReleaseOutputBuffer: Render time interval reaches 111ms before pts: 1000030300000
05-10 17:00:25.124 11312 12473 I MediaCodec: [mId: 0] [video-debug-dec] onReleaseOutputBuffer index 0 pts: 1000030300000 ptsdiff: 0 timediff: 111 render: 1
05-10 17:00:25.126 11312 12496 I MediaCodec: [mId: 0] [video-debug-dec] queueInputBuffer: index: 2 pts: 1000030333333 timediff: 67
05-10 17:00:25.150 11312 12473 D MediaCodec: [0x6f4a6b04d0] setState: 7
05-10 17:00:25.150 11312 12473 I MediaCodec: [mId: 0] [video-debug-dec] setState: FLUSHING
05-10 17:00:25.159 11312 12473 D MediaCodec: [0x6f4a6b04d0] setState: 8
05-10 17:00:25.159 11312 12473 I MediaCodec: [mId: 0] [video-debug-dec] setState: FLUSHED
05-10 17:00:25.160 11312 12464 D MediaCodec: keep callback message for reclaim
05-10 17:00:25.160 11312 12473 D MediaCodec: [0x6f4a6b04d0] setState: 6
05-10 17:00:25.160 11312 12473 I MediaCodec: [mId: 0] [video-debug-dec] setState: STARTED
05-10 17:00:25.177 11312 12496 I MediaCodec: [mId: 0] [video-debug-dec] queueInputBuffer: index: 0 pts: 1000032000000 timediff: 51
05-10 17:00:25.241  1434 13116 D MediaCodec: [0xed3014a0] setState: 7
05-10 17:00:25.241  1434 13116 I MediaCodec: [mId: 16] [audio-debug-dec] setState: FLUSHING
05-10 17:00:25.242  1434 13116 D MediaCodec: [0xed3014a0] setState: 8
05-10 17:00:25.242  1434 13116 I MediaCodec: [mId: 16] [audio-debug-dec] setState: FLUSHED
05-10 17:00:25.243  1434 13115 D MediaCodec: [0xed3014a0] [c2.android.vorbis.decoder] release
05-10 17:00:25.243  1434 13116 D MediaCodec: [0xed3014a0] setState: 10
05-10 17:00:25.243  1434 13116 I MediaCodec: [mId: 16] [audio-debug-dec] setState: RELEASING
05-10 17:00:25.248  1434 13116 D MediaCodec: [0xed3014a0] [c2.android.vorbis.decoder] kWhatReleaseCompleted
05-10 17:00:25.248  1434 13116 D MediaCodec: [0xed3014a0] setState: 0
05-10 17:00:25.248  1434 13116 I MediaCodec: [mId: 16] [audio-debug-dec] setState: UNINITIALIZED
05-10 17:00:25.251  1434 13116 I MediaCodec: MediaStub sendHdrInfo/sendFrameRateFloatCal/updateFrcAieAisState
05-10 17:00:25.276 11312 12473 W MediaCodec: [mId: 0] [video-debug-dec] onReleaseOutputBuffer: Render time interval reaches 152ms before pts: 1000032000000
05-10 17:00:25.276 11312 12473 I MediaCodec: [mId: 0] [video-debug-dec] onReleaseOutputBuffer index 0 pts: 1000032000000 ptsdiff: 1700000 timediff: 152 render: 1
05-10 17:00:25.280 11312 12496 I MediaCodec: [mId: 0] [video-debug-dec] queueInputBuffer: index: 2 pts: 1000032033333 timediff: 34
05-10 17:00:25.296 11312 12496 I MediaCodec: [mId: 0] [video-debug-dec] queueInputBuffer: index: 3 pts: 1000032033333 timediff: 16
05-10 17:00:25.332 11312 12496 I MediaCodec: [mId: 0] [video-debug-dec] queueInputBuffer: index: 0 pts: 1000032033333 timediff: 36
05-10 17:00:25.425 11312 12473 W MediaCodec: [mId: 0] [video-debug-dec] onReleaseOutputBuffer: Render time interval reaches 149ms before pts: 1000032033333
05-10 17:00:25.425 11312 12473 I MediaCodec: [mId: 0] [video-debug-dec] onReleaseOutputBuffer index 0 pts: 1000032033333 ptsdiff: 33333 timediff: 149 render: 1
05-10 17:00:25.434 11312 12496 I MediaCodec: [mId: 0] [video-debug-dec] queueInputBuffer: index: 1 pts: 1000032066666 timediff: 102
05-10 17:00:25.550 11312 12473 W MediaCodec: [mId: 0] [video-debug-dec] onReleaseOutputBuffer: Render time interval reaches 125ms before pts: 1000032033333
05-10 17:00:25.550 11312 12473 I MediaCodec: [mId: 0] [video-debug-dec] onReleaseOutputBuffer index 0 pts: 1000032033333 ptsdiff: 0 timediff: 125 render: 1
05-10 17:00:25.563 11312 12496 I MediaCodec: [mId: 0] [video-debug-dec] queueInputBuffer: index: 2 pts: 1000032066666 timediff: 129
05-10 17:00:25.566 11312 12496 I MediaCodec: [mId: 0] [video-debug-dec] queueInputBuffer: index: 3 pts: 1000032066666 timediff: 3
05-10 17:00:25.710 11312 12473 W MediaCodec: [mId: 0] [video-debug-dec] onReleaseOutputBuffer: Render time interval reaches 159ms before pts: 1000032066666
05-10 17:00:25.710 11312 12473 I MediaCodec: [mId: 0] [video-debug-dec] onReleaseOutputBuffer index 0 pts: 1000032066666 ptsdiff: 33333 timediff: 160 render: 1
05-10 17:00:25.717 11312 12496 I MediaCodec: [mId: 0] [video-debug-dec] queueInputBuffer: index: 1 pts: 1000032100000 timediff: 54
05-10 17:00:25.721 11312 12496 I MediaCodec: [mId: 0] [video-debug-dec] queueInputBuffer: index: 2 pts: 1000032100000 timediff: 4
05-10 17:00:25.754 11312 12496 I MediaCodec: [mId: 0] [video-debug-dec] queueInputBuffer: index: 3 pts: 1000032100000 timediff: 33
05-10 17:00:25.837 11312 12473 W MediaCodec: [mId: 0] [video-debug-dec] onReleaseOutputBuffer: Render time interval reaches 127ms before pts: 1000032066666
05-10 17:00:25.837 11312 12473 I MediaCodec: [mId: 0] [video-debug-dec] onReleaseOutputBuffer index 0 pts: 1000032066666 ptsdiff: 0 timediff: 127 render: 1
05-10 17:00:25.847 11312 12496 I MediaCodec: [mId: 0] [video-debug-dec] queueInputBuffer: index: 1 pts: 1000032100000 timediff: 67
05-10 17:00:25.865 11312 12496 I MediaCodec: [mId: 0] [video-debug-dec] queueInputBuffer: index: 2 pts: 1000032133333 timediff: 18
05-10 17:00:25.883 11312 12496 I MediaCodec: [mId: 0] [video-debug-dec] queueInputBuffer: index: 3 pts: 1000032133333 timediff: 18
05-10 17:00:25.953 11312 12473 W MediaCodec: [mId: 0] [video-debug-dec] onReleaseOutputBuffer: Render time interval reaches 116ms before pts: 1000032100000
05-10 17:00:25.954 11312 12473 I MediaCodec: [mId: 0] [video-debug-dec] onReleaseOutputBuffer index 0 pts: 1000032100000 ptsdiff: 33334 timediff: 117 render: 1
05-10 17:00:25.965 11312 12496 I MediaCodec: [mId: 0] [video-debug-dec] queueInputBuffer: index: 3 pts: 1000032133333 timediff: 23
05-10 17:00:26.011 11312 12496 I MediaCodec: [mId: 0] [video-debug-dec] queueInputBuffer: index: 0 pts: 1000032133333 timediff: 46
05-10 17:00:26.064 11312 12473 W MediaCodec: [mId: 0] [video-debug-dec] onReleaseOutputBuffer: Render time interval reaches 110ms before pts: 1000032133333
05-10 17:00:26.064 11312 12473 I MediaCodec: [mId: 0] [video-debug-dec] onReleaseOutputBuffer index 0 pts: 1000032133333 ptsdiff: 33333 timediff: 110 render: 1
05-10 17:00:26.071 11312 12496 I MediaCodec: [mId: 0] [video-debug-dec] queueInputBuffer: index: 1 pts: 1000032133333 timediff: 59
05-10 17:00:26.197 11312 12473 W MediaCodec: [mId: 0] [video-debug-dec] onReleaseOutputBuffer: Render time interval reaches 133ms before pts: 1000032133333
05-10 17:00:26.197 11312 12473 I MediaCodec: [mId: 0] [video-debug-dec] onReleaseOutputBuffer index 0 pts: 1000032133333 ptsdiff: 0 timediff: 133 render: 1
05-10 17:00:26.198 11312 12496 I MediaCodec: [mId: 0] [video-debug-dec] queueInputBuffer: index: 2 pts: 1000032166666 timediff: 38
05-10 17:00:26.242 11312 12496 I MediaCodec: [mId: 0] [video-debug-dec] queueInputBuffer: index: 3 pts: 1000032166666 timediff: 44
05-10 17:00:26.244 11312 12496 I MediaCodec: [mId: 0] [video-debug-dec] queueInputBuffer: index: 0 pts: 1000032166666 timediff: 2
05-10 17:00:26.312 11312 12473 W MediaCodec: [mId: 0] [video-debug-dec] onReleaseOutputBuffer: Render time interval reaches 114ms before pts: 1000032166666
05-10 17:00:26.312 11312 12473 I MediaCodec: [mId: 0] [video-debug-dec] onReleaseOutputBuffer index 0 pts: 1000032166666 ptsdiff: 33333 timediff: 115 render: 1
05-10 17:00:26.317 11312 12496 I MediaCodec: [mId: 0] [video-debug-dec] queueInputBuffer: index: 0 pts: 1000032200000 timediff: 29
05-10 17:00:26.346 11312 12496 I MediaCodec: [mId: 0] [video-debug-dec] queueInputBuffer: index: 1 pts: 1000032200000 timediff: 29
05-10 17:00:26.371 11312 12496 I MediaCodec: [mId: 0] [video-debug-dec] queueInputBuffer: index: 2 pts: 1000032200000 timediff: 24
05-10 17:00:26.479 11312 12473 W MediaCodec: [mId: 0] [video-debug-dec] onReleaseOutputBuffer: Render time interval reaches 167ms before pts: 1000032200000
05-10 17:00:26.481 11312 12473 I MediaCodec: [mId: 0] [video-debug-dec] onReleaseOutputBuffer index 0 pts: 1000032200000 ptsdiff: 33334 timediff: 169 render: 1
05-10 17:00:26.501 11312 12496 I MediaCodec: [mId: 0] [video-debug-dec] queueInputBuffer: index: 2 pts: 1000032233333 timediff: 85
05-10 17:00:26.505 11312 12496 I MediaCodec: [mId: 0] [video-debug-dec] queueInputBuffer: index: 3 pts: 1000032233333 timediff: 4
05-10 17:00:26.506 11312 12496 I MediaCodec: [mId: 0] [video-debug-dec] queueInputBuffer: index: 0 pts: 1000032233333 timediff: 1
05-10 17:00:26.602 11312 12473 W MediaCodec: [mId: 0] [video-debug-dec] onReleaseOutputBuffer: Render time interval reaches 121ms before pts: 1000032233333
05-10 17:00:26.603 11312 12473 I MediaCodec: [mId: 0] [video-debug-dec] onReleaseOutputBuffer index 0 pts: 1000032233333 ptsdiff: 33333 timediff: 121 render: 1
05-10 17:00:26.606 11312 12496 I MediaCodec: [mId: 0] [video-debug-dec] queueInputBuffer: index: 1 pts: 1000032233333 timediff: 37
05-10 17:00:26.609 11312 12496 I MediaCodec: [mId: 0] [video-debug-dec] queueInputBuffer: index: 2 pts: 1000032266666 timediff: 3
05-10 17:00:26.639 11312 12496 I MediaCodec: [mId: 0] [video-debug-dec] queueInputBuffer: index: 3 pts: 1000032266666 timediff: 28
05-10 17:00:26.725 11312 12473 W MediaCodec: [mId: 0] [video-debug-dec] onReleaseOutputBuffer: Render time interval reaches 122ms before pts: 1000032266666
05-10 17:00:26.725 11312 12473 I MediaCodec: [mId: 0] [video-debug-dec] onReleaseOutputBuffer index 0 pts: 1000032266666 ptsdiff: 33333 timediff: 122 render: 1
05-10 17:00:26.727 11312 12496 I MediaCodec: [mId: 0] [video-debug-dec] queueInputBuffer: index: 0 pts: 1000032266666 timediff: 13
05-10 17:00:26.740 11312 12496 I MediaCodec: [mId: 0] [video-debug-dec] queueInputBuffer: index: 1 pts: 1000032266666 timediff: 10
05-10 17:00:26.755 11312 12496 I MediaCodec: [mId: 0] [video-debug-dec] queueInputBuffer: index: 2 pts: 1000032300000 timediff: 14
05-10 17:00:26.839 11312 12473 W MediaCodec: [mId: 0] [video-debug-dec] onReleaseOutputBuffer: Render time interval reaches 113ms before pts: 1000032266666
05-10 17:00:26.839 11312 12473 I MediaCodec: [mId: 0] [video-debug-dec] onReleaseOutputBuffer index 0 pts: 1000032266666 ptsdiff: 0 timediff: 114 render: 1
05-10 17:00:26.842 11312 12496 I MediaCodec: [mId: 0] [video-debug-dec] queueInputBuffer: index: 2 pts: 1000032300000 timediff: 20
05-10 17:00:26.849 11312 12496 I MediaCodec: [mId: 0] [video-debug-dec] queueInputBuffer: index: 3 pts: 1000032300000 timediff: 7
05-10 17:00:26.870 11312 12496 I MediaCodec: [mId: 0] [video-debug-dec] queueInputBuffer: index: 0 pts: 1000032300000 timediff: 21
05-10 17:00:26.971 11312 12473 W MediaCodec: [mId: 0] [video-debug-dec] onReleaseOutputBuffer: Render time interval reaches 132ms before pts: 1000032300000
05-10 17:00:26.971 11312 12473 I MediaCodec: [mId: 0] [video-debug-dec] onReleaseOutputBuffer index 0 pts: 1000032300000 ptsdiff: 33334 timediff: 132 render: 1
05-10 17:00:26.973 11312 12496 I MediaCodec: [mId: 0] [video-debug-dec] queueInputBuffer: index: 1 pts: 1000032333333 timediff: 34
05-10 17:00:26.983 11312 12496 I MediaCodec: [mId: 0] [video-debug-dec] queueInputBuffer: index: 2 pts: 1000032333333 timediff: 10
05-10 17:00:27.003 11312 12496 I MediaCodec: [mId: 0] [video-debug-dec] queueInputBuffer: index: 3 pts: 1000032333333 timediff: 19
05-10 17:00:27.069 11312 12473 I MediaCodec: [mId: 0] [video-debug-dec] Stats over last 5008ms:
05-10 17:00:27.069 11312 12473 I MediaCodec: [mId: 0] [video-debug-dec] ClientName: top.bienvenido.saas.i18n ComponentName: c2.android.avc.decoder
05-10 17:00:27.069 11312 12473 I MediaCodec: [mId: 0] [video-debug-dec] Qinput: 182, DQinput: 0 success out of 0 tries
05-10 17:00:27.069 11312 12473 I MediaCodec: [mId: 0] [video-debug-dec] Render: 37, Drop: 134, DQoutput: 0 success out of 0 tries
05-10 17:00:27.069 11312 12473 I MediaCodec: [mId: 0] [video-debug-dec] Avg Input Interval: 27ms, Avg Render Interval: 135ms
05-10 17:00:27.085 11312 12473 W MediaCodec: [mId: 0] [video-debug-dec] onReleaseOutputBuffer: Render time interval reaches 113ms before pts: 1000032333333
05-10 17:00:27.085 11312 12473 I MediaCodec: [mId: 0] [video-debug-dec] onReleaseOutputBuffer index 0 pts: 1000032333333 ptsdiff: 33333 timediff: 114 render: 1
05-10 17:00:27.093 11312 12496 I MediaCodec: [mId: 0] [video-debug-dec] queueInputBuffer: index: 3 pts: 1000032366666 timediff: 26
05-10 17:00:27.116 11312 12473 D MediaCodec: [0x6f4a6b04d0] setState: 7
05-10 17:00:27.116 11312 12473 I MediaCodec: [mId: 0] [video-debug-dec] setState: FLUSHING
05-10 17:00:27.119 11312 12473 D MediaCodec: [0x6f4a6b04d0] setState: 8
05-10 17:00:27.119 11312 12473 I MediaCodec: [mId: 0] [video-debug-dec] setState: FLUSHED
05-10 17:00:27.120 11312 12464 D MediaCodec: keep callback message for reclaim
05-10 17:00:27.120 11312 12473 D MediaCodec: [0x6f4a6b04d0] setState: 6
05-10 17:00:27.120 11312 12473 I MediaCodec: [mId: 0] [video-debug-dec] setState: STARTED
05-10 17:00:27.127 11312 12496 I MediaCodec: [mId: 0] [video-debug-dec] queueInputBuffer: index: 0 pts: 1000034000000 timediff: 34
05-10 17:00:27.141 11312 12496 I MediaCodec: [mId: 0] [video-debug-dec] queueInputBuffer: index: 1 pts: 1000034033333 timediff: 13
05-10 17:00:27.245 11312 12473 W MediaCodec: [mId: 0] [video-debug-dec] onReleaseOutputBuffer: Render time interval reaches 159ms before pts: 1000034000000
05-10 17:00:27.245 11312 12473 I MediaCodec: [mId: 0] [video-debug-dec] onReleaseOutputBuffer index 0 pts: 1000034000000 ptsdiff: 1666667 timediff: 160 render: 1
05-10 17:00:27.255 11312 12496 I MediaCodec: [mId: 0] [video-debug-dec] queueInputBuffer: index: 2 pts: 1000034033333 timediff: 35
05-10 17:00:27.309 11312 12496 I MediaCodec: [mId: 0] [video-debug-dec] queueInputBuffer: index: 3 pts: 1000034033333 timediff: 54
05-10 17:00:27.371 11312 12473 W MediaCodec: [mId: 0] [video-debug-dec] onReleaseOutputBuffer: Render time interval reaches 126ms before pts: 1000034033333
05-10 17:00:27.371 11312 12473 I MediaCodec: [mId: 0] [video-debug-dec] onReleaseOutputBuffer index 0 pts: 1000034033333 ptsdiff: 33333 timediff: 126 render: 1
05-10 17:00:27.375 11312 12496 I MediaCodec: [mId: 0] [video-debug-dec] queueInputBuffer: index: 0 pts: 1000034033333 timediff: 66
05-10 17:00:27.510 11312 12473 W MediaCodec: [mId: 0] [video-debug-dec] onReleaseOutputBuffer: Render time interval reaches 139ms before pts: 1000034033333
05-10 17:00:27.511 11312 12473 I MediaCodec: [mId: 0] [video-debug-dec] onReleaseOutputBuffer index 0 pts: 1000034033333 ptsdiff: 0 timediff: 139 render: 1
05-10 17:00:27.527 11312 12496 I MediaCodec: [mId: 0] [video-debug-dec] queueInputBuffer: index: 1 pts: 1000034066666 timediff: 45
05-10 17:00:27.553 11312 12496 I MediaCodec: [mId: 0] [video-debug-dec] queueInputBuffer: index: 2 pts: 1000034066666 timediff: 26
05-10 17:00:27.591 11312 12496 I MediaCodec: [mId: 0] [video-debug-dec] queueInputBuffer: index: 3 pts: 1000034066666 timediff: 38
05-10 17:00:27.708 11312 12473 W MediaCodec: [mId: 0] [video-debug-dec] onReleaseOutputBuffer: Render time interval reaches 198ms before pts: 1000034066666
05-10 17:00:27.708 11312 12473 I MediaCodec: [mId: 0] [video-debug-dec] onReleaseOutputBuffer index 0 pts: 1000034066666 ptsdiff: 33333 timediff: 198 render: 1
05-10 17:00:27.710 11312 12496 I MediaCodec: [mId: 0] [video-debug-dec] queueInputBuffer: index: 1 pts: 1000034100000 timediff: 102
05-10 17:00:27.721 11312 12496 I MediaCodec: [mId: 0] [video-debug-dec] queueInputBuffer: index: 2 pts: 1000034100000 timediff: 12
05-10 17:00:27.728 11312 12496 I MediaCodec: [mId: 0] [video-debug-dec] queueInputBuffer: index: 3 pts: 1000034100000 timediff: 7
05-10 17:00:27.827 11312 12473 W MediaCodec: [mId: 0] [video-debug-dec] onReleaseOutputBuffer: Render time interval reaches 119ms before pts: 1000034100000
05-10 17:00:27.827 11312 12473 I MediaCodec: [mId: 0] [video-debug-dec] onReleaseOutputBuffer index 0 pts: 1000034100000 ptsdiff: 33334 timediff: 119 render: 1
05-10 17:00:27.836 11312 12496 I MediaCodec: [mId: 0] [video-debug-dec] queueInputBuffer: index: 3 pts: 1000034133333 timediff: 37
05-10 17:00:27.872 11312 12496 I MediaCodec: [mId: 0] [video-debug-dec] queueInputBuffer: index: 0 pts: 1000034133333 timediff: 35
05-10 17:00:27.905 11312 12496 I MediaCodec: [mId: 0] [video-debug-dec] queueInputBuffer: index: 1 pts: 1000034133333 timediff: 33
05-10 17:00:27.957 11312 12473 W MediaCodec: [mId: 0] [video-debug-dec] onReleaseOutputBuffer: Render time interval reaches 129ms before pts: 1000034100000
05-10 17:00:27.957 11312 12473 I MediaCodec: [mId: 0] [video-debug-dec] onReleaseOutputBuffer index 0 pts: 1000034100000 ptsdiff: 0 timediff: 129 render: 1
05-10 17:00:27.991 11312 12496 I MediaCodec: [mId: 0] [video-debug-dec] queueInputBuffer: index: 3 pts: 1000034133333 timediff: 44
05-10 17:00:28.030 11312 12496 I MediaCodec: [mId: 0] [video-debug-dec] queueInputBuffer: index: 0 pts: 1000034133333 timediff: 39
05-10 17:00:28.093 11312 12473 W MediaCodec: [mId: 0] [video-debug-dec] onReleaseOutputBuffer: Render time interval reaches 136ms before pts: 1000034133333
05-10 17:00:28.093 11312 12473 I MediaCodec: [mId: 0] [video-debug-dec] onReleaseOutputBuffer index 0 pts: 1000034133333 ptsdiff: 33333 timediff: 136 render: 1
05-10 17:00:28.094 11312 12496 I MediaCodec: [mId: 0] [video-debug-dec] queueInputBuffer: index: 1 pts: 1000034133333 timediff: 64
05-10 17:00:28.195 11312 12473 W MediaCodec: [mId: 0] [video-debug-dec] onReleaseOutputBuffer: Render time interval reaches 102ms before pts: 1000034133333
05-10 17:00:28.195 11312 12473 I MediaCodec: [mId: 0] [video-debug-dec] onReleaseOutputBuffer index 0 pts: 1000034133333 ptsdiff: 0 timediff: 102 render: 1
05-10 17:00:28.197 11312 12496 I MediaCodec: [mId: 0] [video-debug-dec] queueInputBuffer: index: 2 pts: 1000034166666 timediff: 18
05-10 17:00:28.209 11312 12496 I MediaCodec: [mId: 0] [video-debug-dec] queueInputBuffer: index: 3 pts: 1000034166666 timediff: 11
05-10 17:00:28.227 11312 12496 I MediaCodec: [mId: 0] [video-debug-dec] queueInputBuffer: index: 0 pts: 1000034166666 timediff: 18
05-10 17:00:28.300 11312 12473 W MediaCodec: [mId: 0] [video-debug-dec] onReleaseOutputBuffer: Render time interval reaches 105ms before pts: 1000034166666
05-10 17:00:28.300 11312 12473 I MediaCodec: [mId: 0] [video-debug-dec] onReleaseOutputBuffer index 0 pts: 1000034166666 ptsdiff: 33333 timediff: 105 render: 1
05-10 17:00:28.307 11312 12496 I MediaCodec: [mId: 0] [video-debug-dec] queueInputBuffer: index: 3 pts: 1000034200000 timediff: 47
05-10 17:00:28.334 11312 12496 I MediaCodec: [mId: 0] [video-debug-dec] queueInputBuffer: index: 0 pts: 1000034200000 timediff: 26
05-10 17:00:28.350 11312 12496 I MediaCodec: [mId: 0] [video-debug-dec] queueInputBuffer: index: 1 pts: 1000034200000 timediff: 16
05-10 17:00:28.419 11312 12473 W MediaCodec: [mId: 0] [video-debug-dec] onReleaseOutputBuffer: Render time interval reaches 109ms before pts: 1000034166666
05-10 17:00:28.419 11312 12473 I MediaCodec: [mId: 0] [video-debug-dec] onReleaseOutputBuffer index 0 pts: 1000034166666 ptsdiff: 0 timediff: 119 render: 1
05-10 17:00:28.425 11312 12496 I MediaCodec: [mId: 0] [video-debug-dec] queueInputBuffer: index: 3 pts: 1000034200000 timediff: 8
05-10 17:00:28.435 11312 12496 I MediaCodec: [mId: 0] [video-debug-dec] queueInputBuffer: index: 0 pts: 1000034200000 timediff: 10
05-10 17:00:28.489 11312 12496 I MediaCodec: [mId: 0] [video-debug-dec] queueInputBuffer: index: 1 pts: 1000034200000 timediff: 54
05-10 17:00:28.523 11312 12473 W MediaCodec: [mId: 0] [video-debug-dec] onReleaseOutputBuffer: Render time interval reaches 104ms before pts: 1000034200000
05-10 17:00:28.523 11312 12473 I MediaCodec: [mId: 0] [video-debug-dec] onReleaseOutputBuffer index 0 pts: 1000034200000 ptsdiff: 33334 timediff: 104 render: 1
05-10 17:00:28.525 11312 12496 I MediaCodec: [mId: 0] [video-debug-dec] queueInputBuffer: index: 0 pts: 1000034233333 timediff: 21
05-10 17:00:28.556 11312 12496 I MediaCodec: [mId: 0] [video-debug-dec] queueInputBuffer: index: 1 pts: 1000034233333 timediff: 31
05-10 17:00:28.580 11312 12496 I MediaCodec: [mId: 0] [video-debug-dec] queueInputBuffer: index: 2 pts: 1000034233333 timediff: 24
05-10 17:00:28.648 11312 12473 W MediaCodec: [mId: 0] [video-debug-dec] onReleaseOutputBuffer: Render time interval reaches 125ms before pts: 1000034233333
05-10 17:00:28.648 11312 12473 I MediaCodec: [mId: 0] [video-debug-dec] onReleaseOutputBuffer index 0 pts: 1000034233333 ptsdiff: 33333 timediff: 125 render: 1
05-10 17:00:28.652 11312 12496 I MediaCodec: [mId: 0] [video-debug-dec] queueInputBuffer: index: 2 pts: 1000034266666 timediff: 15
05-10 17:00:28.671 11312 12496 I MediaCodec: [mId: 0] [video-debug-dec] queueInputBuffer: index: 3 pts: 1000034266666 timediff: 18
05-10 17:00:28.690 11312 12496 I MediaCodec: [mId: 0] [video-debug-dec] queueInputBuffer: index: 0 pts: 1000034266666 timediff: 19
05-10 17:00:28.766 11312 12473 W MediaCodec: [mId: 0] [video-debug-dec] onReleaseOutputBuffer: Render time interval reaches 118ms before pts: 1000034233333
05-10 17:00:28.766 11312 12473 I MediaCodec: [mId: 0] [video-debug-dec] onReleaseOutputBuffer index 0 pts: 1000034233333 ptsdiff: 0 timediff: 118 render: 1
05-10 17:00:28.769 11312 12496 I MediaCodec: [mId: 0] [video-debug-dec] queueInputBuffer: index: 3 pts: 1000034266666 timediff: 25
05-10 17:00:28.811 11312 12496 I MediaCodec: [mId: 0] [video-debug-dec] queueInputBuffer: index: 0 pts: 1000034266666 timediff: 41
05-10 17:00:28.849 11312 12496 I MediaCodec: [mId: 0] [video-debug-dec] queueInputBuffer: index: 1 pts: 1000034266666 timediff: 38
05-10 17:00:28.883 11312 12473 W MediaCodec: [mId: 0] [video-debug-dec] onReleaseOutputBuffer: Render time interval reaches 117ms before pts: 1000034266666
05-10 17:00:28.884 11312 12473 I MediaCodec: [mId: 0] [video-debug-dec] onReleaseOutputBuffer index 0 pts: 1000034266666 ptsdiff: 33333 timediff: 117 render: 1
05-10 17:00:28.890 11312 12496 I MediaCodec: [mId: 0] [video-debug-dec] queueInputBuffer: index: 2 pts: 1000034300000 timediff: 29
05-10 17:00:28.950 11312 12496 I MediaCodec: [mId: 0] [video-debug-dec] queueInputBuffer: index: 3 pts: 1000034300000 timediff: 60
05-10 17:00:28.995 11312 12473 W MediaCodec: [mId: 0] [video-debug-dec] onReleaseOutputBuffer: Render time interval reaches 111ms before pts: 1000034266666
05-10 17:00:28.995 11312 12473 I MediaCodec: [mId: 0] [video-debug-dec] onReleaseOutputBuffer index 0 pts: 1000034266666 ptsdiff: 0 timediff: 111 render: 1
05-10 17:00:29.004 11312 12496 I MediaCodec: [mId: 0] [video-debug-dec] queueInputBuffer: index: 0 pts: 1000034300000 timediff: 54
05-10 17:00:29.099 11312 12473 D MediaCodec: [0x6f4a6b04d0] setState: 7
05-10 17:00:29.099 11312 12473 I MediaCodec: [mId: 0] [video-debug-dec] setState: FLUSHING
05-10 17:00:29.103 11312 12473 D MediaCodec: [0x6f4a6b04d0] setState: 8
05-10 17:00:29.103 11312 12473 I MediaCodec: [mId: 0] [video-debug-dec] setState: FLUSHED
05-10 17:00:29.103 11312 12464 D MediaCodec: keep callback message for reclaim
05-10 17:00:29.104 11312 12473 D MediaCodec: [0x6f4a6b04d0] setState: 6
05-10 17:00:29.104 11312 12473 I MediaCodec: [mId: 0] [video-debug-dec] setState: STARTED
05-10 17:00:29.261 11312 12473 W MediaCodec: [mId: 0] [video-debug-dec] onReleaseOutputBuffer: Render time interval reaches 266ms before pts: 1000036000000
05-10 17:00:29.261 11312 12473 I MediaCodec: [mId: 0] [video-debug-dec] onReleaseOutputBuffer index 0 pts: 1000036000000 ptsdiff: 1733334 timediff: 266 render: 1
05-10 17:00:29.265 11312 12496 I MediaCodec: [mId: 0] [video-debug-dec] queueInputBuffer: index: 2 pts: 1000036033333 timediff: 44
05-10 17:00:29.275 11312 12496 I MediaCodec: [mId: 0] [video-debug-dec] queueInputBuffer: index: 3 pts: 1000036033333 timediff: 10
05-10 17:00:29.390 11312 12473 W MediaCodec: [mId: 0] [video-debug-dec] onReleaseOutputBuffer: Render time interval reaches 128ms before pts: 1000036033333
05-10 17:00:29.390 11312 12473 I MediaCodec: [mId: 0] [video-debug-dec] onReleaseOutputBuffer index 1 pts: 1000036033333 ptsdiff: 33333 timediff: 129 render: 1
05-10 17:00:29.391 11312 12496 I MediaCodec: [mId: 0] [video-debug-dec] queueInputBuffer: index: 0 pts: 1000036033333 timediff: 115
05-10 17:00:29.499 11312 12473 W MediaCodec: [mId: 0] [video-debug-dec] onReleaseOutputBuffer: Render time interval reaches 108ms before pts: 1000036033333
05-10 17:00:29.499 11312 12473 I MediaCodec: [mId: 0] [video-debug-dec] onReleaseOutputBuffer index 0 pts: 1000036033333 ptsdiff: 0 timediff: 109 render: 1
05-10 17:00:29.503 11312 12496 I MediaCodec: [mId: 0] [video-debug-dec] queueInputBuffer: index: 0 pts: 1000036066666 timediff: 55
05-10 17:00:29.520 11312 12496 I MediaCodec: [mId: 0] [video-debug-dec] queueInputBuffer: index: 1 pts: 1000036066666 timediff: 17
05-10 17:00:29.577 11312 12496 I MediaCodec: [mId: 0] [video-debug-dec] queueInputBuffer: index: 2 pts: 1000036066666 timediff: 57
05-10 17:00:29.607 11312 12473 W MediaCodec: [mId: 0] [video-debug-dec] onReleaseOutputBuffer: Render time interval reaches 108ms before pts: 1000036066666
05-10 17:00:29.607 11312 12473 I MediaCodec: [mId: 0] [video-debug-dec] onReleaseOutputBuffer index 1 pts: 1000036066666 ptsdiff: 33333 timediff: 108 render: 1
05-10 17:00:29.614 11312 12496 I MediaCodec: [mId: 0] [video-debug-dec] queueInputBuffer: index: 3 pts: 1000036066666 timediff: 37
05-10 17:00:29.617 11312 12496 I MediaCodec: [mId: 0] [video-debug-dec] queueInputBuffer: index: 0 pts: 1000036066666 timediff: 3
05-10 17:00:29.652 11312 12496 I MediaCodec: [mId: 0] [video-debug-dec] queueInputBuffer: index: 1 pts: 1000036100000 timediff: 35
05-10 17:00:29.753 11312 12473 W MediaCodec: [mId: 0] [video-debug-dec] onReleaseOutputBuffer: Render time interval reaches 146ms before pts: 1000036066666
05-10 17:00:29.756 11312 12473 I MediaCodec: [mId: 0] [video-debug-dec] onReleaseOutputBuffer index 0 pts: 1000036066666 ptsdiff: 0 timediff: 149 render: 1
05-10 17:00:29.762 11312 12496 I MediaCodec: [mId: 0] [video-debug-dec] queueInputBuffer: index: 2 pts: 1000036133333 timediff: 57
05-10 17:00:29.768 11312 12496 I MediaCodec: [mId: 0] [video-debug-dec] queueInputBuffer: index: 3 pts: 1000036133333 timediff: 6
05-10 17:00:29.776 11312 12496 I MediaCodec: [mId: 0] [video-debug-dec] queueInputBuffer: index: 0 pts: 1000036133333 timediff: 4
05-10 17:00:29.861 11312 12473 W MediaCodec: [mId: 0] [video-debug-dec] onReleaseOutputBuffer: Render time interval reaches 105ms before pts: 1000036100000
05-10 17:00:29.861 11312 12473 I MediaCodec: [mId: 0] [video-debug-dec] onReleaseOutputBuffer index 0 pts: 1000036100000 ptsdiff: 33334 timediff: 105 render: 1
05-10 17:00:29.871 11312 12496 I MediaCodec: [mId: 0] [video-debug-dec] queueInputBuffer: index: 3 pts: 1000036133333 timediff: 31
05-10 17:00:29.901 11312 12496 I MediaCodec: [mId: 0] [video-debug-dec] queueInputBuffer: index: 0 pts: 1000036133333 timediff: 30
05-10 17:00:29.955 11312 12496 I MediaCodec: [mId: 0] [video-debug-dec] queueInputBuffer: index: 1 pts: 1000036133333 timediff: 54
05-10 17:00:29.977 11312 12473 W MediaCodec: [mId: 0] [video-debug-dec] onReleaseOutputBuffer: Render time interval reaches 116ms before pts: 1000036133333
05-10 17:00:29.977 11312 12473 I MediaCodec: [mId: 0] [video-debug-dec] onReleaseOutputBuffer index 0 pts: 1000036133333 ptsdiff: 33333 timediff: 116 render: 1
05-10 17:00:29.980 11312 12496 I MediaCodec: [mId: 0] [video-debug-dec] queueInputBuffer: index: 2 pts: 1000036166666 timediff: 25
05-10 17:00:29.983 11312 12496 I MediaCodec: [mId: 0] [video-debug-dec] queueInputBuffer: index: 3 pts: 1000036166666 timediff: 3
05-10 17:00:30.048 11312 12496 I MediaCodec: [mId: 0] [video-debug-dec] queueInputBuffer: index: 0 pts: 1000036166666 timediff: 64
05-10 17:00:30.115 11312 12473 W MediaCodec: [mId: 0] [video-debug-dec] onReleaseOutputBuffer: Render time interval reaches 138ms before pts: 1000036133333
05-10 17:00:30.115 11312 12473 I MediaCodec: [mId: 0] [video-debug-dec] onReleaseOutputBuffer index 1 pts: 1000036133333 ptsdiff: 0 timediff: 138 render: 1
05-10 17:00:30.121 11312 12496 I MediaCodec: [mId: 0] [video-debug-dec] queueInputBuffer: index: 2 pts: 1000036166666 timediff: 62
05-10 17:00:30.122 11312 12496 I MediaCodec: [mId: 0] [video-debug-dec] queueInputBuffer: index: 3 pts: 1000036166666 timediff: 1
05-10 17:00:30.124 11312 12496 I MediaCodec: [mId: 0] [video-debug-dec] queueInputBuffer: index: 0 pts: 1000036166666 timediff: 2
05-10 17:00:30.218 11312 12473 W MediaCodec: [mId: 0] [video-debug-dec] onReleaseOutputBuffer: Render time interval reaches 103ms before pts: 1000036166666
05-10 17:00:30.218 11312 12473 I MediaCodec: [mId: 0] [video-debug-dec] onReleaseOutputBuffer index 0 pts: 1000036166666 ptsdiff: 33333 timediff: 103 render: 1
05-10 17:00:30.221 11312 12496 I MediaCodec: [mId: 0] [video-debug-dec] queueInputBuffer: index: 1 pts: 1000036200000 timediff: 30
05-10 17:00:30.261 11312 12496 I MediaCodec: [mId: 0] [video-debug-dec] queueInputBuffer: index: 2 pts: 1000036200000 timediff: 40
05-10 17:00:30.303 11312 12496 I MediaCodec: [mId: 0] [video-debug-dec] queueInputBuffer: index: 3 pts: 1000036200000 timediff: 42
05-10 17:00:30.370 11312 12473 W MediaCodec: [mId: 0] [video-debug-dec] onReleaseOutputBuffer: Render time interval reaches 152ms before pts: 1000036200000
05-10 17:00:30.370 11312 12473 I MediaCodec: [mId: 0] [video-debug-dec] onReleaseOutputBuffer index 0 pts: 1000036200000 ptsdiff: 33334 timediff: 152 render: 1
05-10 17:00:30.388 11312 12496 I MediaCodec: [mId: 0] [video-debug-dec] queueInputBuffer: index: 0 pts: 1000036200000 timediff: 85
05-10 17:00:30.434 11312 12496 I MediaCodec: [mId: 0] [video-debug-dec] queueInputBuffer: index: 1 pts: 1000036200000 timediff: 46
05-10 17:00:30.491 11312 12496 I MediaCodec: [mId: 0] [video-debug-dec] queueInputBuffer: index: 2 pts: 1000036233333 timediff: 57
05-10 17:00:30.519 11312 12473 W MediaCodec: [mId: 0] [video-debug-dec] onReleaseOutputBuffer: Render time interval reaches 149ms before pts: 1000036200000
05-10 17:00:30.519 11312 12473 I MediaCodec: [mId: 0] [video-debug-dec] onReleaseOutputBuffer index 0 pts: 1000036200000 ptsdiff: 0 timediff: 149 render: 1
05-10 17:00:30.526 11312 12496 I MediaCodec: [mId: 0] [video-debug-dec] queueInputBuffer: index: 3 pts: 1000036233333 timediff: 35
05-10 17:00:30.578 11312 12496 I MediaCodec: [mId: 0] [video-debug-dec] queueInputBuffer: index: 0 pts: 1000036233333 timediff: 52
05-10 17:00:30.583 11312 12496 I MediaCodec: [mId: 0] [video-debug-dec] queueInputBuffer: index: 1 pts: 1000036233333 timediff: 5
05-10 17:00:30.656 11312 12473 W MediaCodec: [mId: 0] [video-debug-dec] onReleaseOutputBuffer: Render time interval reaches 126ms before pts: 1000036200000
05-10 17:00:30.656 11312 12473 I MediaCodec: [mId: 0] [video-debug-dec] onReleaseOutputBuffer index 0 pts: 1000036200000 ptsdiff: 0 timediff: 137 render: 1
05-10 17:00:30.664 11312 12496 I MediaCodec: [mId: 0] [video-debug-dec] queueInputBuffer: index: 3 pts: 1000036233333 timediff: 60
05-10 17:00:30.690 11312 12496 I MediaCodec: [mId: 0] [video-debug-dec] queueInputBuffer: index: 0 pts: 1000036233333 timediff: 26
05-10 17:00:30.758 11312 12496 I MediaCodec: [mId: 0] [video-debug-dec] queueInputBuffer: index: 1 pts: 1000036233333 timediff: 68
05-10 17:00:30.777 11312 12473 W MediaCodec: [mId: 0] [video-debug-dec] onReleaseOutputBuffer: Render time interval reaches 120ms before pts: 1000036233333
05-10 17:00:30.777 11312 12473 I MediaCodec: [mId: 0] [video-debug-dec] onReleaseOutputBuffer index 0 pts: 1000036233333 ptsdiff: 33333 timediff: 120 render: 1
05-10 17:00:30.782 11312 12496 I MediaCodec: [mId: 0] [video-debug-dec] queueInputBuffer: index: 2 pts: 1000036266666 timediff: 23
05-10 17:00:30.799 11312 12496 I MediaCodec: [mId: 0] [video-debug-dec] queueInputBuffer: index: 3 pts: 1000036266666 timediff: 17
05-10 17:00:30.846 11312 12496 I MediaCodec: [mId: 0] [video-debug-dec] queueInputBuffer: index: 0 pts: 1000036266666 timediff: 47
05-10 17:00:30.884 11312 12473 W MediaCodec: [mId: 0] [video-debug-dec] onReleaseOutputBuffer: Render time interval reaches 106ms before pts: 1000036233333
05-10 17:00:30.884 11312 12473 I MediaCodec: [mId: 0] [video-debug-dec] onReleaseOutputBuffer index 0 pts: 1000036233333 ptsdiff: 0 timediff: 107 render: 1
05-10 17:00:30.886 11312 12496 I MediaCodec: [mId: 0] [video-debug-dec] queueInputBuffer: index: 2 pts: 1000036266666 timediff: 11
05-10 17:00:30.897 11312 12496 I MediaCodec: [mId: 0] [video-debug-dec] queueInputBuffer: index: 3 pts: 1000036266666 timediff: 11
05-10 17:00:30.934 11312 12496 I MediaCodec: [mId: 0] [video-debug-dec] queueInputBuffer: index: 0 pts: 1000036266666 timediff: 37
05-10 17:00:31.038 11312 12473 W MediaCodec: [mId: 0] [video-debug-dec] onReleaseOutputBuffer: Render time interval reaches 154ms before pts: 1000036266666
05-10 17:00:31.038 11312 12473 I MediaCodec: [mId: 0] [video-debug-dec] onReleaseOutputBuffer index 0 pts: 1000036266666 ptsdiff: 33333 timediff: 154 render: 1
05-10 17:00:31.064 11312 12496 I MediaCodec: [mId: 0] [video-debug-dec] queueInputBuffer: index: 2 pts: 1000036300000 timediff: 111
05-10 17:00:31.288 11312 12473 W MediaCodec: [mId: 0] [video-debug-dec] onReleaseOutputBuffer: Render time interval reaches 250ms before pts: 1000036266666
05-10 17:00:31.288 11312 12473 I MediaCodec: [mId: 0] [video-debug-dec] onReleaseOutputBuffer index 0 pts: 1000036266666 ptsdiff: 0 timediff: 250 render: 1
05-10 17:00:31.291 11312 12496 I MediaCodec: [mId: 0] [video-debug-dec] queueInputBuffer: index: 3 pts: 1000036300000 timediff: 226
05-10 17:00:31.374 11312 12473 D MediaCodec: [0x6f4a6b04d0] setState: 7
05-10 17:00:31.374 11312 12473 I MediaCodec: [mId: 0] [video-debug-dec] setState: FLUSHING
05-10 17:00:31.379 11312 12473 D MediaCodec: [0x6f4a6b04d0] setState: 8
05-10 17:00:31.379 11312 12473 I MediaCodec: [mId: 0] [video-debug-dec] setState: FLUSHED
05-10 17:00:31.380 11312 12464 D MediaCodec: keep callback message for reclaim
05-10 17:00:31.380 11312 12473 D MediaCodec: [0x6f4a6b04d0] setState: 6
05-10 17:00:31.380 11312 12473 I MediaCodec: [mId: 0] [video-debug-dec] setState: STARTED
05-10 17:00:31.399 11312 12496 I MediaCodec: [mId: 0] [video-debug-dec] queueInputBuffer: index: 0 pts: 1000038000000 timediff: 108
05-10 17:00:31.567 11312 12473 W MediaCodec: [mId: 0] [video-debug-dec] onReleaseOutputBuffer: Render time interval reaches 279ms before pts: 1000038000000
05-10 17:00:31.567 11312 12473 I MediaCodec: [mId: 0] [video-debug-dec] onReleaseOutputBuffer index 0 pts: 1000038000000 ptsdiff: 1733334 timediff: 279 render: 1
05-10 17:00:31.570 11312 12496 I MediaCodec: [mId: 0] [video-debug-dec] queueInputBuffer: index: 2 pts: 1000038033333 timediff: 29
05-10 17:00:31.575 11312 12496 I MediaCodec: [mId: 0] [video-debug-dec] queueInputBuffer: index: 3 pts: 1000038033333 timediff: 4
05-10 17:00:31.616 11312 12496 I MediaCodec: [mId: 0] [video-debug-dec] queueInputBuffer: index: 0 pts: 1000038033333 timediff: 41
05-10 17:00:31.704 11312 12473 W MediaCodec: [mId: 0] [video-debug-dec] onReleaseOutputBuffer: Render time interval reaches 137ms before pts: 1000038033333
05-10 17:00:31.705 11312 12473 I MediaCodec: [mId: 0] [video-debug-dec] onReleaseOutputBuffer index 0 pts: 1000038033333 ptsdiff: 33333 timediff: 138 render: 1
05-10 17:00:31.713 11312 12496 I MediaCodec: [mId: 0] [video-debug-dec] queueInputBuffer: index: 0 pts: 1000038066666 timediff: 49
05-10 17:00:31.770 11312 12496 I MediaCodec: [mId: 0] [video-debug-dec] queueInputBuffer: index: 1 pts: 1000038066666 timediff: 56
05-10 17:00:31.813 11312 12496 I MediaCodec: [mId: 0] [video-debug-dec] queueInputBuffer: index: 2 pts: 1000038066666 timediff: 43
05-10 17:00:31.855 11312 12473 W MediaCodec: [mId: 0] [video-debug-dec] onReleaseOutputBuffer: Render time interval reaches 147ms before pts: 1000038066666
05-10 17:00:31.855 11312 12473 I MediaCodec: [mId: 0] [video-debug-dec] onReleaseOutputBuffer index 0 pts: 1000038066666 ptsdiff: 33333 timediff: 147 render: 1
05-10 17:00:31.857 11312 12496 I MediaCodec: [mId: 0] [video-debug-dec] queueInputBuffer: index: 3 pts: 1000038066666 timediff: 44
05-10 17:00:31.900 11312 12496 I MediaCodec: [mId: 0] [video-debug-dec] queueInputBuffer: index: 0 pts: 1000038066666 timediff: 43
05-10 17:00:31.933 11312 12496 I MediaCodec: [mId: 0] [video-debug-dec] queueInputBuffer: index: 1 pts: 1000038100000 timediff: 33
05-10 17:00:31.966 11312 12473 W MediaCodec: [mId: 0] [video-debug-dec] onReleaseOutputBuffer: Render time interval reaches 111ms before pts: 1000038066666
05-10 17:00:31.966 11312 12473 I MediaCodec: [mId: 0] [video-debug-dec] onReleaseOutputBuffer index 0 pts: 1000038066666 ptsdiff: 0 timediff: 111 render: 1
05-10 17:00:31.971 11312 12496 I MediaCodec: [mId: 0] [video-debug-dec] queueInputBuffer: index: 2 pts: 1000038100000 timediff: 38
05-10 17:00:31.995 11312 12496 I MediaCodec: [mId: 0] [video-debug-dec] queueInputBuffer: index: 3 pts: 1000038100000 timediff: 24
05-10 17:00:32.082 11312 12473 I MediaCodec: [mId: 0] [video-debug-dec] Stats over last 5013ms:
05-10 17:00:32.082 11312 12473 I MediaCodec: [mId: 0] [video-debug-dec] ClientName: top.bienvenido.saas.i18n ComponentName: c2.android.avc.decoder
05-10 17:00:32.082 11312 12473 I MediaCodec: [mId: 0] [video-debug-dec] Qinput: 150, DQinput: 0 success out of 0 tries
05-10 17:00:32.082 11312 12473 I MediaCodec: [mId: 0] [video-debug-dec] Render: 36, Drop: 97, DQoutput: 0 success out of 0 tries
05-10 17:00:32.082 11312 12473 I MediaCodec: [mId: 0] [video-debug-dec] Avg Input Interval: 33ms, Avg Render Interval: 139ms
05-10 17:00:32.082 11312 12473 W MediaCodec: [mId: 0] [video-debug-dec] onReleaseOutputBuffer: Render time interval reaches 116ms before pts: 1000038066666
05-10 17:00:32.083 11312 12473 I MediaCodec: [mId: 0] [video-debug-dec] onReleaseOutputBuffer index 0 pts: 1000038066666 ptsdiff: 0 timediff: 116 render: 1
05-10 17:00:32.113 11312 12496 I MediaCodec: [mId: 0] [video-debug-dec] queueInputBuffer: index: 0 pts: 1000038100000 timediff: 118
05-10 17:00:32.232 11312 12473 W MediaCodec: [mId: 0] [video-debug-dec] onReleaseOutputBuffer: Render time interval reaches 150ms before pts: 1000038100000
05-10 17:00:32.232 11312 12473 I MediaCodec: [mId: 0] [video-debug-dec] onReleaseOutputBuffer index 0 pts: 1000038100000 ptsdiff: 33334 timediff: 150 render: 1
05-10 17:00:32.233 11312 12496 I MediaCodec: [mId: 0] [video-debug-dec] queueInputBuffer: index: 0 pts: 1000038133333 timediff: 61
05-10 17:00:32.268 11312 12496 I MediaCodec: [mId: 0] [video-debug-dec] queueInputBuffer: index: 1 pts: 1000038133333 timediff: 35
05-10 17:00:32.400 11312 12473 W MediaCodec: [mId: 0] [video-debug-dec] onReleaseOutputBuffer: Render time interval reaches 122ms before pts: 1000038100000
05-10 17:00:32.400 11312 12473 I MediaCodec: [mId: 0] [video-debug-dec] onReleaseOutputBuffer index 0 pts: 1000038100000 ptsdiff: 0 timediff: 168 render: 1
05-10 17:00:32.436 11312 12496 I MediaCodec: [mId: 0] [video-debug-dec] queueInputBuffer: index: 2 pts: 1000038133333 timediff: 143
05-10 17:00:32.663 11312 12473 W MediaCodec: [mId: 0] [video-debug-dec] onReleaseOutputBuffer: Render time interval reaches 263ms before pts: 1000038100000
05-10 17:00:32.663 11312 12473 I MediaCodec: [mId: 0] [video-debug-dec] onReleaseOutputBuffer index 0 pts: 1000038100000 ptsdiff: 0 timediff: 263 render: 1
05-10 17:00:32.671 11312 12496 I MediaCodec: [mId: 0] [video-debug-dec] queueInputBuffer: index: 0 pts: 1000038133333 timediff: 188
05-10 17:00:32.681 11312 12496 I MediaCodec: [mId: 0] [video-debug-dec] queueInputBuffer: index: 1 pts: 1000038133333 timediff: 10
05-10 17:00:32.702 11312 12496 I MediaCodec: [mId: 0] [video-debug-dec] queueInputBuffer: index: 2 pts: 1000038133333 timediff: 21
05-10 17:00:32.784 11312 12473 W MediaCodec: [mId: 0] [video-debug-dec] onReleaseOutputBuffer: Render time interval reaches 121ms before pts: 1000038133333
05-10 17:00:32.785 11312 12473 I MediaCodec: [mId: 0] [video-debug-dec] onReleaseOutputBuffer index 0 pts: 1000038133333 ptsdiff: 33333 timediff: 121 render: 1
05-10 17:00:32.788 11312 12496 I MediaCodec: [mId: 0] [video-debug-dec] queueInputBuffer: index: 1 pts: 1000038166666 timediff: 23
05-10 17:00:32.813 11312 12496 I MediaCodec: [mId: 0] [video-debug-dec] queueInputBuffer: index: 2 pts: 1000038166666 timediff: 24
05-10 17:00:32.835 11312 12496 I MediaCodec: [mId: 0] [video-debug-dec] queueInputBuffer: index: 3 pts: 1000038166666 timediff: 23
05-10 17:00:32.900 11312 12473 W MediaCodec: [mId: 0] [video-debug-dec] onReleaseOutputBuffer: Render time interval reaches 115ms before pts: 1000038166666
05-10 17:00:32.902 11312 12473 I MediaCodec: [mId: 0] [video-debug-dec] onReleaseOutputBuffer index 0 pts: 1000038166666 ptsdiff: 33333 timediff: 118 render: 1
05-10 17:00:32.915 11312 12496 I MediaCodec: [mId: 0] [video-debug-dec] queueInputBuffer: index: 2 pts: 1000038166666 timediff: 36
05-10 17:00:32.938 11312 12496 I MediaCodec: [mId: 0] [video-debug-dec] queueInputBuffer: index: 3 pts: 1000038200000 timediff: 22
05-10 17:00:32.961 11312 12496 I MediaCodec: [mId: 0] [video-debug-dec] queueInputBuffer: index: 0 pts: 1000038200000 timediff: 23
05-10 17:00:33.075 11312 12473 W MediaCodec: [mId: 0] [video-debug-dec] onReleaseOutputBuffer: Render time interval reaches 172ms before pts: 1000038166666
